[probe] gc=0 kind=InitialMark modbuf_objs=0 region_entries=1940 satb_nodes=0 copied=0 scanned=292 | cum modbuf=0 region=1940 satb=0 copied=0 scanned=292
[probe] gc=1 kind=Nursery modbuf_objs=0 region_entries=0 satb_nodes=0 copied=0 scanned=12 | cum modbuf=0 region=1940 satb=0 copied=0 scanned=304
[probe] gc=2 kind=FinalMark modbuf_objs=0 region_entries=0 satb_nodes=0 copied=0 scanned=0 | cum modbuf=0 region=1940 satb=0 copied=0 scanned=304
[probe] gc=3 kind=Nursery modbuf_objs=0 region_entries=0 satb_nodes=0 copied=0 scanned=0 | cum modbuf=0 region=1940 satb=0 copied=0 scanned=304
[probe] gc=4 kind=Nursery modbuf_objs=0 region_entries=0 satb_nodes=0 copied=0 scanned=6 | cum modbuf=0 region=1940 satb=0 copied=0 scanned=310
[probe] gc=5 kind=Nursery modbuf_objs=0 region_entries=0 satb_nodes=0 copied=0 scanned=2 | cum modbuf=0 region=1940 satb=0 copied=0 scanned=312
[probe] gc=6 kind=Nursery modbuf_objs=0 region_entries=0 satb_nodes=0 copied=0 scanned=2 | cum modbuf=0 region=1940 satb=0 copied=0 scanned=314
[probe] gc=7 kind=Nursery modbuf_objs=0 region_entries=0 satb_nodes=0 copied=0 scanned=20 | cum modbuf=0 region=1940 satb=0 copied=0 scanned=334
[probe] gc=8 kind=Nursery modbuf_objs=0 region_entries=0 satb_nodes=0 copied=0 scanned=2 | cum modbuf=0 region=1940 satb=0 copied=0 scanned=336
[probe] gc=9 kind=Nursery modbuf_objs=0 region_entries=0 satb_nodes=0 copied=0 scanned=20 | cum modbuf=0 region=1940 satb=0 copied=0 scanned=356
[probe] gc=10 kind=Nursery modbuf_objs=0 region_entries=0 satb_nodes=0 copied=0 scanned=2 | cum modbuf=0 region=1940 satb=0 copied=0 scanned=358
[probe] gc=11 kind=Nursery modbuf_objs=0 region_entries=0 satb_nodes=0 copied=0 scanned=20 | cum modbuf=0 region=1940 satb=0 copied=0 scanned=378
[probe] gc=12 kind=Nursery modbuf_objs=0 region_entries=0 satb_nodes=0 copied=0 scanned=20 | cum modbuf=0 region=1940 satb=0 copied=0 scanned=398
[probe] gc=13 kind=Nursery modbuf_objs=0 region_entries=0 satb_nodes=0 copied=0 scanned=17 | cum modbuf=0 region=1940 satb=0 copied=0 scanned=415
[probe] gc=14 kind=Nursery modbuf_objs=0 region_entries=0 satb_nodes=0 copied=0 scanned=21 | cum modbuf=0 region=1940 satb=0 copied=0 scanned=436
[probe] gc=15 kind=Nursery modbuf_objs=0 region_entries=0 satb_nodes=0 copied=0 scanned=17 | cum modbuf=0 region=1940 satb=0 copied=0 scanned=453
[probe] gc=16 kind=Nursery modbuf_objs=0 region_entries=0 satb_nodes=0 copied=0 scanned=8 | cum modbuf=0 region=1940 satb=0 copied=0 scanned=461
[probe] gc=17 kind=Nursery modbuf_objs=0 region_entries=0 satb_nodes=0 copied=0 scanned=12 | cum modbuf=0 region=1940 satb=0 copied=0 scanned=473
[probe] gc=18 kind=Nursery modbuf_objs=0 region_entries=0 satb_nodes=0 copied=0 scanned=10 | cum modbuf=0 region=1940 satb=0 copied=0 scanned=483
[probe] gc=19 kind=Nursery modbuf_objs=0 region_entries=0 satb_nodes=0 copied=0 scanned=13 | cum modbuf=0 region=1940 satb=0 copied=0 scanned=496
[probe] gc=20 kind=Nursery modbuf_objs=0 region_entries=0 satb_nodes=0 copied=0 scanned=11 | cum modbuf=0 region=1940 satb=0 copied=0 scanned=507
[probe] gc=21 kind=Nursery modbuf_objs=0 region_entries=0 satb_nodes=0 copied=0 scanned=13 | cum modbuf=0 region=1940 satb=0 copied=0 scanned=520
[probe] gc=22 kind=Nursery modbuf_objs=0 region_entries=0 satb_nodes=0 copied=0 scanned=5 | cum modbuf=0 region=1940 satb=0 copied=0 scanned=525
[probe] gc=23 kind=Nursery modbuf_objs=0 region_entries=0 satb_nodes=0 copied=0 scanned=2 | cum modbuf=0 region=1940 satb=0 copied=0 scanned=527
[probe] gc=24 kind=Nursery modbuf_objs=0 region_entries=0 satb_nodes=0 copied=0 scanned=5 | cum modbuf=0 region=1940 satb=0 copied=0 scanned=532
[probe] gc=25 kind=Nursery modbuf_objs=0 region_entries=0 satb_nodes=0 copied=0 scanned=2 | cum modbuf=0 region=1940 satb=0 copied=0 scanned=534
[probe] gc=26 kind=Nursery modbuf_objs=0 region_entries=0 satb_nodes=0 copied=0 scanned=5 | cum modbuf=0 region=1940 satb=0 copied=0 scanned=539
[probe] gc=27 kind=Nursery modbuf_objs=0 region_entries=0 satb_nodes=0 copied=0 scanned=2 | cum modbuf=0 region=1940 satb=0 copied=0 scanned=541
[probe] gc=28 kind=Nursery modbuf_objs=0 region_entries=0 satb_nodes=0 copied=0 scanned=17 | cum modbuf=0 region=1940 satb=0 copied=0 scanned=558
[probe] gc=29 kind=Nursery modbuf_objs=0 region_entries=0 satb_nodes=0 copied=0 scanned=20 | cum modbuf=0 region=1940 satb=0 copied=0 scanned=578
[probe] gc=30 kind=Nursery modbuf_objs=0 region_entries=0 satb_nodes=0 copied=0 scanned=17 | cum modbuf=0 region=1940 satb=0 copied=0 scanned=595
[probe] gc=31 kind=Nursery modbuf_objs=0 region_entries=0 satb_nodes=0 copied=0 scanned=21 | cum modbuf=0 region=1940 satb=0 copied=0 scanned=616
[probe] gc=32 kind=Nursery modbuf_objs=0 region_entries=0 satb_nodes=0 copied=0 scanned=17 | cum modbuf=0 region=1940 satb=0 copied=0 scanned=633
[probe] gc=33 kind=Full modbuf_objs=0 region_entries=0 satb_nodes=0 copied=0 scanned=0 | cum modbuf=0 region=1940 satb=0 copied=0 scanned=633
[probe] gc=34 kind=Nursery modbuf_objs=0 region_entries=0 satb_nodes=0 copied=0 scanned=5 | cum modbuf=0 region=1940 satb=0 copied=0 scanned=638
[probe] gc=35 kind=Nursery modbuf_objs=0 region_entries=0 satb_nodes=0 copied=0 scanned=2 | cum modbuf=0 region=1940 satb=0 copied=0 scanned=640
[probe] gc=36 kind=Nursery modbuf_objs=0 region_entries=0 satb_nodes=0 copied=0 scanned=5 | cum modbuf=0 region=1940 satb=0 copied=0 scanned=645
[probe] gc=37 kind=Nursery modbuf_objs=0 region_entries=0 satb_nodes=0 copied=0 scanned=2 | cum modbuf=0 region=1940 satb=0 copied=0 scanned=647
[probe] gc=38 kind=Nursery modbuf_objs=0 region_entries=0 satb_nodes=0 copied=0 scanned=5 | cum modbuf=0 region=1940 satb=0 copied=0 scanned=652
[probe] gc=39 kind=Nursery modbuf_objs=0 region_entries=0 satb_nodes=0 copied=0 scanned=2 | cum modbuf=0 region=1940 satb=0 copied=0 scanned=654
[probe] gc=40 kind=Nursery modbuf_objs=0 region_entries=0 satb_nodes=0 copied=0 scanned=17 | cum modbuf=0 region=1940 satb=0 copied=0 scanned=671
[probe] gc=41 kind=Nursery modbuf_objs=0 region_entries=0 satb_nodes=0 copied=0 scanned=20 | cum modbuf=0 region=1940 satb=0 copied=0 scanned=691
[probe] gc=42 kind=Nursery modbuf_objs=0 region_entries=0 satb_nodes=0 copied=0 scanned=17 | cum modbuf=0 region=1940 satb=0 copied=0 scanned=708
[probe] gc=43 kind=Nursery modbuf_objs=0 region_entries=0 satb_nodes=0 copied=0 scanned=21 | cum modbuf=0 region=1940 satb=0 copied=0 scanned=729
[probe] gc=44 kind=Nursery modbuf_objs=0 region_entries=0 satb_nodes=0 copied=0 scanned=17 | cum modbuf=0 region=1940 satb=0 copied=0 scanned=746
[probe] gc=45 kind=Nursery modbuf_objs=0 region_entries=0 satb_nodes=0 copied=0 scanned=8 | cum modbuf=0 region=1940 satb=0 copied=0 scanned=754
[probe] gc=46 kind=Nursery modbuf_objs=0 region_entries=0 satb_nodes=0 copied=0 scanned=12 | cum modbuf=0 region=1940 satb=0 copied=0 scanned=766
[probe] gc=47 kind=Nursery modbuf_objs=0 region_entries=0 satb_nodes=0 copied=0 scanned=10 | cum modbuf=0 region=1940 satb=0 copied=0 scanned=776
[probe] gc=48 kind=Nursery modbuf_objs=0 region_entries=0 satb_nodes=0 copied=0 scanned=13 | cum modbuf=0 region=1940 satb=0 copied=0 scanned=789
[probe] gc=49 kind=Nursery modbuf_objs=0 region_entries=0 satb_nodes=0 copied=0 scanned=11 | cum modbuf=0 region=1940 satb=0 copied=0 scanned=800
[probe] gc=50 kind=Nursery modbuf_objs=0 region_entries=0 satb_nodes=0 copied=0 scanned=13 | cum modbuf=0 region=1940 satb=0 copied=0 scanned=813
[probe] gc=51 kind=Nursery modbuf_objs=0 region_entries=0 satb_nodes=0 copied=0 scanned=5 | cum modbuf=0 region=1940 satb=0 copied=0 scanned=818
[probe] gc=52 kind=Nursery modbuf_objs=0 region_entries=0 satb_nodes=0 copied=0 scanned=2 | cum modbuf=0 region=1940 satb=0 copied=0 scanned=820
[probe] gc=53 kind=Nursery modbuf_objs=0 region_entries=0 satb_nodes=0 copied=0 scanned=5 | cum modbuf=0 region=1940 satb=0 copied=0 scanned=825
[probe] gc=54 kind=Nursery modbuf_objs=0 region_entries=0 satb_nodes=0 copied=0 scanned=2 | cum modbuf=0 region=1940 satb=0 copied=0 scanned=827
[probe] gc=55 kind=Nursery modbuf_objs=0 region_entries=0 satb_nodes=0 copied=0 scanned=5 | cum modbuf=0 region=1940 satb=0 copied=0 scanned=832
[probe] gc=56 kind=Nursery modbuf_objs=0 region_entries=0 satb_nodes=0 copied=0 scanned=2 | cum modbuf=0 region=1940 satb=0 copied=0 scanned=834
[probe] gc=57 kind=Nursery modbuf_objs=0 region_entries=0 satb_nodes=0 copied=0 scanned=17 | cum modbuf=0 region=1940 satb=0 copied=0 scanned=851
[probe] gc=58 kind=Nursery modbuf_objs=0 region_entries=0 satb_nodes=0 copied=0 scanned=20 | cum modbuf=0 region=1940 satb=0 copied=0 scanned=871
[probe] gc=59 kind=Nursery modbuf_objs=0 region_entries=0 satb_nodes=0 copied=0 scanned=17 | cum modbuf=0 region=1940 satb=0 copied=0 scanned=888
[probe] gc=60 kind=Nursery modbuf_objs=0 region_entries=0 satb_nodes=0 copied=0 scanned=21 | cum modbuf=0 region=1940 satb=0 copied=0 scanned=909
[probe] gc=61 kind=Nursery modbuf_objs=0 region_entries=0 satb_nodes=0 copied=0 scanned=17 | cum modbuf=0 region=1940 satb=0 copied=0 scanned=926
[probe] gc=62 kind=Nursery modbuf_objs=0 region_entries=0 satb_nodes=0 copied=0 scanned=8 | cum modbuf=0 region=1940 satb=0 copied=0 scanned=934
[probe] gc=63 kind=Nursery modbuf_objs=0 region_entries=0 satb_nodes=0 copied=0 scanned=12 | cum modbuf=0 region=1940 satb=0 copied=0 scanned=946
[probe] gc=64 kind=Nursery modbuf_objs=0 region_entries=0 satb_nodes=0 copied=0 scanned=10 | cum modbuf=0 region=1940 satb=0 copied=0 scanned=956
[probe] gc=65 kind=Nursery modbuf_objs=0 region_entries=0 satb_nodes=0 copied=0 scanned=13 | cum modbuf=0 region=1940 satb=0 copied=0 scanned=969
[probe] gc=66 kind=Full modbuf_objs=0 region_entries=0 satb_nodes=0 copied=0 scanned=0 | cum modbuf=0 region=1940 satb=0 copied=0 scanned=969
[probe] gc=67 kind=Nursery modbuf_objs=0 region_entries=0 satb_nodes=0 copied=0 scanned=8 | cum modbuf=0 region=1940 satb=0 copied=0 scanned=977
[probe] gc=68 kind=Nursery modbuf_objs=0 region_entries=0 satb_nodes=0 copied=0 scanned=2 | cum modbuf=0 region=1940 satb=0 copied=0 scanned=979
[probe] gc=69 kind=Nursery modbuf_objs=0 region_entries=0 satb_nodes=0 copied=0 scanned=20 | cum modbuf=0 region=1940 satb=0 copied=0 scanned=999
[probe] gc=70 kind=Nursery modbuf_objs=0 region_entries=0 satb_nodes=0 copied=0 scanned=0 | cum modbuf=0 region=1940 satb=0 copied=0 scanned=999
[probe] gc=71 kind=Nursery modbuf_objs=0 region_entries=0 satb_nodes=0 copied=0 scanned=19 | cum modbuf=0 region=1940 satb=0 copied=0 scanned=1018
[probe] gc=72 kind=Nursery modbuf_objs=0 region_entries=0 satb_nodes=0 copied=0 scanned=2 | cum modbuf=0 region=1940 satb=0 copied=0 scanned=1020
[probe] gc=73 kind=Nursery modbuf_objs=0 region_entries=0 satb_nodes=0 copied=0 scanned=8 | cum modbuf=0 region=1940 satb=0 copied=0 scanned=1028
[probe] gc=74 kind=Nursery modbuf_objs=0 region_entries=0 satb_nodes=0 copied=0 scanned=11 | cum modbuf=0 region=1940 satb=0 copied=0 scanned=1039
[probe] gc=75 kind=Nursery modbuf_objs=0 region_entries=0 satb_nodes=0 copied=0 scanned=17 | cum modbuf=0 region=1940 satb=0 copied=0 scanned=1056
[probe] gc=76 kind=Nursery modbuf_objs=0 region_entries=0 satb_nodes=0 copied=0 scanned=11 | cum modbuf=0 region=1940 satb=0 copied=0 scanned=1067
[probe] gc=77 kind=Nursery modbuf_objs=0 region_entries=0 satb_nodes=0 copied=0 scanned=16 | cum modbuf=0 region=1940 satb=0 copied=0 scanned=1083
[probe] gc=78 kind=Nursery modbuf_objs=0 region_entries=0 satb_nodes=0 copied=0 scanned=13 | cum modbuf=0 region=1940 satb=0 copied=0 scanned=1096
[probe] gc=79 kind=Nursery modbuf_objs=0 region_entries=0 satb_nodes=0 copied=0 scanned=3 | cum modbuf=0 region=1940 satb=0 copied=0 scanned=1099
[probe] gc=80 kind=Nursery modbuf_objs=0 region_entries=0 satb_nodes=0 copied=0 scanned=14946 | cum modbuf=0 region=1940 satb=0 copied=0 scanned=16045
[probe] gc=81 kind=Nursery modbuf_objs=0 region_entries=0 satb_nodes=0 copied=0 scanned=123307 | cum modbuf=0 region=1940 satb=0 copied=0 scanned=139352
[probe] gc=82 kind=Nursery modbuf_objs=0 region_entries=0 satb_nodes=0 copied=0 scanned=121023 | cum modbuf=0 region=1940 satb=0 copied=0 scanned=260375
[probe] gc=83 kind=Nursery modbuf_objs=0 region_entries=0 satb_nodes=0 copied=0 scanned=120666 | cum modbuf=0 region=1940 satb=0 copied=0 scanned=381041
[probe] gc=84 kind=Nursery modbuf_objs=0 region_entries=0 satb_nodes=0 copied=0 scanned=119747 | cum modbuf=0 region=1940 satb=0 copied=0 scanned=500788
[probe] gc=85 kind=Nursery modbuf_objs=0 region_entries=0 satb_nodes=0 copied=0 scanned=118577 | cum modbuf=0 region=1940 satb=0 copied=0 scanned=619365
[probe] gc=86 kind=Nursery modbuf_objs=0 region_entries=0 satb_nodes=0 copied=0 scanned=117330 | cum modbuf=0 region=1940 satb=0 copied=0 scanned=736695
[probe] gc=87 kind=Nursery modbuf_objs=0 region_entries=0 satb_nodes=0 copied=0 scanned=117273 | cum modbuf=0 region=1940 satb=0 copied=0 scanned=853968
[probe] gc=88 kind=Nursery modbuf_objs=0 region_entries=0 satb_nodes=0 copied=0 scanned=117216 | cum modbuf=0 region=1940 satb=0 copied=0 scanned=971184
[probe] gc=89 kind=Nursery modbuf_objs=0 region_entries=0 satb_nodes=0 copied=0 scanned=117145 | cum modbuf=0 region=1940 satb=0 copied=0 scanned=1088329
[probe] gc=90 kind=Nursery modbuf_objs=0 region_entries=0 satb_nodes=0 copied=0 scanned=117283 | cum modbuf=0 region=1940 satb=0 copied=0 scanned=1205612
[probe] gc=91 kind=Nursery modbuf_objs=0 region_entries=0 satb_nodes=0 copied=0 scanned=117248 | cum modbuf=0 region=1940 satb=0 copied=0 scanned=1322860
[probe] gc=92 kind=Nursery modbuf_objs=0 region_entries=0 satb_nodes=0 copied=0 scanned=117163 | cum modbuf=0 region=1940 satb=0 copied=0 scanned=1440023
[probe] gc=93 kind=Nursery modbuf_objs=0 region_entries=0 satb_nodes=0 copied=0 scanned=115717 | cum modbuf=0 region=1940 satb=0 copied=0 scanned=1555740
[probe] gc=94 kind=Nursery modbuf_objs=0 region_entries=0 satb_nodes=0 copied=0 scanned=115925 | cum modbuf=0 region=1940 satb=0 copied=0 scanned=1671665
[probe] gc=95 kind=Nursery modbuf_objs=0 region_entries=0 satb_nodes=0 copied=0 scanned=115829 | cum modbuf=0 region=1940 satb=0 copied=0 scanned=1787494
[probe] gc=96 kind=Full modbuf_objs=0 region_entries=0 satb_nodes=0 copied=0 scanned=0 | cum modbuf=0 region=1940 satb=0 copied=0 scanned=1787494
[probe] gc=97 kind=Nursery modbuf_objs=0 region_entries=0 satb_nodes=0 copied=0 scanned=115719 | cum modbuf=0 region=1940 satb=0 copied=0 scanned=1903213
[probe] gc=98 kind=Nursery modbuf_objs=0 region_entries=0 satb_nodes=0 copied=0 scanned=115745 | cum modbuf=0 region=1940 satb=0 copied=0 scanned=2018958
[probe] gc=99 kind=Nursery modbuf_objs=0 region_entries=0 satb_nodes=0 copied=0 scanned=115940 | cum modbuf=0 region=1940 satb=0 copied=0 scanned=2134898
[probe] gc=100 kind=Nursery modbuf_objs=0 region_entries=0 satb_nodes=0 copied=0 scanned=115812 | cum modbuf=0 region=1940 satb=0 copied=0 scanned=2250710
[probe] gc=101 kind=Nursery modbuf_objs=0 region_entries=0 satb_nodes=0 copied=0 scanned=115720 | cum modbuf=0 region=1940 satb=0 copied=0 scanned=2366430
[probe] gc=102 kind=Nursery modbuf_objs=0 region_entries=0 satb_nodes=0 copied=0 scanned=115718 | cum modbuf=0 region=1940 satb=0 copied=0 scanned=2482148
[probe] gc=103 kind=Nursery modbuf_objs=0 region_entries=0 satb_nodes=0 copied=0 scanned=115987 | cum modbuf=0 region=1940 satb=0 copied=0 scanned=2598135
[probe] gc=104 kind=Nursery modbuf_objs=0 region_entries=0 satb_nodes=0 copied=0 scanned=115765 | cum modbuf=0 region=1940 satb=0 copied=0 scanned=2713900
[probe] gc=105 kind=Nursery modbuf_objs=0 region_entries=0 satb_nodes=0 copied=0 scanned=115725 | cum modbuf=0 region=1940 satb=0 copied=0 scanned=2829625
[probe] gc=106 kind=Nursery modbuf_objs=0 region_entries=0 satb_nodes=0 copied=0 scanned=115758 | cum modbuf=0 region=1940 satb=0 copied=0 scanned=2945383
[probe] gc=107 kind=Nursery modbuf_objs=0 region_entries=0 satb_nodes=0 copied=0 scanned=115986 | cum modbuf=0 region=1940 satb=0 copied=0 scanned=3061369
[probe] gc=108 kind=Nursery modbuf_objs=0 region_entries=0 satb_nodes=0 copied=0 scanned=115760 | cum modbuf=0 region=1940 satb=0 copied=0 scanned=3177129
[probe] gc=109 kind=Nursery modbuf_objs=0 region_entries=0 satb_nodes=0 copied=0 scanned=115652 | cum modbuf=0 region=1940 satb=0 copied=0 scanned=3292781
[probe] gc=110 kind=Nursery modbuf_objs=0 region_entries=0 satb_nodes=0 copied=0 scanned=115843 | cum modbuf=0 region=1940 satb=0 copied=0 scanned=3408624
[probe] gc=111 kind=Nursery modbuf_objs=0 region_entries=0 satb_nodes=0 copied=0 scanned=115987 | cum modbuf=0 region=1940 satb=0 copied=0 scanned=3524611
[probe] gc=112 kind=Nursery modbuf_objs=0 region_entries=0 satb_nodes=0 copied=0 scanned=115671 | cum modbuf=0 region=1940 satb=0 copied=0 scanned=3640282
[probe] gc=113 kind=Nursery modbuf_objs=0 region_entries=0 satb_nodes=0 copied=0 scanned=115717 | cum modbuf=0 region=1940 satb=0 copied=0 scanned=3755999
[probe] gc=114 kind=Nursery modbuf_objs=0 region_entries=0 satb_nodes=0 copied=0 scanned=115868 | cum modbuf=0 region=1940 satb=0 copied=0 scanned=3871867
[probe] gc=115 kind=Nursery modbuf_objs=0 region_entries=0 satb_nodes=0 copied=0 scanned=115945 | cum modbuf=0 region=1940 satb=0 copied=0 scanned=3987812
[probe] gc=116 kind=Nursery modbuf_objs=0 region_entries=0 satb_nodes=0 copied=0 scanned=115658 | cum modbuf=0 region=1940 satb=0 copied=0 scanned=4103470
[probe] gc=117 kind=Nursery modbuf_objs=0 region_entries=0 satb_nodes=0 copied=0 scanned=115718 | cum modbuf=0 region=1940 satb=0 copied=0 scanned=4219188
[probe] gc=118 kind=Nursery modbuf_objs=0 region_entries=0 satb_nodes=0 copied=0 scanned=114931 | cum modbuf=0 region=1940 satb=0 copied=0 scanned=4334119
[probe] gc=119 kind=Nursery modbuf_objs=0 region_entries=0 satb_nodes=0 copied=0 scanned=113708 | cum modbuf=0 region=1940 satb=0 copied=0 scanned=4447827
[probe] gc=120 kind=Nursery modbuf_objs=0 region_entries=0 satb_nodes=0 copied=0 scanned=113605 | cum modbuf=0 region=1940 satb=0 copied=0 scanned=4561432
[probe] gc=121 kind=Nursery modbuf_objs=0 region_entries=0 satb_nodes=0 copied=0 scanned=113888 | cum modbuf=0 region=1940 satb=0 copied=0 scanned=4675320
[probe] gc=122 kind=Nursery modbuf_objs=0 region_entries=0 satb_nodes=0 copied=0 scanned=113568 | cum modbuf=0 region=1940 satb=0 copied=0 scanned=4788888
[probe] gc=123 kind=Nursery modbuf_objs=0 region_entries=0 satb_nodes=0 copied=0 scanned=113659 | cum modbuf=0 region=1940 satb=0 copied=0 scanned=4902547
[probe] gc=124 kind=Nursery modbuf_objs=0 region_entries=0 satb_nodes=0 copied=0 scanned=113896 | cum modbuf=0 region=1940 satb=0 copied=0 scanned=5016443
[probe] gc=125 kind=Nursery modbuf_objs=0 region_entries=0 satb_nodes=0 copied=0 scanned=113503 | cum modbuf=0 region=1940 satb=0 copied=0 scanned=5129946
[probe] gc=126 kind=Nursery modbuf_objs=0 region_entries=0 satb_nodes=0 copied=0 scanned=113797 | cum modbuf=0 region=1940 satb=0 copied=0 scanned=5243743
[probe] gc=127 kind=Nursery modbuf_objs=0 region_entries=0 satb_nodes=0 copied=0 scanned=113755 | cum modbuf=0 region=1940 satb=0 copied=0 scanned=5357498
[probe] gc=128 kind=Nursery modbuf_objs=0 region_entries=0 satb_nodes=0 copied=0 scanned=113519 | cum modbuf=0 region=1940 satb=0 copied=0 scanned=5471017
[probe] gc=129 kind=Full modbuf_objs=0 region_entries=0 satb_nodes=0 copied=0 scanned=0 | cum modbuf=0 region=1940 satb=0 copied=0 scanned=5471017
[probe] gc=130 kind=Nursery modbuf_objs=0 region_entries=0 satb_nodes=0 copied=0 scanned=113602 | cum modbuf=0 region=1940 satb=0 copied=0 scanned=5584619
[probe] gc=131 kind=Nursery modbuf_objs=0 region_entries=0 satb_nodes=0 copied=0 scanned=113760 | cum modbuf=0 region=1940 satb=0 copied=0 scanned=5698379
[probe] gc=132 kind=Nursery modbuf_objs=0 region_entries=0 satb_nodes=0 copied=0 scanned=113696 | cum modbuf=0 region=1940 satb=0 copied=0 scanned=5812075
[probe] gc=133 kind=Nursery modbuf_objs=0 region_entries=0 satb_nodes=0 copied=0 scanned=113617 | cum modbuf=0 region=1940 satb=0 copied=0 scanned=5925692
[probe] gc=134 kind=Nursery modbuf_objs=0 region_entries=0 satb_nodes=0 copied=0 scanned=113882 | cum modbuf=0 region=1940 satb=0 copied=0 scanned=6039574
[probe] gc=135 kind=Nursery modbuf_objs=0 region_entries=0 satb_nodes=0 copied=0 scanned=113254 | cum modbuf=0 region=1940 satb=0 copied=0 scanned=6152828
[probe] gc=136 kind=Nursery modbuf_objs=0 region_entries=0 satb_nodes=0 copied=0 scanned=112473 | cum modbuf=0 region=1940 satb=0 copied=0 scanned=6265301
[probe] gc=137 kind=Nursery modbuf_objs=0 region_entries=0 satb_nodes=0 copied=0 scanned=112431 | cum modbuf=0 region=1940 satb=0 copied=0 scanned=6377732
[probe] gc=138 kind=Nursery modbuf_objs=0 region_entries=0 satb_nodes=0 copied=0 scanned=112402 | cum modbuf=0 region=1940 satb=0 copied=0 scanned=6490134
[probe] gc=139 kind=Nursery modbuf_objs=0 region_entries=0 satb_nodes=0 copied=0 scanned=112458 | cum modbuf=0 region=1940 satb=0 copied=0 scanned=6602592
[probe] gc=140 kind=Nursery modbuf_objs=0 region_entries=0 satb_nodes=0 copied=0 scanned=112463 | cum modbuf=0 region=1940 satb=0 copied=0 scanned=6715055
[probe] gc=141 kind=Nursery modbuf_objs=0 region_entries=0 satb_nodes=0 copied=0 scanned=112588 | cum modbuf=0 region=1940 satb=0 copied=0 scanned=6827643
[probe] gc=142 kind=Nursery modbuf_objs=0 region_entries=0 satb_nodes=0 copied=0 scanned=112589 | cum modbuf=0 region=1940 satb=0 copied=0 scanned=6940232
[probe] gc=143 kind=Nursery modbuf_objs=0 region_entries=0 satb_nodes=0 copied=0 scanned=112414 | cum modbuf=0 region=1940 satb=0 copied=0 scanned=7052646
[probe] gc=144 kind=Nursery modbuf_objs=0 region_entries=0 satb_nodes=0 copied=0 scanned=112461 | cum modbuf=0 region=1940 satb=0 copied=0 scanned=7165107
[probe] gc=145 kind=Nursery modbuf_objs=0 region_entries=0 satb_nodes=0 copied=0 scanned=112448 | cum modbuf=0 region=1940 satb=0 copied=0 scanned=7277555
[probe] gc=146 kind=Nursery modbuf_objs=0 region_entries=0 satb_nodes=0 copied=0 scanned=112402 | cum modbuf=0 region=1940 satb=0 copied=0 scanned=7389957
[probe] gc=147 kind=Nursery modbuf_objs=0 region_entries=0 satb_nodes=0 copied=0 scanned=112497 | cum modbuf=0 region=1940 satb=0 copied=0 scanned=7502454
[probe] gc=148 kind=Nursery modbuf_objs=0 region_entries=0 satb_nodes=0 copied=0 scanned=112569 | cum modbuf=0 region=1940 satb=0 copied=0 scanned=7615023
[probe] gc=149 kind=Nursery modbuf_objs=0 region_entries=0 satb_nodes=0 copied=0 scanned=112586 | cum modbuf=0 region=1940 satb=0 copied=0 scanned=7727609
[probe] gc=150 kind=Nursery modbuf_objs=0 region_entries=0 satb_nodes=0 copied=0 scanned=112471 | cum modbuf=0 region=1940 satb=0 copied=0 scanned=7840080
[probe] gc=151 kind=Nursery modbuf_objs=0 region_entries=0 satb_nodes=0 copied=0 scanned=112389 | cum modbuf=0 region=1940 satb=0 copied=0 scanned=7952469
[probe] gc=152 kind=Nursery modbuf_objs=0 region_entries=0 satb_nodes=0 copied=0 scanned=112454 | cum modbuf=0 region=1940 satb=0 copied=0 scanned=8064923
[probe] gc=153 kind=Nursery modbuf_objs=0 region_entries=0 satb_nodes=0 copied=0 scanned=112471 | cum modbuf=0 region=1940 satb=0 copied=0 scanned=8177394
[probe] gc=154 kind=Nursery modbuf_objs=0 region_entries=0 satb_nodes=0 copied=0 scanned=112437 | cum modbuf=0 region=1940 satb=0 copied=0 scanned=8289831
[probe] gc=155 kind=Nursery modbuf_objs=0 region_entries=0 satb_nodes=0 copied=0 scanned=112587 | cum modbuf=0 region=1940 satb=0 copied=0 scanned=8402418
[probe] gc=156 kind=Nursery modbuf_objs=0 region_entries=0 satb_nodes=0 copied=0 scanned=112572 | cum modbuf=0 region=1940 satb=0 copied=0 scanned=8514990
[probe] gc=157 kind=Nursery modbuf_objs=0 region_entries=0 satb_nodes=0 copied=0 scanned=112463 | cum modbuf=0 region=1940 satb=0 copied=0 scanned=8627453
[probe] gc=158 kind=Nursery modbuf_objs=0 region_entries=0 satb_nodes=0 copied=0 scanned=112448 | cum modbuf=0 region=1940 satb=0 copied=0 scanned=8739901
[probe] gc=159 kind=Nursery modbuf_objs=0 region_entries=0 satb_nodes=0 copied=0 scanned=112375 | cum modbuf=0 region=1940 satb=0 copied=0 scanned=8852276
[probe] gc=160 kind=Nursery modbuf_objs=0 region_entries=0 satb_nodes=0 copied=0 scanned=112467 | cum modbuf=0 region=1940 satb=0 copied=0 scanned=8964743
[probe] gc=161 kind=Nursery modbuf_objs=0 region_entries=0 satb_nodes=0 copied=0 scanned=112490 | cum modbuf=0 region=1940 satb=0 copied=0 scanned=9077233
[probe] gc=162 kind=Full modbuf_objs=0 region_entries=0 satb_nodes=0 copied=0 scanned=0 | cum modbuf=0 region=1940 satb=0 copied=0 scanned=9077233
[probe] gc=163 kind=Nursery modbuf_objs=0 region_entries=0 satb_nodes=0 copied=0 scanned=112371 | cum modbuf=0 region=1940 satb=0 copied=0 scanned=9189604
[probe] gc=164 kind=Nursery modbuf_objs=0 region_entries=0 satb_nodes=0 copied=0 scanned=112453 | cum modbuf=0 region=1940 satb=0 copied=0 scanned=9302057
[probe] gc=165 kind=Nursery modbuf_objs=0 region_entries=0 satb_nodes=0 copied=0 scanned=112464 | cum modbuf=0 region=1940 satb=0 copied=0 scanned=9414521
[probe] gc=166 kind=Nursery modbuf_objs=0 region_entries=0 satb_nodes=0 copied=0 scanned=112565 | cum modbuf=0 region=1940 satb=0 copied=0 scanned=9527086
[probe] gc=167 kind=Nursery modbuf_objs=0 region_entries=0 satb_nodes=0 copied=0 scanned=112588 | cum modbuf=0 region=1940 satb=0 copied=0 scanned=9639674
[probe] gc=168 kind=Nursery modbuf_objs=0 region_entries=0 satb_nodes=0 copied=0 scanned=112461 | cum modbuf=0 region=1940 satb=0 copied=0 scanned=9752135
[probe] gc=169 kind=Nursery modbuf_objs=0 region_entries=0 satb_nodes=0 copied=0 scanned=112440 | cum modbuf=0 region=1940 satb=0 copied=0 scanned=9864575
[probe] gc=170 kind=Nursery modbuf_objs=0 region_entries=0 satb_nodes=0 copied=0 scanned=112460 | cum modbuf=0 region=1940 satb=0 copied=0 scanned=9977035
[probe] gc=171 kind=Nursery modbuf_objs=0 region_entries=0 satb_nodes=0 copied=0 scanned=112389 | cum modbuf=0 region=1940 satb=0 copied=0 scanned=10089424
[probe] gc=172 kind=Nursery modbuf_objs=0 region_entries=0 satb_nodes=0 copied=0 scanned=112471 | cum modbuf=0 region=1940 satb=0 copied=0 scanned=10201895
[probe] gc=173 kind=Nursery modbuf_objs=0 region_entries=0 satb_nodes=0 copied=0 scanned=112590 | cum modbuf=0 region=1940 satb=0 copied=0 scanned=10314485
[probe] gc=174 kind=Nursery modbuf_objs=0 region_entries=0 satb_nodes=0 copied=0 scanned=112572 | cum modbuf=0 region=1940 satb=0 copied=0 scanned=10427057
[probe] gc=175 kind=Nursery modbuf_objs=0 region_entries=0 satb_nodes=0 copied=0 scanned=112487 | cum modbuf=0 region=1940 satb=0 copied=0 scanned=10539544
[probe] gc=176 kind=Nursery modbuf_objs=0 region_entries=0 satb_nodes=0 copied=0 scanned=112417 | cum modbuf=0 region=1940 satb=0 copied=0 scanned=10651961
[probe] gc=177 kind=Nursery modbuf_objs=0 region_entries=0 satb_nodes=0 copied=0 scanned=112442 | cum modbuf=0 region=1940 satb=0 copied=0 scanned=10764403
[probe] gc=178 kind=Nursery modbuf_objs=0 region_entries=0 satb_nodes=0 copied=0 scanned=112448 | cum modbuf=0 region=1940 satb=0 copied=0 scanned=10876851
[probe] gc=179 kind=Nursery modbuf_objs=0 region_entries=0 satb_nodes=0 copied=0 scanned=112422 | cum modbuf=0 region=1940 satb=0 copied=0 scanned=10989273
[probe] gc=180 kind=Nursery modbuf_objs=0 region_entries=0 satb_nodes=0 copied=0 scanned=112589 | cum modbuf=0 region=1940 satb=0 copied=0 scanned=11101862
[probe] gc=181 kind=Nursery modbuf_objs=0 region_entries=0 satb_nodes=0 copied=0 scanned=112590 | cum modbuf=0 region=1940 satb=0 copied=0 scanned=11214452
[probe] gc=182 kind=Nursery modbuf_objs=0 region_entries=0 satb_nodes=0 copied=0 scanned=112437 | cum modbuf=0 region=1940 satb=0 copied=0 scanned=11326889
[probe] gc=183 kind=Nursery modbuf_objs=0 region_entries=0 satb_nodes=0 copied=0 scanned=112486 | cum modbuf=0 region=1940 satb=0 copied=0 scanned=11439375
[probe] gc=184 kind=Nursery modbuf_objs=0 region_entries=0 satb_nodes=0 copied=0 scanned=112419 | cum modbuf=0 region=1940 satb=0 copied=0 scanned=11551794
[probe] gc=185 kind=Nursery modbuf_objs=0 region_entries=0 satb_nodes=0 copied=0 scanned=112410 | cum modbuf=0 region=1940 satb=0 copied=0 scanned=11664204
[probe] gc=186 kind=Nursery modbuf_objs=0 region_entries=0 satb_nodes=0 copied=0 scanned=112469 | cum modbuf=0 region=1940 satb=0 copied=0 scanned=11776673
[probe] gc=187 kind=Nursery modbuf_objs=0 region_entries=0 satb_nodes=0 copied=0 scanned=112571 | cum modbuf=0 region=1940 satb=0 copied=0 scanned=11889244
[probe] gc=188 kind=Nursery modbuf_objs=0 region_entries=0 satb_nodes=0 copied=0 scanned=112586 | cum modbuf=0 region=1940 satb=0 copied=0 scanned=12001830
[probe] gc=189 kind=Nursery modbuf_objs=0 region_entries=0 satb_nodes=0 copied=0 scanned=112517 | cum modbuf=0 region=1940 satb=0 copied=0 scanned=12114347
[probe] gc=190 kind=Nursery modbuf_objs=0 region_entries=0 satb_nodes=0 copied=0 scanned=112380 | cum modbuf=0 region=1940 satb=0 copied=0 scanned=12226727
[probe] gc=191 kind=Nursery modbuf_objs=0 region_entries=0 satb_nodes=0 copied=0 scanned=112460 | cum modbuf=0 region=1940 satb=0 copied=0 scanned=12339187
[probe] gc=192 kind=Nursery modbuf_objs=0 region_entries=0 satb_nodes=0 copied=0 scanned=112441 | cum modbuf=0 region=1940 satb=0 copied=0 scanned=12451628
[probe] gc=193 kind=Nursery modbuf_objs=0 region_entries=0 satb_nodes=0 copied=0 scanned=112423 | cum modbuf=0 region=1940 satb=0 copied=0 scanned=12564051
[probe] gc=194 kind=Nursery modbuf_objs=0 region_entries=0 satb_nodes=0 copied=0 scanned=112590 | cum modbuf=0 region=1940 satb=0 copied=0 scanned=12676641
[probe] gc=195 kind=Full modbuf_objs=0 region_entries=0 satb_nodes=0 copied=0 scanned=0 | cum modbuf=0 region=1940 satb=0 copied=0 scanned=12676641
[probe] gc=196 kind=Nursery modbuf_objs=0 region_entries=0 satb_nodes=0 copied=0 scanned=112421 | cum modbuf=0 region=1940 satb=0 copied=0 scanned=12789062
[probe] gc=197 kind=Nursery modbuf_objs=0 region_entries=0 satb_nodes=0 copied=0 scanned=112429 | cum modbuf=0 region=1940 satb=0 copied=0 scanned=12901491
[probe] gc=198 kind=Nursery modbuf_objs=0 region_entries=0 satb_nodes=0 copied=0 scanned=112567 | cum modbuf=0 region=1940 satb=0 copied=0 scanned=13014058
[probe] gc=199 kind=Nursery modbuf_objs=0 region_entries=0 satb_nodes=0 copied=0 scanned=112572 | cum modbuf=0 region=1940 satb=0 copied=0 scanned=13126630
[probe] gc=200 kind=Nursery modbuf_objs=0 region_entries=0 satb_nodes=0 copied=0 scanned=112526 | cum modbuf=0 region=1940 satb=0 copied=0 scanned=13239156
[probe] gc=201 kind=Nursery modbuf_objs=0 region_entries=0 satb_nodes=0 copied=0 scanned=112448 | cum modbuf=0 region=1940 satb=0 copied=0 scanned=13351604
[probe] gc=202 kind=Nursery modbuf_objs=0 region_entries=0 satb_nodes=0 copied=0 scanned=112392 | cum modbuf=0 region=1940 satb=0 copied=0 scanned=13463996
[probe] gc=203 kind=Nursery modbuf_objs=0 region_entries=0 satb_nodes=0 copied=0 scanned=112477 | cum modbuf=0 region=1940 satb=0 copied=0 scanned=13576473
[probe] gc=204 kind=Nursery modbuf_objs=0 region_entries=0 satb_nodes=0 copied=0 scanned=112428 | cum modbuf=0 region=1940 satb=0 copied=0 scanned=13688901
[probe] gc=205 kind=Nursery modbuf_objs=0 region_entries=0 satb_nodes=0 copied=0 scanned=112539 | cum modbuf=0 region=1940 satb=0 copied=0 scanned=13801440
[probe] gc=206 kind=Nursery modbuf_objs=0 region_entries=0 satb_nodes=0 copied=0 scanned=112588 | cum modbuf=0 region=1940 satb=0 copied=0 scanned=13914028
[probe] gc=207 kind=Nursery modbuf_objs=0 region_entries=0 satb_nodes=0 copied=0 scanned=112482 | cum modbuf=0 region=1940 satb=0 copied=0 scanned=14026510
[probe] gc=208 kind=Nursery modbuf_objs=0 region_entries=0 satb_nodes=0 copied=0 scanned=112449 | cum modbuf=0 region=1940 satb=0 copied=0 scanned=14138959
[probe] gc=209 kind=Nursery modbuf_objs=0 region_entries=0 satb_nodes=0 copied=0 scanned=112490 | cum modbuf=0 region=1940 satb=0 copied=0 scanned=14251449
[probe] gc=210 kind=Nursery modbuf_objs=0 region_entries=0 satb_nodes=0 copied=0 scanned=111351 | cum modbuf=0 region=1940 satb=0 copied=0 scanned=14362800
[probe] gc=211 kind=Nursery modbuf_objs=0 region_entries=0 satb_nodes=0 copied=0 scanned=111374 | cum modbuf=0 region=1940 satb=0 copied=0 scanned=14474174
[probe] gc=212 kind=Nursery modbuf_objs=0 region_entries=0 satb_nodes=0 copied=0 scanned=111199 | cum modbuf=0 region=1940 satb=0 copied=0 scanned=14585373
[probe] gc=213 kind=Nursery modbuf_objs=0 region_entries=0 satb_nodes=0 copied=0 scanned=111205 | cum modbuf=0 region=1940 satb=0 copied=0 scanned=14696578
[probe] gc=214 kind=Nursery modbuf_objs=0 region_entries=0 satb_nodes=0 copied=0 scanned=111281 | cum modbuf=0 region=1940 satb=0 copied=0 scanned=14807859
[probe] gc=215 kind=Nursery modbuf_objs=0 region_entries=0 satb_nodes=0 copied=0 scanned=111297 | cum modbuf=0 region=1940 satb=0 copied=0 scanned=14919156
[probe] gc=216 kind=Nursery modbuf_objs=0 region_entries=0 satb_nodes=0 copied=0 scanned=111345 | cum modbuf=0 region=1940 satb=0 copied=0 scanned=15030501
[probe] gc=217 kind=Nursery modbuf_objs=0 region_entries=0 satb_nodes=0 copied=0 scanned=111320 | cum modbuf=0 region=1940 satb=0 copied=0 scanned=15141821
[probe] gc=218 kind=Nursery modbuf_objs=0 region_entries=0 satb_nodes=0 copied=0 scanned=111349 | cum modbuf=0 region=1940 satb=0 copied=0 scanned=15253170
[probe] gc=219 kind=Nursery modbuf_objs=0 region_entries=0 satb_nodes=0 copied=0 scanned=111310 | cum modbuf=0 region=1940 satb=0 copied=0 scanned=15364480
[probe] gc=220 kind=Nursery modbuf_objs=0 region_entries=0 satb_nodes=0 copied=0 scanned=111192 | cum modbuf=0 region=1940 satb=0 copied=0 scanned=15475672
[probe] gc=221 kind=Nursery modbuf_objs=0 region_entries=0 satb_nodes=0 copied=0 scanned=111209 | cum modbuf=0 region=1940 satb=0 copied=0 scanned=15586881
[probe] gc=222 kind=Nursery modbuf_objs=0 region_entries=0 satb_nodes=0 copied=0 scanned=111265 | cum modbuf=0 region=1940 satb=0 copied=0 scanned=15698146
[probe] gc=223 kind=Nursery modbuf_objs=0 region_entries=0 satb_nodes=0 copied=0 scanned=111354 | cum modbuf=0 region=1940 satb=0 copied=0 scanned=15809500
[probe] gc=224 kind=Nursery modbuf_objs=0 region_entries=0 satb_nodes=0 copied=0 scanned=111372 | cum modbuf=0 region=1940 satb=0 copied=0 scanned=15920872
[probe] gc=225 kind=Nursery modbuf_objs=0 region_entries=0 satb_nodes=0 copied=0 scanned=111292 | cum modbuf=0 region=1940 satb=0 copied=0 scanned=16032164
[probe] gc=226 kind=Nursery modbuf_objs=0 region_entries=0 satb_nodes=0 copied=0 scanned=111366 | cum modbuf=0 region=1940 satb=0 copied=0 scanned=16143530
[probe] gc=227 kind=Nursery modbuf_objs=0 region_entries=0 satb_nodes=0 copied=0 scanned=111241 | cum modbuf=0 region=1940 satb=0 copied=0 scanned=16254771
[probe] gc=228 kind=Nursery modbuf_objs=0 region_entries=0 satb_nodes=0 copied=0 scanned=111202 | cum modbuf=0 region=1940 satb=0 copied=0 scanned=16365973
[probe] gc=229 kind=Nursery modbuf_objs=0 region_entries=0 satb_nodes=0 copied=0 scanned=111225 | cum modbuf=0 region=1940 satb=0 copied=0 scanned=16477198
[probe] gc=230 kind=Nursery modbuf_objs=0 region_entries=0 satb_nodes=0 copied=0 scanned=111293 | cum modbuf=0 region=1940 satb=0 copied=0 scanned=16588491
[probe] gc=231 kind=Nursery modbuf_objs=0 region_entries=0 satb_nodes=0 copied=0 scanned=111380 | cum modbuf=0 region=1940 satb=0 copied=0 scanned=16699871
[probe] gc=232 kind=Nursery modbuf_objs=0 region_entries=0 satb_nodes=0 copied=0 scanned=111307 | cum modbuf=0 region=1940 satb=0 copied=0 scanned=16811178
[probe] gc=233 kind=Nursery modbuf_objs=0 region_entries=0 satb_nodes=0 copied=0 scanned=111351 | cum modbuf=0 region=1940 satb=0 copied=0 scanned=16922529
[probe] gc=234 kind=Nursery modbuf_objs=0 region_entries=0 satb_nodes=0 copied=0 scanned=111349 | cum modbuf=0 region=1940 satb=0 copied=0 scanned=17033878
[probe] gc=235 kind=Nursery modbuf_objs=0 region_entries=0 satb_nodes=0 copied=0 scanned=111192 | cum modbuf=0 region=1940 satb=0 copied=0 scanned=17145070
[probe] gc=236 kind=Nursery modbuf_objs=0 region_entries=0 satb_nodes=0 copied=0 scanned=111209 | cum modbuf=0 region=1940 satb=0 copied=0 scanned=17256279
[probe] gc=237 kind=Full modbuf_objs=0 region_entries=0 satb_nodes=0 copied=0 scanned=0 | cum modbuf=0 region=1940 satb=0 copied=0 scanned=17256279
[probe] gc=238 kind=Nursery modbuf_objs=0 region_entries=0 satb_nodes=0 copied=0 scanned=111371 | cum modbuf=0 region=1940 satb=0 copied=0 scanned=17367650
[probe] gc=239 kind=Nursery modbuf_objs=0 region_entries=0 satb_nodes=0 copied=0 scanned=111287 | cum modbuf=0 region=1940 satb=0 copied=0 scanned=17478937
[probe] gc=240 kind=Nursery modbuf_objs=0 region_entries=0 satb_nodes=0 copied=0 scanned=111305 | cum modbuf=0 region=1940 satb=0 copied=0 scanned=17590242
[probe] gc=241 kind=Nursery modbuf_objs=0 region_entries=0 satb_nodes=0 copied=0 scanned=111191 | cum modbuf=0 region=1940 satb=0 copied=0 scanned=17701433
[probe] gc=242 kind=Nursery modbuf_objs=0 region_entries=0 satb_nodes=0 copied=0 scanned=111207 | cum modbuf=0 region=1940 satb=0 copied=0 scanned=17812640
[probe] gc=243 kind=Nursery modbuf_objs=0 region_entries=0 satb_nodes=0 copied=0 scanned=111343 | cum modbuf=0 region=1940 satb=0 copied=0 scanned=17923983
[probe] gc=244 kind=Nursery modbuf_objs=0 region_entries=0 satb_nodes=0 copied=0 scanned=111292 | cum modbuf=0 region=1940 satb=0 copied=0 scanned=18035275
[probe] gc=245 kind=Nursery modbuf_objs=0 region_entries=0 satb_nodes=0 copied=0 scanned=111362 | cum modbuf=0 region=1940 satb=0 copied=0 scanned=18146637
[probe] gc=246 kind=Nursery modbuf_objs=0 region_entries=0 satb_nodes=0 copied=0 scanned=111293 | cum modbuf=0 region=1940 satb=0 copied=0 scanned=18257930
[probe] gc=247 kind=Nursery modbuf_objs=0 region_entries=0 satb_nodes=0 copied=0 scanned=111380 | cum modbuf=0 region=1940 satb=0 copied=0 scanned=18369310
[probe] gc=248 kind=Nursery modbuf_objs=0 region_entries=0 satb_nodes=0 copied=0 scanned=111234 | cum modbuf=0 region=1940 satb=0 copied=0 scanned=18480544
[probe] gc=249 kind=Nursery modbuf_objs=0 region_entries=0 satb_nodes=0 copied=0 scanned=111192 | cum modbuf=0 region=1940 satb=0 copied=0 scanned=18591736
[probe] gc=250 kind=Nursery modbuf_objs=0 region_entries=0 satb_nodes=0 copied=0 scanned=111241 | cum modbuf=0 region=1940 satb=0 copied=0 scanned=18702977
[probe] gc=251 kind=Nursery modbuf_objs=0 region_entries=0 satb_nodes=0 copied=0 scanned=111295 | cum modbuf=0 region=1940 satb=0 copied=0 scanned=18814272
[probe] gc=252 kind=Nursery modbuf_objs=0 region_entries=0 satb_nodes=0 copied=0 scanned=111364 | cum modbuf=0 region=1940 satb=0 copied=0 scanned=18925636
[probe] gc=253 kind=Nursery modbuf_objs=0 region_entries=0 satb_nodes=0 copied=0 scanned=111372 | cum modbuf=0 region=1940 satb=0 copied=0 scanned=19037008
[probe] gc=254 kind=Nursery modbuf_objs=0 region_entries=0 satb_nodes=0 copied=0 scanned=111298 | cum modbuf=0 region=1940 satb=0 copied=0 scanned=19148306
[probe] gc=255 kind=Nursery modbuf_objs=0 region_entries=0 satb_nodes=0 copied=0 scanned=111343 | cum modbuf=0 region=1940 satb=0 copied=0 scanned=19259649
[probe] gc=256 kind=Nursery modbuf_objs=0 region_entries=0 satb_nodes=0 copied=0 scanned=111192 | cum modbuf=0 region=1940 satb=0 copied=0 scanned=19370841
[probe] gc=257 kind=Nursery modbuf_objs=0 region_entries=0 satb_nodes=0 copied=0 scanned=111208 | cum modbuf=0 region=1940 satb=0 copied=0 scanned=19482049
[probe] gc=258 kind=Nursery modbuf_objs=0 region_entries=0 satb_nodes=0 copied=0 scanned=111292 | cum modbuf=0 region=1940 satb=0 copied=0 scanned=19593341
[probe] gc=259 kind=Nursery modbuf_objs=0 region_entries=0 satb_nodes=0 copied=0 scanned=111291 | cum modbuf=0 region=1940 satb=0 copied=0 scanned=19704632
[probe] gc=260 kind=Nursery modbuf_objs=0 region_entries=0 satb_nodes=0 copied=0 scanned=111378 | cum modbuf=0 region=1940 satb=0 copied=0 scanned=19816010
[probe] gc=261 kind=Nursery modbuf_objs=0 region_entries=0 satb_nodes=0 copied=0 scanned=111291 | cum modbuf=0 region=1940 satb=0 copied=0 scanned=19927301
[probe] gc=262 kind=Nursery modbuf_objs=0 region_entries=0 satb_nodes=0 copied=0 scanned=111352 | cum modbuf=0 region=1940 satb=0 copied=0 scanned=20038653
[probe] gc=263 kind=Nursery modbuf_objs=0 region_entries=0 satb_nodes=0 copied=0 scanned=111302 | cum modbuf=0 region=1940 satb=0 copied=0 scanned=20149955
[probe] gc=264 kind=Nursery modbuf_objs=0 region_entries=0 satb_nodes=0 copied=0 scanned=111190 | cum modbuf=0 region=1940 satb=0 copied=0 scanned=20261145
[probe] gc=265 kind=Nursery modbuf_objs=0 region_entries=0 satb_nodes=0 copied=0 scanned=111206 | cum modbuf=0 region=1940 satb=0 copied=0 scanned=20372351
[probe] gc=266 kind=Nursery modbuf_objs=0 region_entries=0 satb_nodes=0 copied=0 scanned=111278 | cum modbuf=0 region=1940 satb=0 copied=0 scanned=20483629
[probe] gc=267 kind=Nursery modbuf_objs=0 region_entries=0 satb_nodes=0 copied=0 scanned=111375 | cum modbuf=0 region=1940 satb=0 copied=0 scanned=20595004
[probe] gc=268 kind=Nursery modbuf_objs=0 region_entries=0 satb_nodes=0 copied=0 scanned=111352 | cum modbuf=0 region=1940 satb=0 copied=0 scanned=20706356
[probe] gc=269 kind=Nursery modbuf_objs=0 region_entries=0 satb_nodes=0 copied=0 scanned=111293 | cum modbuf=0 region=1940 satb=0 copied=0 scanned=20817649
[probe] gc=270 kind=Nursery modbuf_objs=0 region_entries=0 satb_nodes=0 copied=0 scanned=111376 | cum modbuf=0 region=1940 satb=0 copied=0 scanned=20929025
[probe] gc=271 kind=Nursery modbuf_objs=0 region_entries=0 satb_nodes=0 copied=0 scanned=111226 | cum modbuf=0 region=1940 satb=0 copied=0 scanned=21040251
[probe] gc=272 kind=Nursery modbuf_objs=0 region_entries=0 satb_nodes=0 copied=0 scanned=111205 | cum modbuf=0 region=1940 satb=0 copied=0 scanned=21151456
[probe] gc=273 kind=Nursery modbuf_objs=0 region_entries=0 satb_nodes=0 copied=0 scanned=111242 | cum modbuf=0 region=1940 satb=0 copied=0 scanned=21262698
[probe] gc=274 kind=Nursery modbuf_objs=0 region_entries=0 satb_nodes=0 copied=0 scanned=111290 | cum modbuf=0 region=1940 satb=0 copied=0 scanned=21373988
[probe] gc=275 kind=Nursery modbuf_objs=0 region_entries=0 satb_nodes=0 copied=0 scanned=111368 | cum modbuf=0 region=1940 satb=0 copied=0 scanned=21485356
[probe] gc=276 kind=Nursery modbuf_objs=0 region_entries=0 satb_nodes=0 copied=0 scanned=111291 | cum modbuf=0 region=1940 satb=0 copied=0 scanned=21596647
[probe] gc=277 kind=Nursery modbuf_objs=0 region_entries=0 satb_nodes=0 copied=0 scanned=111370 | cum modbuf=0 region=1940 satb=0 copied=0 scanned=21708017
[probe] gc=278 kind=Nursery modbuf_objs=0 region_entries=0 satb_nodes=0 copied=0 scanned=111351 | cum modbuf=0 region=1940 satb=0 copied=0 scanned=21819368
[probe] gc=279 kind=Nursery modbuf_objs=0 region_entries=0 satb_nodes=0 copied=0 scanned=111192 | cum modbuf=0 region=1940 satb=0 copied=0 scanned=21930560
[probe] gc=280 kind=Nursery modbuf_objs=0 region_entries=0 satb_nodes=0 copied=0 scanned=111211 | cum modbuf=0 region=1940 satb=0 copied=0 scanned=22041771
[probe] gc=281 kind=Nursery modbuf_objs=0 region_entries=0 satb_nodes=0 copied=0 scanned=111203 | cum modbuf=0 region=1940 satb=0 copied=0 scanned=22152974
[probe] gc=282 kind=Nursery modbuf_objs=0 region_entries=0 satb_nodes=0 copied=0 scanned=111379 | cum modbuf=0 region=1940 satb=0 copied=0 scanned=22264353
[probe] gc=283 kind=Nursery modbuf_objs=0 region_entries=0 satb_nodes=0 copied=0 scanned=111370 | cum modbuf=0 region=1940 satb=0 copied=0 scanned=22375723
[probe] gc=284 kind=Nursery modbuf_objs=0 region_entries=0 satb_nodes=0 copied=0 scanned=111289 | cum modbuf=0 region=1940 satb=0 copied=0 scanned=22487012
[probe] gc=285 kind=Nursery modbuf_objs=0 region_entries=0 satb_nodes=0 copied=0 scanned=111370 | cum modbuf=0 region=1940 satb=0 copied=0 scanned=22598382
[probe] gc=286 kind=Nursery modbuf_objs=0 region_entries=0 satb_nodes=0 copied=0 scanned=111277 | cum modbuf=0 region=1940 satb=0 copied=0 scanned=22709659
[probe] gc=287 kind=Nursery modbuf_objs=0 region_entries=0 satb_nodes=0 copied=0 scanned=111208 | cum modbuf=0 region=1940 satb=0 copied=0 scanned=22820867
[probe] gc=288 kind=Nursery modbuf_objs=0 region_entries=0 satb_nodes=0 copied=0 scanned=111209 | cum modbuf=0 region=1940 satb=0 copied=0 scanned=22932076
[probe] gc=289 kind=Nursery modbuf_objs=0 region_entries=0 satb_nodes=0 copied=0 scanned=111267 | cum modbuf=0 region=1940 satb=0 copied=0 scanned=23043343
[probe] gc=290 kind=Nursery modbuf_objs=0 region_entries=0 satb_nodes=0 copied=0 scanned=111364 | cum modbuf=0 region=1940 satb=0 copied=0 scanned=23154707
[probe] gc=291 kind=Full modbuf_objs=0 region_entries=0 satb_nodes=0 copied=0 scanned=0 | cum modbuf=0 region=1940 satb=0 copied=0 scanned=23154707
[probe] gc=292 kind=Nursery modbuf_objs=0 region_entries=0 satb_nodes=0 copied=0 scanned=111294 | cum modbuf=0 region=1940 satb=0 copied=0 scanned=23266001
[probe] gc=293 kind=Nursery modbuf_objs=0 region_entries=0 satb_nodes=0 copied=0 scanned=111375 | cum modbuf=0 region=1940 satb=0 copied=0 scanned=23377376
[probe] gc=294 kind=Nursery modbuf_objs=0 region_entries=0 satb_nodes=0 copied=0 scanned=111365 | cum modbuf=0 region=1940 satb=0 copied=0 scanned=23488741
[probe] gc=295 kind=Nursery modbuf_objs=0 region_entries=0 satb_nodes=0 copied=0 scanned=111217 | cum modbuf=0 region=1940 satb=0 copied=0 scanned=23599958
[probe] gc=296 kind=Nursery modbuf_objs=0 region_entries=0 satb_nodes=0 copied=0 scanned=111207 | cum modbuf=0 region=1940 satb=0 copied=0 scanned=23711165
[probe] gc=297 kind=Nursery modbuf_objs=0 region_entries=0 satb_nodes=0 copied=0 scanned=111190 | cum modbuf=0 region=1940 satb=0 copied=0 scanned=23822355
[probe] gc=298 kind=Nursery modbuf_objs=0 region_entries=0 satb_nodes=0 copied=0 scanned=111350 | cum modbuf=0 region=1940 satb=0 copied=0 scanned=23933705
[probe] gc=299 kind=Nursery modbuf_objs=0 region_entries=0 satb_nodes=0 copied=0 scanned=111373 | cum modbuf=0 region=1940 satb=0 copied=0 scanned=24045078
[probe] gc=300 kind=Nursery modbuf_objs=0 region_entries=0 satb_nodes=0 copied=0 scanned=111292 | cum modbuf=0 region=1940 satb=0 copied=0 scanned=24156370
[probe] gc=301 kind=Nursery modbuf_objs=0 region_entries=0 satb_nodes=0 copied=0 scanned=111350 | cum modbuf=0 region=1940 satb=0 copied=0 scanned=24267720
[probe] gc=302 kind=Nursery modbuf_objs=0 region_entries=0 satb_nodes=0 copied=0 scanned=111291 | cum modbuf=0 region=1940 satb=0 copied=0 scanned=24379011
[probe] gc=303 kind=Nursery modbuf_objs=0 region_entries=0 satb_nodes=0 copied=0 scanned=111253 | cum modbuf=0 region=1940 satb=0 copied=0 scanned=24490264
[probe] gc=304 kind=Nursery modbuf_objs=0 region_entries=0 satb_nodes=0 copied=0 scanned=111206 | cum modbuf=0 region=1940 satb=0 copied=0 scanned=24601470
[probe] gc=305 kind=Nursery modbuf_objs=0 region_entries=0 satb_nodes=0 copied=0 scanned=111225 | cum modbuf=0 region=1940 satb=0 copied=0 scanned=24712695
[probe] gc=306 kind=Nursery modbuf_objs=0 region_entries=0 satb_nodes=0 copied=0 scanned=111379 | cum modbuf=0 region=1940 satb=0 copied=0 scanned=24824074
[probe] gc=307 kind=Nursery modbuf_objs=0 region_entries=0 satb_nodes=0 copied=0 scanned=111289 | cum modbuf=0 region=1940 satb=0 copied=0 scanned=24935363
[probe] gc=308 kind=Nursery modbuf_objs=0 region_entries=0 satb_nodes=0 copied=0 scanned=111351 | cum modbuf=0 region=1940 satb=0 copied=0 scanned=25046714
[probe] gc=309 kind=Nursery modbuf_objs=0 region_entries=0 satb_nodes=0 copied=0 scanned=111375 | cum modbuf=0 region=1940 satb=0 copied=0 scanned=25158089
[probe] gc=310 kind=Nursery modbuf_objs=0 region_entries=0 satb_nodes=0 copied=0 scanned=111274 | cum modbuf=0 region=1940 satb=0 copied=0 scanned=25269363
[probe] gc=311 kind=Nursery modbuf_objs=0 region_entries=0 satb_nodes=0 copied=0 scanned=111207 | cum modbuf=0 region=1940 satb=0 copied=0 scanned=25380570
[probe] gc=312 kind=Nursery modbuf_objs=0 region_entries=0 satb_nodes=0 copied=0 scanned=111192 | cum modbuf=0 region=1940 satb=0 copied=0 scanned=25491762
[probe] gc=313 kind=Nursery modbuf_objs=0 region_entries=0 satb_nodes=0 copied=0 scanned=111306 | cum modbuf=0 region=1940 satb=0 copied=0 scanned=25603068
[probe] gc=314 kind=Nursery modbuf_objs=0 region_entries=0 satb_nodes=0 copied=0 scanned=111350 | cum modbuf=0 region=1940 satb=0 copied=0 scanned=25714418
[probe] gc=315 kind=Nursery modbuf_objs=0 region_entries=0 satb_nodes=0 copied=0 scanned=111289 | cum modbuf=0 region=1940 satb=0 copied=0 scanned=25825707
[probe] gc=316 kind=Nursery modbuf_objs=0 region_entries=0 satb_nodes=0 copied=0 scanned=111375 | cum modbuf=0 region=1940 satb=0 copied=0 scanned=25937082
[probe] gc=317 kind=Nursery modbuf_objs=0 region_entries=0 satb_nodes=0 copied=0 scanned=111296 | cum modbuf=0 region=1940 satb=0 copied=0 scanned=26048378
[probe] gc=318 kind=Nursery modbuf_objs=0 region_entries=0 satb_nodes=0 copied=0 scanned=111281 | cum modbuf=0 region=1940 satb=0 copied=0 scanned=26159659
[probe] gc=319 kind=Nursery modbuf_objs=0 region_entries=0 satb_nodes=0 copied=0 scanned=111210 | cum modbuf=0 region=1940 satb=0 copied=0 scanned=26270869
[probe] gc=320 kind=Nursery modbuf_objs=0 region_entries=0 satb_nodes=0 copied=0 scanned=111191 | cum modbuf=0 region=1940 satb=0 copied=0 scanned=26382060
[probe] gc=321 kind=Nursery modbuf_objs=0 region_entries=0 satb_nodes=0 copied=0 scanned=111354 | cum modbuf=0 region=1940 satb=0 copied=0 scanned=26493414
[probe] gc=322 kind=Nursery modbuf_objs=0 region_entries=0 satb_nodes=0 copied=0 scanned=111291 | cum modbuf=0 region=1940 satb=0 copied=0 scanned=26604705
[probe] gc=323 kind=Nursery modbuf_objs=0 region_entries=0 satb_nodes=0 copied=0 scanned=111372 | cum modbuf=0 region=1940 satb=0 copied=0 scanned=26716077
[probe] gc=324 kind=Nursery modbuf_objs=0 region_entries=0 satb_nodes=0 copied=0 scanned=111364 | cum modbuf=0 region=1940 satb=0 copied=0 scanned=26827441
[probe] gc=325 kind=Nursery modbuf_objs=0 region_entries=0 satb_nodes=0 copied=0 scanned=111294 | cum modbuf=0 region=1940 satb=0 copied=0 scanned=26938735
[probe] gc=326 kind=Nursery modbuf_objs=0 region_entries=0 satb_nodes=0 copied=0 scanned=111231 | cum modbuf=0 region=1940 satb=0 copied=0 scanned=27049966
[probe] gc=327 kind=Nursery modbuf_objs=0 region_entries=0 satb_nodes=0 copied=0 scanned=111193 | cum modbuf=0 region=1940 satb=0 copied=0 scanned=27161159
[probe] gc=328 kind=Nursery modbuf_objs=0 region_entries=0 satb_nodes=0 copied=0 scanned=111249 | cum modbuf=0 region=1940 satb=0 copied=0 scanned=27272408
[probe] gc=329 kind=Nursery modbuf_objs=0 region_entries=0 satb_nodes=0 copied=0 scanned=111375 | cum modbuf=0 region=1940 satb=0 copied=0 scanned=27383783
[probe] gc=330 kind=Nursery modbuf_objs=0 region_entries=0 satb_nodes=0 copied=0 scanned=111294 | cum modbuf=0 region=1940 satb=0 copied=0 scanned=27495077
[probe] gc=331 kind=Nursery modbuf_objs=0 region_entries=0 satb_nodes=0 copied=0 scanned=111359 | cum modbuf=0 region=1940 satb=0 copied=0 scanned=27606436
[probe] gc=332 kind=Nursery modbuf_objs=0 region_entries=0 satb_nodes=0 copied=0 scanned=111292 | cum modbuf=0 region=1940 satb=0 copied=0 scanned=27717728
[probe] gc=333 kind=Nursery modbuf_objs=0 region_entries=0 satb_nodes=0 copied=0 scanned=111332 | cum modbuf=0 region=1940 satb=0 copied=0 scanned=27829060
[probe] gc=334 kind=Nursery modbuf_objs=0 region_entries=0 satb_nodes=0 copied=0 scanned=111208 | cum modbuf=0 region=1940 satb=0 copied=0 scanned=27940268
[probe] gc=335 kind=Nursery modbuf_objs=0 region_entries=0 satb_nodes=0 copied=0 scanned=111191 | cum modbuf=0 region=1940 satb=0 copied=0 scanned=28051459
[probe] gc=336 kind=Nursery modbuf_objs=0 region_entries=0 satb_nodes=0 copied=0 scanned=111309 | cum modbuf=0 region=1940 satb=0 copied=0 scanned=28162768
[probe] gc=337 kind=Nursery modbuf_objs=0 region_entries=0 satb_nodes=0 copied=0 scanned=111293 | cum modbuf=0 region=1940 satb=0 copied=0 scanned=28274061
[probe] gc=338 kind=Nursery modbuf_objs=0 region_entries=0 satb_nodes=0 copied=0 scanned=111370 | cum modbuf=0 region=1940 satb=0 copied=0 scanned=28385431
[probe] gc=339 kind=Nursery modbuf_objs=0 region_entries=0 satb_nodes=0 copied=0 scanned=111375 | cum modbuf=0 region=1940 satb=0 copied=0 scanned=28496806
[probe] gc=340 kind=Nursery modbuf_objs=0 region_entries=0 satb_nodes=0 copied=0 scanned=111281 | cum modbuf=0 region=1940 satb=0 copied=0 scanned=28608087
[probe] gc=341 kind=Nursery modbuf_objs=0 region_entries=0 satb_nodes=0 copied=0 scanned=111278 | cum modbuf=0 region=1940 satb=0 copied=0 scanned=28719365
[probe] gc=342 kind=Nursery modbuf_objs=0 region_entries=0 satb_nodes=0 copied=0 scanned=111193 | cum modbuf=0 region=1940 satb=0 copied=0 scanned=28830558
[probe] gc=343 kind=Nursery modbuf_objs=0 region_entries=0 satb_nodes=0 copied=0 scanned=111208 | cum modbuf=0 region=1940 satb=0 copied=0 scanned=28941766
[probe] gc=344 kind=Nursery modbuf_objs=0 region_entries=0 satb_nodes=0 copied=0 scanned=111370 | cum modbuf=0 region=1940 satb=0 copied=0 scanned=29053136
[probe] gc=345 kind=Nursery modbuf_objs=0 region_entries=0 satb_nodes=0 copied=0 scanned=111295 | cum modbuf=0 region=1940 satb=0 copied=0 scanned=29164431
[probe] gc=346 kind=Nursery modbuf_objs=0 region_entries=0 satb_nodes=0 copied=0 scanned=111356 | cum modbuf=0 region=1940 satb=0 copied=0 scanned=29275787
[probe] gc=347 kind=Nursery modbuf_objs=0 region_entries=0 satb_nodes=0 copied=0 scanned=111286 | cum modbuf=0 region=1940 satb=0 copied=0 scanned=29387073
[probe] gc=348 kind=Nursery modbuf_objs=0 region_entries=0 satb_nodes=0 copied=0 scanned=111372 | cum modbuf=0 region=1940 satb=0 copied=0 scanned=29498445
[probe] gc=349 kind=Nursery modbuf_objs=0 region_entries=0 satb_nodes=0 copied=0 scanned=111230 | cum modbuf=0 region=1940 satb=0 copied=0 scanned=29609675
[probe] gc=350 kind=Nursery modbuf_objs=0 region_entries=0 satb_nodes=0 copied=0 scanned=111193 | cum modbuf=0 region=1940 satb=0 copied=0 scanned=29720868
[probe] gc=351 kind=Nursery modbuf_objs=0 region_entries=0 satb_nodes=0 copied=0 scanned=111264 | cum modbuf=0 region=1940 satb=0 copied=0 scanned=29832132
[probe] gc=352 kind=Nursery modbuf_objs=0 region_entries=0 satb_nodes=0 copied=0 scanned=111291 | cum modbuf=0 region=1940 satb=0 copied=0 scanned=29943423
[probe] gc=353 kind=Nursery modbuf_objs=0 region_entries=0 satb_nodes=0 copied=0 scanned=111348 | cum modbuf=0 region=1940 satb=0 copied=0 scanned=30054771
[probe] gc=354 kind=Nursery modbuf_objs=0 region_entries=0 satb_nodes=0 copied=0 scanned=111379 | cum modbuf=0 region=1940 satb=0 copied=0 scanned=30166150
[probe] gc=355 kind=Nursery modbuf_objs=0 region_entries=0 satb_nodes=0 copied=0 scanned=111292 | cum modbuf=0 region=1940 satb=0 copied=0 scanned=30277442
[probe] gc=356 kind=Nursery modbuf_objs=0 region_entries=0 satb_nodes=0 copied=0 scanned=111330 | cum modbuf=0 region=1940 satb=0 copied=0 scanned=30388772
[probe] gc=357 kind=Nursery modbuf_objs=0 region_entries=0 satb_nodes=0 copied=0 scanned=111190 | cum modbuf=0 region=1940 satb=0 copied=0 scanned=30499962
[probe] gc=358 kind=Nursery modbuf_objs=0 region_entries=0 satb_nodes=0 copied=0 scanned=111208 | cum modbuf=0 region=1940 satb=0 copied=0 scanned=30611170
[probe] gc=359 kind=Nursery modbuf_objs=0 region_entries=0 satb_nodes=0 copied=0 scanned=111305 | cum modbuf=0 region=1940 satb=0 copied=0 scanned=30722475
[probe] gc=360 kind=Nursery modbuf_objs=0 region_entries=0 satb_nodes=0 copied=0 scanned=111292 | cum modbuf=0 region=1940 satb=0 copied=0 scanned=30833767
[probe] gc=361 kind=Full modbuf_objs=0 region_entries=0 satb_nodes=0 copied=0 scanned=0 | cum modbuf=0 region=1940 satb=0 copied=0 scanned=30833767
[probe] gc=362 kind=Nursery modbuf_objs=0 region_entries=0 satb_nodes=0 copied=0 scanned=111372 | cum modbuf=0 region=1940 satb=0 copied=0 scanned=30945139
[probe] gc=363 kind=Nursery modbuf_objs=0 region_entries=0 satb_nodes=0 copied=0 scanned=111297 | cum modbuf=0 region=1940 satb=0 copied=0 scanned=31056436
[probe] gc=364 kind=Nursery modbuf_objs=0 region_entries=0 satb_nodes=0 copied=0 scanned=111361 | cum modbuf=0 region=1940 satb=0 copied=0 scanned=31167797
[probe] gc=365 kind=Nursery modbuf_objs=0 region_entries=0 satb_nodes=0 copied=0 scanned=111280 | cum modbuf=0 region=1940 satb=0 copied=0 scanned=31279077
[probe] gc=366 kind=Nursery modbuf_objs=0 region_entries=0 satb_nodes=0 copied=0 scanned=111189 | cum modbuf=0 region=1940 satb=0 copied=0 scanned=31390266
[probe] gc=367 kind=Nursery modbuf_objs=0 region_entries=0 satb_nodes=0 copied=0 scanned=111206 | cum modbuf=0 region=1940 satb=0 copied=0 scanned=31501472
[probe] gc=368 kind=Nursery modbuf_objs=0 region_entries=0 satb_nodes=0 copied=0 scanned=111288 | cum modbuf=0 region=1940 satb=0 copied=0 scanned=31612760
[probe] gc=369 kind=Nursery modbuf_objs=0 region_entries=0 satb_nodes=0 copied=0 scanned=111378 | cum modbuf=0 region=1940 satb=0 copied=0 scanned=31724138
[probe] gc=370 kind=Nursery modbuf_objs=0 region_entries=0 satb_nodes=0 copied=0 scanned=111365 | cum modbuf=0 region=1940 satb=0 copied=0 scanned=31835503
[probe] gc=371 kind=Nursery modbuf_objs=0 region_entries=0 satb_nodes=0 copied=0 scanned=111293 | cum modbuf=0 region=1940 satb=0 copied=0 scanned=31946796
[probe] gc=372 kind=Nursery modbuf_objs=0 region_entries=0 satb_nodes=0 copied=0 scanned=111371 | cum modbuf=0 region=1940 satb=0 copied=0 scanned=32058167
[probe] gc=373 kind=Nursery modbuf_objs=0 region_entries=0 satb_nodes=0 copied=0 scanned=111194 | cum modbuf=0 region=1940 satb=0 copied=0 scanned=32169361
[probe] gc=374 kind=Nursery modbuf_objs=0 region_entries=0 satb_nodes=0 copied=0 scanned=111208 | cum modbuf=0 region=1940 satb=0 copied=0 scanned=32280569
[probe] gc=375 kind=Nursery modbuf_objs=0 region_entries=0 satb_nodes=0 copied=0 scanned=111270 | cum modbuf=0 region=1940 satb=0 copied=0 scanned=32391839
[probe] gc=376 kind=Nursery modbuf_objs=0 region_entries=0 satb_nodes=0 copied=0 scanned=111296 | cum modbuf=0 region=1940 satb=0 copied=0 scanned=32503135
[probe] gc=377 kind=Nursery modbuf_objs=0 region_entries=0 satb_nodes=0 copied=0 scanned=111357 | cum modbuf=0 region=1940 satb=0 copied=0 scanned=32614492
[probe] gc=378 kind=Nursery modbuf_objs=0 region_entries=0 satb_nodes=0 copied=0 scanned=111297 | cum modbuf=0 region=1940 satb=0 copied=0 scanned=32725789
[probe] gc=379 kind=Nursery modbuf_objs=0 region_entries=0 satb_nodes=0 copied=0 scanned=111371 | cum modbuf=0 region=1940 satb=0 copied=0 scanned=32837160
[probe] gc=380 kind=Nursery modbuf_objs=0 region_entries=0 satb_nodes=0 copied=0 scanned=111312 | cum modbuf=0 region=1940 satb=0 copied=0 scanned=32948472
[probe] gc=381 kind=Nursery modbuf_objs=0 region_entries=0 satb_nodes=0 copied=0 scanned=111188 | cum modbuf=0 region=1940 satb=0 copied=0 scanned=33059660
[probe] gc=382 kind=Nursery modbuf_objs=0 region_entries=0 satb_nodes=0 copied=0 scanned=111208 | cum modbuf=0 region=1940 satb=0 copied=0 scanned=33170868
[probe] gc=383 kind=Nursery modbuf_objs=0 region_entries=0 satb_nodes=0 copied=0 scanned=111250 | cum modbuf=0 region=1940 satb=0 copied=0 scanned=33282118
[probe] gc=384 kind=Nursery modbuf_objs=0 region_entries=0 satb_nodes=0 copied=0 scanned=111373 | cum modbuf=0 region=1940 satb=0 copied=0 scanned=33393491
[probe] gc=385 kind=Nursery modbuf_objs=0 region_entries=0 satb_nodes=0 copied=0 scanned=111376 | cum modbuf=0 region=1940 satb=0 copied=0 scanned=33504867
[probe] gc=386 kind=Nursery modbuf_objs=0 region_entries=0 satb_nodes=0 copied=0 scanned=111287 | cum modbuf=0 region=1940 satb=0 copied=0 scanned=33616154
[probe] gc=387 kind=Nursery modbuf_objs=0 region_entries=0 satb_nodes=0 copied=0 scanned=111352 | cum modbuf=0 region=1940 satb=0 copied=0 scanned=33727506
[probe] gc=388 kind=Nursery modbuf_objs=0 region_entries=0 satb_nodes=0 copied=0 scanned=111256 | cum modbuf=0 region=1940 satb=0 copied=0 scanned=33838762
[probe] gc=389 kind=Nursery modbuf_objs=0 region_entries=0 satb_nodes=0 copied=0 scanned=111211 | cum modbuf=0 region=1940 satb=0 copied=0 scanned=33949973
[probe] gc=390 kind=Nursery modbuf_objs=0 region_entries=0 satb_nodes=0 copied=0 scanned=111221 | cum modbuf=0 region=1940 satb=0 copied=0 scanned=34061194
[probe] gc=391 kind=Nursery modbuf_objs=0 region_entries=0 satb_nodes=0 copied=0 scanned=111291 | cum modbuf=0 region=1940 satb=0 copied=0 scanned=34172485
[probe] gc=392 kind=Nursery modbuf_objs=0 region_entries=0 satb_nodes=0 copied=0 scanned=111361 | cum modbuf=0 region=1940 satb=0 copied=0 scanned=34283846
[probe] gc=393 kind=Nursery modbuf_objs=0 region_entries=0 satb_nodes=0 copied=0 scanned=111290 | cum modbuf=0 region=1940 satb=0 copied=0 scanned=34395136
[probe] gc=394 kind=Nursery modbuf_objs=0 region_entries=0 satb_nodes=0 copied=0 scanned=111370 | cum modbuf=0 region=1940 satb=0 copied=0 scanned=34506506
[probe] gc=395 kind=Nursery modbuf_objs=0 region_entries=0 satb_nodes=0 copied=0 scanned=111373 | cum modbuf=0 region=1940 satb=0 copied=0 scanned=34617879
[probe] gc=396 kind=Nursery modbuf_objs=0 region_entries=0 satb_nodes=0 copied=0 scanned=111192 | cum modbuf=0 region=1940 satb=0 copied=0 scanned=34729071
[probe] gc=397 kind=Nursery modbuf_objs=0 region_entries=0 satb_nodes=0 copied=0 scanned=111208 | cum modbuf=0 region=1940 satb=0 copied=0 scanned=34840279
[probe] gc=398 kind=Nursery modbuf_objs=0 region_entries=0 satb_nodes=0 copied=0 scanned=111210 | cum modbuf=0 region=1940 satb=0 copied=0 scanned=34951489
[probe] gc=399 kind=Nursery modbuf_objs=0 region_entries=0 satb_nodes=0 copied=0 scanned=111344 | cum modbuf=0 region=1940 satb=0 copied=0 scanned=35062833
[probe] gc=400 kind=Nursery modbuf_objs=0 region_entries=0 satb_nodes=0 copied=0 scanned=111377 | cum modbuf=0 region=1940 satb=0 copied=0 scanned=35174210
[probe] gc=401 kind=Nursery modbuf_objs=0 region_entries=0 satb_nodes=0 copied=0 scanned=111292 | cum modbuf=0 region=1940 satb=0 copied=0 scanned=35285502
[probe] gc=402 kind=Nursery modbuf_objs=0 region_entries=0 satb_nodes=0 copied=0 scanned=111377 | cum modbuf=0 region=1940 satb=0 copied=0 scanned=35396879
[probe] gc=403 kind=Nursery modbuf_objs=0 region_entries=0 satb_nodes=0 copied=0 scanned=111282 | cum modbuf=0 region=1940 satb=0 copied=0 scanned=35508161
[probe] gc=404 kind=Nursery modbuf_objs=0 region_entries=0 satb_nodes=0 copied=0 scanned=111214 | cum modbuf=0 region=1940 satb=0 copied=0 scanned=35619375
[probe] gc=405 kind=Nursery modbuf_objs=0 region_entries=0 satb_nodes=0 copied=0 scanned=111209 | cum modbuf=0 region=1940 satb=0 copied=0 scanned=35730584
[probe] gc=406 kind=Nursery modbuf_objs=0 region_entries=0 satb_nodes=0 copied=0 scanned=111250 | cum modbuf=0 region=1940 satb=0 copied=0 scanned=35841834
[probe] gc=407 kind=Nursery modbuf_objs=0 region_entries=0 satb_nodes=0 copied=0 scanned=111372 | cum modbuf=0 region=1940 satb=0 copied=0 scanned=35953206
[probe] gc=408 kind=Nursery modbuf_objs=0 region_entries=0 satb_nodes=0 copied=0 scanned=111292 | cum modbuf=0 region=1940 satb=0 copied=0 scanned=36064498
[probe] gc=409 kind=Nursery modbuf_objs=0 region_entries=0 satb_nodes=0 copied=0 scanned=111366 | cum modbuf=0 region=1940 satb=0 copied=0 scanned=36175864
[probe] gc=410 kind=Nursery modbuf_objs=0 region_entries=0 satb_nodes=0 copied=0 scanned=111371 | cum modbuf=0 region=1940 satb=0 copied=0 scanned=36287235
[probe] gc=411 kind=Nursery modbuf_objs=0 region_entries=0 satb_nodes=0 copied=0 scanned=111239 | cum modbuf=0 region=1940 satb=0 copied=0 scanned=36398474
[probe] gc=412 kind=Nursery modbuf_objs=0 region_entries=0 satb_nodes=0 copied=0 scanned=111204 | cum modbuf=0 region=1940 satb=0 copied=0 scanned=36509678
[probe] gc=413 kind=Nursery modbuf_objs=0 region_entries=0 satb_nodes=0 copied=0 scanned=111188 | cum modbuf=0 region=1940 satb=0 copied=0 scanned=36620866
[probe] gc=414 kind=Nursery modbuf_objs=0 region_entries=0 satb_nodes=0 copied=0 scanned=111337 | cum modbuf=0 region=1940 satb=0 copied=0 scanned=36732203
[probe] gc=415 kind=Nursery modbuf_objs=0 region_entries=0 satb_nodes=0 copied=0 scanned=111363 | cum modbuf=0 region=1940 satb=0 copied=0 scanned=36843566
[probe] gc=416 kind=Nursery modbuf_objs=0 region_entries=0 satb_nodes=0 copied=0 scanned=111296 | cum modbuf=0 region=1940 satb=0 copied=0 scanned=36954862
[probe] gc=417 kind=Nursery modbuf_objs=0 region_entries=0 satb_nodes=0 copied=0 scanned=111372 | cum modbuf=0 region=1940 satb=0 copied=0 scanned=37066234
[probe] gc=418 kind=Nursery modbuf_objs=0 region_entries=0 satb_nodes=0 copied=0 scanned=111293 | cum modbuf=0 region=1940 satb=0 copied=0 scanned=37177527
[probe] gc=419 kind=Nursery modbuf_objs=0 region_entries=0 satb_nodes=0 copied=0 scanned=111247 | cum modbuf=0 region=1940 satb=0 copied=0 scanned=37288774
[probe] gc=420 kind=Nursery modbuf_objs=0 region_entries=0 satb_nodes=0 copied=0 scanned=111208 | cum modbuf=0 region=1940 satb=0 copied=0 scanned=37399982
[probe] gc=421 kind=Nursery modbuf_objs=0 region_entries=0 satb_nodes=0 copied=0 scanned=111218 | cum modbuf=0 region=1940 satb=0 copied=0 scanned=37511200
[probe] gc=422 kind=Nursery modbuf_objs=0 region_entries=0 satb_nodes=0 copied=0 scanned=111361 | cum modbuf=0 region=1940 satb=0 copied=0 scanned=37622561
[probe] gc=423 kind=Nursery modbuf_objs=0 region_entries=0 satb_nodes=0 copied=0 scanned=111297 | cum modbuf=0 region=1940 satb=0 copied=0 scanned=37733858
[probe] gc=424 kind=Nursery modbuf_objs=0 region_entries=0 satb_nodes=0 copied=0 scanned=111370 | cum modbuf=0 region=1940 satb=0 copied=0 scanned=37845228
[probe] gc=425 kind=Nursery modbuf_objs=0 region_entries=0 satb_nodes=0 copied=0 scanned=111349 | cum modbuf=0 region=1940 satb=0 copied=0 scanned=37956577
[probe] gc=426 kind=Nursery modbuf_objs=0 region_entries=0 satb_nodes=0 copied=0 scanned=111292 | cum modbuf=0 region=1940 satb=0 copied=0 scanned=38067869
[probe] gc=427 kind=Nursery modbuf_objs=0 region_entries=0 satb_nodes=0 copied=0 scanned=111213 | cum modbuf=0 region=1940 satb=0 copied=0 scanned=38179082
[probe] gc=428 kind=Nursery modbuf_objs=0 region_entries=0 satb_nodes=0 copied=0 scanned=111191 | cum modbuf=0 region=1940 satb=0 copied=0 scanned=38290273
[probe] gc=429 kind=Nursery modbuf_objs=0 region_entries=0 satb_nodes=0 copied=0 scanned=111288 | cum modbuf=0 region=1940 satb=0 copied=0 scanned=38401561
[probe] gc=430 kind=Nursery modbuf_objs=0 region_entries=0 satb_nodes=0 copied=0 scanned=111371 | cum modbuf=0 region=1940 satb=0 copied=0 scanned=38512932
[probe] gc=431 kind=Nursery modbuf_objs=0 region_entries=0 satb_nodes=0 copied=0 scanned=111297 | cum modbuf=0 region=1940 satb=0 copied=0 scanned=38624229
[probe] gc=432 kind=Nursery modbuf_objs=0 region_entries=0 satb_nodes=0 copied=0 scanned=111345 | cum modbuf=0 region=1940 satb=0 copied=0 scanned=38735574
[probe] gc=433 kind=Nursery modbuf_objs=0 region_entries=0 satb_nodes=0 copied=0 scanned=111295 | cum modbuf=0 region=1940 satb=0 copied=0 scanned=38846869
[probe] gc=434 kind=Nursery modbuf_objs=0 region_entries=0 satb_nodes=0 copied=0 scanned=111311 | cum modbuf=0 region=1940 satb=0 copied=0 scanned=38958180
[probe] gc=435 kind=Nursery modbuf_objs=0 region_entries=0 satb_nodes=0 copied=0 scanned=111209 | cum modbuf=0 region=1940 satb=0 copied=0 scanned=39069389
[probe] gc=436 kind=Nursery modbuf_objs=0 region_entries=0 satb_nodes=0 copied=0 scanned=111191 | cum modbuf=0 region=1940 satb=0 copied=0 scanned=39180580
[probe] gc=437 kind=Nursery modbuf_objs=0 region_entries=0 satb_nodes=0 copied=0 scanned=111338 | cum modbuf=0 region=1940 satb=0 copied=0 scanned=39291918
[probe] gc=438 kind=Nursery modbuf_objs=0 region_entries=0 satb_nodes=0 copied=0 scanned=111294 | cum modbuf=0 region=1940 satb=0 copied=0 scanned=39403212
[probe] gc=439 kind=Nursery modbuf_objs=0 region_entries=0 satb_nodes=0 copied=0 scanned=111359 | cum modbuf=0 region=1940 satb=0 copied=0 scanned=39514571
[probe] gc=440 kind=Nursery modbuf_objs=0 region_entries=0 satb_nodes=0 copied=0 scanned=111378 | cum modbuf=0 region=1940 satb=0 copied=0 scanned=39625949
[probe] gc=441 kind=Nursery modbuf_objs=0 region_entries=0 satb_nodes=0 copied=0 scanned=111291 | cum modbuf=0 region=1940 satb=0 copied=0 scanned=39737240
[probe] gc=442 kind=Nursery modbuf_objs=0 region_entries=0 satb_nodes=0 copied=0 scanned=111249 | cum modbuf=0 region=1940 satb=0 copied=0 scanned=39848489
[probe] gc=443 kind=Nursery modbuf_objs=0 region_entries=0 satb_nodes=0 copied=0 scanned=111194 | cum modbuf=0 region=1940 satb=0 copied=0 scanned=39959683
[probe] gc=444 kind=Nursery modbuf_objs=0 region_entries=0 satb_nodes=0 copied=0 scanned=111222 | cum modbuf=0 region=1940 satb=0 copied=0 scanned=40070905
[probe] gc=445 kind=Nursery modbuf_objs=0 region_entries=0 satb_nodes=0 copied=0 scanned=111371 | cum modbuf=0 region=1940 satb=0 copied=0 scanned=40182276
[probe] gc=446 kind=Nursery modbuf_objs=0 region_entries=0 satb_nodes=0 copied=0 scanned=111292 | cum modbuf=0 region=1940 satb=0 copied=0 scanned=40293568
[probe] gc=447 kind=Nursery modbuf_objs=0 region_entries=0 satb_nodes=0 copied=0 scanned=111379 | cum modbuf=0 region=1940 satb=0 copied=0 scanned=40404947
[probe] gc=448 kind=Nursery modbuf_objs=0 region_entries=0 satb_nodes=0 copied=0 scanned=111290 | cum modbuf=0 region=1940 satb=0 copied=0 scanned=40516237
[probe] gc=449 kind=Nursery modbuf_objs=0 region_entries=0 satb_nodes=0 copied=0 scanned=111359 | cum modbuf=0 region=1940 satb=0 copied=0 scanned=40627596
[probe] gc=450 kind=Nursery modbuf_objs=0 region_entries=0 satb_nodes=0 copied=0 scanned=111209 | cum modbuf=0 region=1940 satb=0 copied=0 scanned=40738805
[probe] gc=451 kind=Full modbuf_objs=0 region_entries=0 satb_nodes=0 copied=0 scanned=0 | cum modbuf=0 region=1940 satb=0 copied=0 scanned=40738805
[probe] gc=452 kind=Nursery modbuf_objs=0 region_entries=0 satb_nodes=0 copied=0 scanned=111292 | cum modbuf=0 region=1940 satb=0 copied=0 scanned=40850097
[probe] gc=453 kind=Nursery modbuf_objs=0 region_entries=0 satb_nodes=0 copied=0 scanned=111375 | cum modbuf=0 region=1940 satb=0 copied=0 scanned=40961472
[probe] gc=454 kind=Nursery modbuf_objs=0 region_entries=0 satb_nodes=0 copied=0 scanned=111339 | cum modbuf=0 region=1940 satb=0 copied=0 scanned=41072811
[probe] gc=455 kind=Nursery modbuf_objs=0 region_entries=0 satb_nodes=0 copied=0 scanned=111264 | cum modbuf=0 region=1940 satb=0 copied=0 scanned=41184075
[probe] gc=456 kind=Nursery modbuf_objs=0 region_entries=0 satb_nodes=0 copied=0 scanned=111206 | cum modbuf=0 region=1940 satb=0 copied=0 scanned=41295281
[probe] gc=457 kind=Nursery modbuf_objs=0 region_entries=0 satb_nodes=0 copied=0 scanned=111192 | cum modbuf=0 region=1940 satb=0 copied=0 scanned=41406473
[probe] gc=458 kind=Nursery modbuf_objs=0 region_entries=0 satb_nodes=0 copied=0 scanned=111328 | cum modbuf=0 region=1940 satb=0 copied=0 scanned=41517801
[probe] gc=459 kind=Nursery modbuf_objs=0 region_entries=0 satb_nodes=0 copied=0 scanned=111334 | cum modbuf=0 region=1940 satb=0 copied=0 scanned=41629135
[probe] gc=460 kind=Nursery modbuf_objs=0 region_entries=0 satb_nodes=0 copied=0 scanned=111326 | cum modbuf=0 region=1940 satb=0 copied=0 scanned=41740461
[probe] gc=461 kind=Nursery modbuf_objs=0 region_entries=0 satb_nodes=0 copied=0 scanned=111366 | cum modbuf=0 region=1940 satb=0 copied=0 scanned=41851827
[probe] gc=462 kind=Nursery modbuf_objs=0 region_entries=0 satb_nodes=0 copied=0 scanned=111292 | cum modbuf=0 region=1940 satb=0 copied=0 scanned=41963119
[probe] gc=463 kind=Nursery modbuf_objs=0 region_entries=0 satb_nodes=0 copied=0 scanned=111258 | cum modbuf=0 region=1940 satb=0 copied=0 scanned=42074377
[probe] gc=464 kind=Nursery modbuf_objs=0 region_entries=0 satb_nodes=0 copied=0 scanned=111202 | cum modbuf=0 region=1940 satb=0 copied=0 scanned=42185579
[probe] gc=465 kind=Nursery modbuf_objs=0 region_entries=0 satb_nodes=0 copied=0 scanned=111218 | cum modbuf=0 region=1940 satb=0 copied=0 scanned=42296797
[probe] gc=466 kind=Nursery modbuf_objs=0 region_entries=0 satb_nodes=0 copied=0 scanned=111371 | cum modbuf=0 region=1940 satb=0 copied=0 scanned=42408168
[probe] gc=467 kind=Nursery modbuf_objs=0 region_entries=0 satb_nodes=0 copied=0 scanned=111294 | cum modbuf=0 region=1940 satb=0 copied=0 scanned=42519462
[probe] gc=468 kind=Nursery modbuf_objs=0 region_entries=0 satb_nodes=0 copied=0 scanned=111364 | cum modbuf=0 region=1940 satb=0 copied=0 scanned=42630826
[probe] gc=469 kind=Nursery modbuf_objs=0 region_entries=0 satb_nodes=0 copied=0 scanned=111344 | cum modbuf=0 region=1940 satb=0 copied=0 scanned=42742170
[probe] gc=470 kind=Nursery modbuf_objs=0 region_entries=0 satb_nodes=0 copied=0 scanned=438687 | cum modbuf=0 region=1940 satb=0 copied=0 scanned=43180857
[probe] gc=471 kind=Nursery modbuf_objs=0 region_entries=0 satb_nodes=0 copied=0 scanned=655350 | cum modbuf=0 region=1940 satb=0 copied=0 scanned=43836207
[probe] gc=472 kind=Nursery modbuf_objs=0 region_entries=0 satb_nodes=0 copied=0 scanned=655350 | cum modbuf=0 region=1940 satb=0 copied=0 scanned=44491557
[probe] gc=473 kind=Nursery modbuf_objs=0 region_entries=0 satb_nodes=0 copied=0 scanned=655350 | cum modbuf=0 region=1940 satb=0 copied=0 scanned=45146907
[probe] gc=474 kind=Nursery modbuf_objs=0 region_entries=0 satb_nodes=0 copied=0 scanned=655350 | cum modbuf=0 region=1940 satb=0 copied=0 scanned=45802257
[probe] gc=475 kind=Nursery modbuf_objs=0 region_entries=0 satb_nodes=0 copied=0 scanned=655350 | cum modbuf=0 region=1940 satb=0 copied=0 scanned=46457607
[probe] gc=476 kind=Nursery modbuf_objs=0 region_entries=0 satb_nodes=0 copied=0 scanned=655350 | cum modbuf=0 region=1940 satb=0 copied=0 scanned=47112957
[probe] gc=477 kind=Nursery modbuf_objs=0 region_entries=0 satb_nodes=0 copied=0 scanned=655350 | cum modbuf=0 region=1940 satb=0 copied=0 scanned=47768307
[probe] gc=478 kind=Nursery modbuf_objs=0 region_entries=0 satb_nodes=0 copied=0 scanned=655350 | cum modbuf=0 region=1940 satb=0 copied=0 scanned=48423657
[probe] gc=479 kind=Nursery modbuf_objs=0 region_entries=0 satb_nodes=0 copied=0 scanned=655350 | cum modbuf=0 region=1940 satb=0 copied=0 scanned=49079007
[probe] gc=480 kind=Nursery modbuf_objs=0 region_entries=0 satb_nodes=0 copied=0 scanned=655350 | cum modbuf=0 region=1940 satb=0 copied=0 scanned=49734357
[probe] gc=481 kind=Nursery modbuf_objs=0 region_entries=0 satb_nodes=0 copied=0 scanned=655350 | cum modbuf=0 region=1940 satb=0 copied=0 scanned=50389707
[probe] gc=482 kind=Nursery modbuf_objs=0 region_entries=0 satb_nodes=0 copied=0 scanned=655350 | cum modbuf=0 region=1940 satb=0 copied=0 scanned=51045057
[probe] gc=483 kind=Nursery modbuf_objs=0 region_entries=0 satb_nodes=0 copied=0 scanned=655350 | cum modbuf=0 region=1940 satb=0 copied=0 scanned=51700407
[probe] gc=484 kind=Nursery modbuf_objs=0 region_entries=0 satb_nodes=0 copied=0 scanned=655350 | cum modbuf=0 region=1940 satb=0 copied=0 scanned=52355757
[probe] gc=485 kind=Nursery modbuf_objs=0 region_entries=0 satb_nodes=0 copied=0 scanned=655350 | cum modbuf=0 region=1940 satb=0 copied=0 scanned=53011107
[probe] gc=486 kind=Nursery modbuf_objs=0 region_entries=0 satb_nodes=0 copied=0 scanned=655350 | cum modbuf=0 region=1940 satb=0 copied=0 scanned=53666457
[probe] gc=487 kind=Nursery modbuf_objs=0 region_entries=0 satb_nodes=0 copied=0 scanned=655350 | cum modbuf=0 region=1940 satb=0 copied=0 scanned=54321807
[probe] gc=488 kind=Nursery modbuf_objs=0 region_entries=0 satb_nodes=0 copied=0 scanned=655350 | cum modbuf=0 region=1940 satb=0 copied=0 scanned=54977157
[probe] gc=489 kind=Nursery modbuf_objs=0 region_entries=0 satb_nodes=0 copied=0 scanned=655350 | cum modbuf=0 region=1940 satb=0 copied=0 scanned=55632507
[probe] gc=490 kind=Nursery modbuf_objs=0 region_entries=0 satb_nodes=0 copied=0 scanned=655350 | cum modbuf=0 region=1940 satb=0 copied=0 scanned=56287857
[probe] gc=491 kind=Nursery modbuf_objs=0 region_entries=0 satb_nodes=0 copied=0 scanned=655350 | cum modbuf=0 region=1940 satb=0 copied=0 scanned=56943207
[probe] gc=492 kind=Nursery modbuf_objs=0 region_entries=0 satb_nodes=0 copied=0 scanned=655350 | cum modbuf=0 region=1940 satb=0 copied=0 scanned=57598557
[probe] gc=493 kind=Nursery modbuf_objs=0 region_entries=0 satb_nodes=0 copied=0 scanned=655350 | cum modbuf=0 region=1940 satb=0 copied=0 scanned=58253907
[probe] gc=494 kind=Nursery modbuf_objs=0 region_entries=0 satb_nodes=0 copied=0 scanned=655350 | cum modbuf=0 region=1940 satb=0 copied=0 scanned=58909257
[probe] gc=495 kind=Nursery modbuf_objs=0 region_entries=0 satb_nodes=0 copied=0 scanned=655350 | cum modbuf=0 region=1940 satb=0 copied=0 scanned=59564607
[probe] gc=496 kind=Nursery modbuf_objs=0 region_entries=0 satb_nodes=0 copied=0 scanned=655350 | cum modbuf=0 region=1940 satb=0 copied=0 scanned=60219957
[probe] gc=497 kind=Nursery modbuf_objs=0 region_entries=0 satb_nodes=0 copied=0 scanned=655350 | cum modbuf=0 region=1940 satb=0 copied=0 scanned=60875307
[probe] gc=498 kind=Nursery modbuf_objs=0 region_entries=0 satb_nodes=0 copied=0 scanned=655350 | cum modbuf=0 region=1940 satb=0 copied=0 scanned=61530657
[probe] gc=499 kind=Nursery modbuf_objs=0 region_entries=0 satb_nodes=0 copied=0 scanned=655350 | cum modbuf=0 region=1940 satb=0 copied=0 scanned=62186007
[probe] gc=500 kind=Nursery modbuf_objs=0 region_entries=0 satb_nodes=0 copied=0 scanned=655350 | cum modbuf=0 region=1940 satb=0 copied=0 scanned=62841357
[probe] gc=501 kind=Nursery modbuf_objs=0 region_entries=0 satb_nodes=0 copied=0 scanned=655350 | cum modbuf=0 region=1940 satb=0 copied=0 scanned=63496707
[mmtk] GCs: 502 (full: 11), GC time: 33704 ms, objects copied: 63515757
