[probe] gc=0 kind=InitialMark modbuf_objs=0 region_entries=1940 satb_nodes=0 copied=0 scanned=278 | cum modbuf=0 region=1940 satb=0 copied=0 scanned=278
[probe] gc=1 kind=Nursery modbuf_objs=0 region_entries=0 satb_nodes=0 copied=0 scanned=18 | cum modbuf=0 region=1940 satb=0 copied=0 scanned=296
[probe] gc=2 kind=FinalMark modbuf_objs=0 region_entries=0 satb_nodes=0 copied=0 scanned=0 | cum modbuf=0 region=1940 satb=0 copied=0 scanned=296
[probe] gc=3 kind=Nursery modbuf_objs=0 region_entries=0 satb_nodes=0 copied=0 scanned=11 | cum modbuf=0 region=1940 satb=0 copied=0 scanned=307
[probe] gc=4 kind=Nursery modbuf_objs=0 region_entries=0 satb_nodes=0 copied=0 scanned=0 | cum modbuf=0 region=1940 satb=0 copied=0 scanned=307
[probe] gc=5 kind=Nursery modbuf_objs=0 region_entries=0 satb_nodes=0 copied=0 scanned=4 | cum modbuf=0 region=1940 satb=0 copied=0 scanned=311
[probe] gc=6 kind=Nursery modbuf_objs=0 region_entries=0 satb_nodes=0 copied=0 scanned=8 | cum modbuf=0 region=1940 satb=0 copied=0 scanned=319
[probe] gc=7 kind=Nursery modbuf_objs=0 region_entries=0 satb_nodes=0 copied=0 scanned=8 | cum modbuf=0 region=1940 satb=0 copied=0 scanned=327
[probe] gc=8 kind=Nursery modbuf_objs=0 region_entries=0 satb_nodes=0 copied=0 scanned=7 | cum modbuf=0 region=1940 satb=0 copied=0 scanned=334
[probe] gc=9 kind=Nursery modbuf_objs=0 region_entries=0 satb_nodes=0 copied=0 scanned=2 | cum modbuf=0 region=1940 satb=0 copied=0 scanned=336
[probe] gc=10 kind=Nursery modbuf_objs=0 region_entries=0 satb_nodes=0 copied=0 scanned=8 | cum modbuf=0 region=1940 satb=0 copied=0 scanned=344
[probe] gc=11 kind=Nursery modbuf_objs=0 region_entries=0 satb_nodes=0 copied=0 scanned=2 | cum modbuf=0 region=1940 satb=0 copied=0 scanned=346
[probe] gc=12 kind=Nursery modbuf_objs=0 region_entries=0 satb_nodes=0 copied=0 scanned=5 | cum modbuf=0 region=1940 satb=0 copied=0 scanned=351
[probe] gc=13 kind=Nursery modbuf_objs=0 region_entries=0 satb_nodes=0 copied=0 scanned=11 | cum modbuf=0 region=1940 satb=0 copied=0 scanned=362
[probe] gc=14 kind=Nursery modbuf_objs=0 region_entries=0 satb_nodes=0 copied=0 scanned=17 | cum modbuf=0 region=1940 satb=0 copied=0 scanned=379
[probe] gc=15 kind=Nursery modbuf_objs=0 region_entries=0 satb_nodes=0 copied=0 scanned=11 | cum modbuf=0 region=1940 satb=0 copied=0 scanned=390
[probe] gc=16 kind=Nursery modbuf_objs=0 region_entries=0 satb_nodes=0 copied=0 scanned=16 | cum modbuf=0 region=1940 satb=0 copied=0 scanned=406
[probe] gc=17 kind=Nursery modbuf_objs=0 region_entries=0 satb_nodes=0 copied=0 scanned=13 | cum modbuf=0 region=1940 satb=0 copied=0 scanned=419
[probe] gc=18 kind=Nursery modbuf_objs=0 region_entries=0 satb_nodes=0 copied=0 scanned=3 | cum modbuf=0 region=1940 satb=0 copied=0 scanned=422
[probe] gc=19 kind=Nursery modbuf_objs=0 region_entries=0 satb_nodes=0 copied=0 scanned=8 | cum modbuf=0 region=1940 satb=0 copied=0 scanned=430
[probe] gc=20 kind=Nursery modbuf_objs=0 region_entries=0 satb_nodes=0 copied=0 scanned=4 | cum modbuf=0 region=1940 satb=0 copied=0 scanned=434
[probe] gc=21 kind=Nursery modbuf_objs=0 region_entries=0 satb_nodes=0 copied=0 scanned=8 | cum modbuf=0 region=1940 satb=0 copied=0 scanned=442
[probe] gc=22 kind=Nursery modbuf_objs=0 region_entries=0 satb_nodes=0 copied=0 scanned=4 | cum modbuf=0 region=1940 satb=0 copied=0 scanned=446
[probe] gc=23 kind=Nursery modbuf_objs=0 region_entries=0 satb_nodes=0 copied=0 scanned=8 | cum modbuf=0 region=1940 satb=0 copied=0 scanned=454
[probe] gc=24 kind=Nursery modbuf_objs=0 region_entries=0 satb_nodes=0 copied=0 scanned=2 | cum modbuf=0 region=1940 satb=0 copied=0 scanned=456
[probe] gc=25 kind=Nursery modbuf_objs=0 region_entries=0 satb_nodes=0 copied=0 scanned=20 | cum modbuf=0 region=1940 satb=0 copied=0 scanned=476
[probe] gc=26 kind=Nursery modbuf_objs=0 region_entries=0 satb_nodes=0 copied=0 scanned=0 | cum modbuf=0 region=1940 satb=0 copied=0 scanned=476
[probe] gc=27 kind=Nursery modbuf_objs=0 region_entries=0 satb_nodes=0 copied=0 scanned=19 | cum modbuf=0 region=1940 satb=0 copied=0 scanned=495
[probe] gc=28 kind=Nursery modbuf_objs=0 region_entries=0 satb_nodes=0 copied=0 scanned=2 | cum modbuf=0 region=1940 satb=0 copied=0 scanned=497
[probe] gc=29 kind=Nursery modbuf_objs=0 region_entries=0 satb_nodes=0 copied=0 scanned=8 | cum modbuf=0 region=1940 satb=0 copied=0 scanned=505
[probe] gc=30 kind=Nursery modbuf_objs=0 region_entries=0 satb_nodes=0 copied=0 scanned=11 | cum modbuf=0 region=1940 satb=0 copied=0 scanned=516
[probe] gc=31 kind=Nursery modbuf_objs=0 region_entries=0 satb_nodes=0 copied=0 scanned=17 | cum modbuf=0 region=1940 satb=0 copied=0 scanned=533
[probe] gc=32 kind=Nursery modbuf_objs=0 region_entries=0 satb_nodes=0 copied=0 scanned=11 | cum modbuf=0 region=1940 satb=0 copied=0 scanned=544
[probe] gc=33 kind=Full modbuf_objs=0 region_entries=0 satb_nodes=0 copied=0 scanned=0 | cum modbuf=0 region=1940 satb=0 copied=0 scanned=544
[probe] gc=34 kind=Nursery modbuf_objs=0 region_entries=0 satb_nodes=0 copied=0 scanned=17 | cum modbuf=0 region=1940 satb=0 copied=0 scanned=561
[probe] gc=35 kind=Nursery modbuf_objs=0 region_entries=0 satb_nodes=0 copied=0 scanned=14 | cum modbuf=0 region=1940 satb=0 copied=0 scanned=575
[probe] gc=36 kind=Nursery modbuf_objs=0 region_entries=0 satb_nodes=0 copied=0 scanned=19 | cum modbuf=0 region=1940 satb=0 copied=0 scanned=594
[probe] gc=37 kind=Nursery modbuf_objs=0 region_entries=0 satb_nodes=0 copied=0 scanned=14 | cum modbuf=0 region=1940 satb=0 copied=0 scanned=608
[probe] gc=38 kind=Nursery modbuf_objs=0 region_entries=0 satb_nodes=0 copied=0 scanned=19 | cum modbuf=0 region=1940 satb=0 copied=0 scanned=627
[probe] gc=39 kind=Nursery modbuf_objs=0 region_entries=0 satb_nodes=0 copied=0 scanned=2 | cum modbuf=0 region=1940 satb=0 copied=0 scanned=629
[probe] gc=40 kind=Nursery modbuf_objs=0 region_entries=0 satb_nodes=0 copied=0 scanned=6 | cum modbuf=0 region=1940 satb=0 copied=0 scanned=635
[probe] gc=41 kind=Nursery modbuf_objs=0 region_entries=0 satb_nodes=0 copied=0 scanned=74671 | cum modbuf=0 region=1940 satb=0 copied=0 scanned=75306
[probe] gc=42 kind=Nursery modbuf_objs=0 region_entries=0 satb_nodes=0 copied=0 scanned=121514 | cum modbuf=0 region=1940 satb=0 copied=0 scanned=196820
[probe] gc=43 kind=Nursery modbuf_objs=0 region_entries=0 satb_nodes=0 copied=0 scanned=120891 | cum modbuf=0 region=1940 satb=0 copied=0 scanned=317711
[probe] gc=44 kind=Nursery modbuf_objs=0 region_entries=0 satb_nodes=0 copied=0 scanned=120533 | cum modbuf=0 region=1940 satb=0 copied=0 scanned=438244
[probe] gc=45 kind=Nursery modbuf_objs=0 region_entries=0 satb_nodes=0 copied=0 scanned=118920 | cum modbuf=0 region=1940 satb=0 copied=0 scanned=557164
[probe] gc=46 kind=Nursery modbuf_objs=0 region_entries=0 satb_nodes=0 copied=0 scanned=117915 | cum modbuf=0 region=1940 satb=0 copied=0 scanned=675079
[probe] gc=47 kind=Nursery modbuf_objs=0 region_entries=0 satb_nodes=0 copied=0 scanned=117318 | cum modbuf=0 region=1940 satb=0 copied=0 scanned=792397
[probe] gc=48 kind=Nursery modbuf_objs=0 region_entries=0 satb_nodes=0 copied=0 scanned=117146 | cum modbuf=0 region=1940 satb=0 copied=0 scanned=909543
[probe] gc=49 kind=Nursery modbuf_objs=0 region_entries=0 satb_nodes=0 copied=0 scanned=117123 | cum modbuf=0 region=1940 satb=0 copied=0 scanned=1026666
[probe] gc=50 kind=Nursery modbuf_objs=0 region_entries=0 satb_nodes=0 copied=0 scanned=117324 | cum modbuf=0 region=1940 satb=0 copied=0 scanned=1143990
[probe] gc=51 kind=Nursery modbuf_objs=0 region_entries=0 satb_nodes=0 copied=0 scanned=117343 | cum modbuf=0 region=1940 satb=0 copied=0 scanned=1261333
[probe] gc=52 kind=Nursery modbuf_objs=0 region_entries=0 satb_nodes=0 copied=0 scanned=117330 | cum modbuf=0 region=1940 satb=0 copied=0 scanned=1378663
[probe] gc=53 kind=Full modbuf_objs=0 region_entries=0 satb_nodes=0 copied=0 scanned=0 | cum modbuf=0 region=1940 satb=0 copied=0 scanned=1378663
[probe] gc=54 kind=Nursery modbuf_objs=0 region_entries=0 satb_nodes=0 copied=0 scanned=116295 | cum modbuf=0 region=1940 satb=0 copied=0 scanned=1494958
[probe] gc=55 kind=Nursery modbuf_objs=0 region_entries=0 satb_nodes=0 copied=0 scanned=115916 | cum modbuf=0 region=1940 satb=0 copied=0 scanned=1610874
[probe] gc=56 kind=Nursery modbuf_objs=0 region_entries=0 satb_nodes=0 copied=0 scanned=115747 | cum modbuf=0 region=1940 satb=0 copied=0 scanned=1726621
[probe] gc=57 kind=Nursery modbuf_objs=0 region_entries=0 satb_nodes=0 copied=0 scanned=115677 | cum modbuf=0 region=1940 satb=0 copied=0 scanned=1842298
[probe] gc=58 kind=Nursery modbuf_objs=0 region_entries=0 satb_nodes=0 copied=0 scanned=115898 | cum modbuf=0 region=1940 satb=0 copied=0 scanned=1958196
[probe] gc=59 kind=Nursery modbuf_objs=0 region_entries=0 satb_nodes=0 copied=0 scanned=115896 | cum modbuf=0 region=1940 satb=0 copied=0 scanned=2074092
[probe] gc=60 kind=Nursery modbuf_objs=0 region_entries=0 satb_nodes=0 copied=0 scanned=115731 | cum modbuf=0 region=1940 satb=0 copied=0 scanned=2189823
[probe] gc=61 kind=Nursery modbuf_objs=0 region_entries=0 satb_nodes=0 copied=0 scanned=115661 | cum modbuf=0 region=1940 satb=0 copied=0 scanned=2305484
[probe] gc=62 kind=Nursery modbuf_objs=0 region_entries=0 satb_nodes=0 copied=0 scanned=115956 | cum modbuf=0 region=1940 satb=0 copied=0 scanned=2421440
[probe] gc=63 kind=Nursery modbuf_objs=0 region_entries=0 satb_nodes=0 copied=0 scanned=115859 | cum modbuf=0 region=1940 satb=0 copied=0 scanned=2537299
[probe] gc=64 kind=Nursery modbuf_objs=0 region_entries=0 satb_nodes=0 copied=0 scanned=115657 | cum modbuf=0 region=1940 satb=0 copied=0 scanned=2652956
[probe] gc=65 kind=Nursery modbuf_objs=0 region_entries=0 satb_nodes=0 copied=0 scanned=115737 | cum modbuf=0 region=1940 satb=0 copied=0 scanned=2768693
[probe] gc=66 kind=Nursery modbuf_objs=0 region_entries=0 satb_nodes=0 copied=0 scanned=115989 | cum modbuf=0 region=1940 satb=0 copied=0 scanned=2884682
[probe] gc=67 kind=Nursery modbuf_objs=0 region_entries=0 satb_nodes=0 copied=0 scanned=115824 | cum modbuf=0 region=1940 satb=0 copied=0 scanned=3000506
[probe] gc=68 kind=Nursery modbuf_objs=0 region_entries=0 satb_nodes=0 copied=0 scanned=115640 | cum modbuf=0 region=1940 satb=0 copied=0 scanned=3116146
[probe] gc=69 kind=Nursery modbuf_objs=0 region_entries=0 satb_nodes=0 copied=0 scanned=115785 | cum modbuf=0 region=1940 satb=0 copied=0 scanned=3231931
[probe] gc=70 kind=Nursery modbuf_objs=0 region_entries=0 satb_nodes=0 copied=0 scanned=115989 | cum modbuf=0 region=1940 satb=0 copied=0 scanned=3347920
[probe] gc=71 kind=Nursery modbuf_objs=0 region_entries=0 satb_nodes=0 copied=0 scanned=115741 | cum modbuf=0 region=1940 satb=0 copied=0 scanned=3463661
[probe] gc=72 kind=Nursery modbuf_objs=0 region_entries=0 satb_nodes=0 copied=0 scanned=115720 | cum modbuf=0 region=1940 satb=0 copied=0 scanned=3579381
[probe] gc=73 kind=Nursery modbuf_objs=0 region_entries=0 satb_nodes=0 copied=0 scanned=115788 | cum modbuf=0 region=1940 satb=0 copied=0 scanned=3695169
[probe] gc=74 kind=Nursery modbuf_objs=0 region_entries=0 satb_nodes=0 copied=0 scanned=115972 | cum modbuf=0 region=1940 satb=0 copied=0 scanned=3811141
[probe] gc=75 kind=Nursery modbuf_objs=0 region_entries=0 satb_nodes=0 copied=0 scanned=115711 | cum modbuf=0 region=1940 satb=0 copied=0 scanned=3926852
[probe] gc=76 kind=Nursery modbuf_objs=0 region_entries=0 satb_nodes=0 copied=0 scanned=115735 | cum modbuf=0 region=1940 satb=0 copied=0 scanned=4042587
[probe] gc=77 kind=Nursery modbuf_objs=0 region_entries=0 satb_nodes=0 copied=0 scanned=115819 | cum modbuf=0 region=1940 satb=0 copied=0 scanned=4158406
[probe] gc=78 kind=Nursery modbuf_objs=0 region_entries=0 satb_nodes=0 copied=0 scanned=115917 | cum modbuf=0 region=1940 satb=0 copied=0 scanned=4274323
[probe] gc=79 kind=Nursery modbuf_objs=0 region_entries=0 satb_nodes=0 copied=0 scanned=113775 | cum modbuf=0 region=1940 satb=0 copied=0 scanned=4388098
[probe] gc=80 kind=Nursery modbuf_objs=0 region_entries=0 satb_nodes=0 copied=0 scanned=113574 | cum modbuf=0 region=1940 satb=0 copied=0 scanned=4501672
[probe] gc=81 kind=Nursery modbuf_objs=0 region_entries=0 satb_nodes=0 copied=0 scanned=113887 | cum modbuf=0 region=1940 satb=0 copied=0 scanned=4615559
[probe] gc=82 kind=Nursery modbuf_objs=0 region_entries=0 satb_nodes=0 copied=0 scanned=113586 | cum modbuf=0 region=1940 satb=0 copied=0 scanned=4729145
[probe] gc=83 kind=Nursery modbuf_objs=0 region_entries=0 satb_nodes=0 copied=0 scanned=113714 | cum modbuf=0 region=1940 satb=0 copied=0 scanned=4842859
[probe] gc=84 kind=Nursery modbuf_objs=0 region_entries=0 satb_nodes=0 copied=0 scanned=113742 | cum modbuf=0 region=1940 satb=0 copied=0 scanned=4956601
[probe] gc=85 kind=Nursery modbuf_objs=0 region_entries=0 satb_nodes=0 copied=0 scanned=113604 | cum modbuf=0 region=1940 satb=0 copied=0 scanned=5070205
[probe] gc=86 kind=Full modbuf_objs=0 region_entries=0 satb_nodes=0 copied=0 scanned=0 | cum modbuf=0 region=1940 satb=0 copied=0 scanned=5070205
[probe] gc=87 kind=Nursery modbuf_objs=0 region_entries=0 satb_nodes=0 copied=0 scanned=113579 | cum modbuf=0 region=1940 satb=0 copied=0 scanned=5183784
[probe] gc=88 kind=Nursery modbuf_objs=0 region_entries=0 satb_nodes=0 copied=0 scanned=113681 | cum modbuf=0 region=1940 satb=0 copied=0 scanned=5297465
[probe] gc=89 kind=Nursery modbuf_objs=0 region_entries=0 satb_nodes=0 copied=0 scanned=113802 | cum modbuf=0 region=1940 satb=0 copied=0 scanned=5411267
[probe] gc=90 kind=Nursery modbuf_objs=0 region_entries=0 satb_nodes=0 copied=0 scanned=113572 | cum modbuf=0 region=1940 satb=0 copied=0 scanned=5524839
[probe] gc=91 kind=Nursery modbuf_objs=0 region_entries=0 satb_nodes=0 copied=0 scanned=113829 | cum modbuf=0 region=1940 satb=0 copied=0 scanned=5638668
[probe] gc=92 kind=Nursery modbuf_objs=0 region_entries=0 satb_nodes=0 copied=0 scanned=113648 | cum modbuf=0 region=1940 satb=0 copied=0 scanned=5752316
[probe] gc=93 kind=Nursery modbuf_objs=0 region_entries=0 satb_nodes=0 copied=0 scanned=113606 | cum modbuf=0 region=1940 satb=0 copied=0 scanned=5865922
[probe] gc=94 kind=Nursery modbuf_objs=0 region_entries=0 satb_nodes=0 copied=0 scanned=113863 | cum modbuf=0 region=1940 satb=0 copied=0 scanned=5979785
[probe] gc=95 kind=Nursery modbuf_objs=0 region_entries=0 satb_nodes=0 copied=0 scanned=113601 | cum modbuf=0 region=1940 satb=0 copied=0 scanned=6093386
[probe] gc=96 kind=Nursery modbuf_objs=0 region_entries=0 satb_nodes=0 copied=0 scanned=112735 | cum modbuf=0 region=1940 satb=0 copied=0 scanned=6206121
[probe] gc=97 kind=Nursery modbuf_objs=0 region_entries=0 satb_nodes=0 copied=0 scanned=112401 | cum modbuf=0 region=1940 satb=0 copied=0 scanned=6318522
[probe] gc=98 kind=Nursery modbuf_objs=0 region_entries=0 satb_nodes=0 copied=0 scanned=112458 | cum modbuf=0 region=1940 satb=0 copied=0 scanned=6430980
[probe] gc=99 kind=Nursery modbuf_objs=0 region_entries=0 satb_nodes=0 copied=0 scanned=112491 | cum modbuf=0 region=1940 satb=0 copied=0 scanned=6543471
[probe] gc=100 kind=Nursery modbuf_objs=0 region_entries=0 satb_nodes=0 copied=0 scanned=112585 | cum modbuf=0 region=1940 satb=0 copied=0 scanned=6656056
[probe] gc=101 kind=Nursery modbuf_objs=0 region_entries=0 satb_nodes=0 copied=0 scanned=112585 | cum modbuf=0 region=1940 satb=0 copied=0 scanned=6768641
[probe] gc=102 kind=Nursery modbuf_objs=0 region_entries=0 satb_nodes=0 copied=0 scanned=112393 | cum modbuf=0 region=1940 satb=0 copied=0 scanned=6881034
[probe] gc=103 kind=Nursery modbuf_objs=0 region_entries=0 satb_nodes=0 copied=0 scanned=112459 | cum modbuf=0 region=1940 satb=0 copied=0 scanned=6993493
[probe] gc=104 kind=Nursery modbuf_objs=0 region_entries=0 satb_nodes=0 copied=0 scanned=112450 | cum modbuf=0 region=1940 satb=0 copied=0 scanned=7105943
[probe] gc=105 kind=Nursery modbuf_objs=0 region_entries=0 satb_nodes=0 copied=0 scanned=112406 | cum modbuf=0 region=1940 satb=0 copied=0 scanned=7218349
[probe] gc=106 kind=Nursery modbuf_objs=0 region_entries=0 satb_nodes=0 copied=0 scanned=112512 | cum modbuf=0 region=1940 satb=0 copied=0 scanned=7330861
[probe] gc=107 kind=Nursery modbuf_objs=0 region_entries=0 satb_nodes=0 copied=0 scanned=112571 | cum modbuf=0 region=1940 satb=0 copied=0 scanned=7443432
[probe] gc=108 kind=Nursery modbuf_objs=0 region_entries=0 satb_nodes=0 copied=0 scanned=112578 | cum modbuf=0 region=1940 satb=0 copied=0 scanned=7556010
[probe] gc=109 kind=Nursery modbuf_objs=0 region_entries=0 satb_nodes=0 copied=0 scanned=112456 | cum modbuf=0 region=1940 satb=0 copied=0 scanned=7668466
[probe] gc=110 kind=Nursery modbuf_objs=0 region_entries=0 satb_nodes=0 copied=0 scanned=112370 | cum modbuf=0 region=1940 satb=0 copied=0 scanned=7780836
[probe] gc=111 kind=Nursery modbuf_objs=0 region_entries=0 satb_nodes=0 copied=0 scanned=112474 | cum modbuf=0 region=1940 satb=0 copied=0 scanned=7893310
[probe] gc=112 kind=Nursery modbuf_objs=0 region_entries=0 satb_nodes=0 copied=0 scanned=112460 | cum modbuf=0 region=1940 satb=0 copied=0 scanned=8005770
[probe] gc=113 kind=Nursery modbuf_objs=0 region_entries=0 satb_nodes=0 copied=0 scanned=112471 | cum modbuf=0 region=1940 satb=0 copied=0 scanned=8118241
[probe] gc=114 kind=Nursery modbuf_objs=0 region_entries=0 satb_nodes=0 copied=0 scanned=112588 | cum modbuf=0 region=1940 satb=0 copied=0 scanned=8230829
[probe] gc=115 kind=Nursery modbuf_objs=0 region_entries=0 satb_nodes=0 copied=0 scanned=112554 | cum modbuf=0 region=1940 satb=0 copied=0 scanned=8343383
[probe] gc=116 kind=Nursery modbuf_objs=0 region_entries=0 satb_nodes=0 copied=0 scanned=112428 | cum modbuf=0 region=1940 satb=0 copied=0 scanned=8455811
[probe] gc=117 kind=Nursery modbuf_objs=0 region_entries=0 satb_nodes=0 copied=0 scanned=112474 | cum modbuf=0 region=1940 satb=0 copied=0 scanned=8568285
[probe] gc=118 kind=Nursery modbuf_objs=0 region_entries=0 satb_nodes=0 copied=0 scanned=112381 | cum modbuf=0 region=1940 satb=0 copied=0 scanned=8680666
[probe] gc=119 kind=Full modbuf_objs=0 region_entries=0 satb_nodes=0 copied=0 scanned=0 | cum modbuf=0 region=1940 satb=0 copied=0 scanned=8680666
[probe] gc=120 kind=Nursery modbuf_objs=0 region_entries=0 satb_nodes=0 copied=0 scanned=112477 | cum modbuf=0 region=1940 satb=0 copied=0 scanned=8793143
[probe] gc=121 kind=Nursery modbuf_objs=0 region_entries=0 satb_nodes=0 copied=0 scanned=112449 | cum modbuf=0 region=1940 satb=0 copied=0 scanned=8905592
[probe] gc=122 kind=Nursery modbuf_objs=0 region_entries=0 satb_nodes=0 copied=0 scanned=112390 | cum modbuf=0 region=1940 satb=0 copied=0 scanned=9017982
[probe] gc=123 kind=Nursery modbuf_objs=0 region_entries=0 satb_nodes=0 copied=0 scanned=112461 | cum modbuf=0 region=1940 satb=0 copied=0 scanned=9130443
[probe] gc=124 kind=Nursery modbuf_objs=0 region_entries=0 satb_nodes=0 copied=0 scanned=112477 | cum modbuf=0 region=1940 satb=0 copied=0 scanned=9242920
[probe] gc=125 kind=Nursery modbuf_objs=0 region_entries=0 satb_nodes=0 copied=0 scanned=112568 | cum modbuf=0 region=1940 satb=0 copied=0 scanned=9355488
[probe] gc=126 kind=Nursery modbuf_objs=0 region_entries=0 satb_nodes=0 copied=0 scanned=112588 | cum modbuf=0 region=1940 satb=0 copied=0 scanned=9468076
[probe] gc=127 kind=Nursery modbuf_objs=0 region_entries=0 satb_nodes=0 copied=0 scanned=112448 | cum modbuf=0 region=1940 satb=0 copied=0 scanned=9580524
[probe] gc=128 kind=Nursery modbuf_objs=0 region_entries=0 satb_nodes=0 copied=0 scanned=112442 | cum modbuf=0 region=1940 satb=0 copied=0 scanned=9692966
[probe] gc=129 kind=Nursery modbuf_objs=0 region_entries=0 satb_nodes=0 copied=0 scanned=112454 | cum modbuf=0 region=1940 satb=0 copied=0 scanned=9805420
[probe] gc=130 kind=Nursery modbuf_objs=0 region_entries=0 satb_nodes=0 copied=0 scanned=112378 | cum modbuf=0 region=1940 satb=0 copied=0 scanned=9917798
[probe] gc=131 kind=Nursery modbuf_objs=0 region_entries=0 satb_nodes=0 copied=0 scanned=112502 | cum modbuf=0 region=1940 satb=0 copied=0 scanned=10030300
[probe] gc=132 kind=Nursery modbuf_objs=0 region_entries=0 satb_nodes=0 copied=0 scanned=112586 | cum modbuf=0 region=1940 satb=0 copied=0 scanned=10142886
[probe] gc=133 kind=Nursery modbuf_objs=0 region_entries=0 satb_nodes=0 copied=0 scanned=112573 | cum modbuf=0 region=1940 satb=0 copied=0 scanned=10255459
[probe] gc=134 kind=Nursery modbuf_objs=0 region_entries=0 satb_nodes=0 copied=0 scanned=112479 | cum modbuf=0 region=1940 satb=0 copied=0 scanned=10367938
[probe] gc=135 kind=Nursery modbuf_objs=0 region_entries=0 satb_nodes=0 copied=0 scanned=112410 | cum modbuf=0 region=1940 satb=0 copied=0 scanned=10480348
[probe] gc=136 kind=Nursery modbuf_objs=0 region_entries=0 satb_nodes=0 copied=0 scanned=112420 | cum modbuf=0 region=1940 satb=0 copied=0 scanned=10592768
[probe] gc=137 kind=Nursery modbuf_objs=0 region_entries=0 satb_nodes=0 copied=0 scanned=112477 | cum modbuf=0 region=1940 satb=0 copied=0 scanned=10705245
[probe] gc=138 kind=Nursery modbuf_objs=0 region_entries=0 satb_nodes=0 copied=0 scanned=112435 | cum modbuf=0 region=1940 satb=0 copied=0 scanned=10817680
[probe] gc=139 kind=Nursery modbuf_objs=0 region_entries=0 satb_nodes=0 copied=0 scanned=112590 | cum modbuf=0 region=1940 satb=0 copied=0 scanned=10930270
[probe] gc=140 kind=Nursery modbuf_objs=0 region_entries=0 satb_nodes=0 copied=0 scanned=112586 | cum modbuf=0 region=1940 satb=0 copied=0 scanned=11042856
[probe] gc=141 kind=Nursery modbuf_objs=0 region_entries=0 satb_nodes=0 copied=0 scanned=112433 | cum modbuf=0 region=1940 satb=0 copied=0 scanned=11155289
[probe] gc=142 kind=Nursery modbuf_objs=0 region_entries=0 satb_nodes=0 copied=0 scanned=112455 | cum modbuf=0 region=1940 satb=0 copied=0 scanned=11267744
[probe] gc=143 kind=Nursery modbuf_objs=0 region_entries=0 satb_nodes=0 copied=0 scanned=112444 | cum modbuf=0 region=1940 satb=0 copied=0 scanned=11380188
[probe] gc=144 kind=Nursery modbuf_objs=0 region_entries=0 satb_nodes=0 copied=0 scanned=112411 | cum modbuf=0 region=1940 satb=0 copied=0 scanned=11492599
[probe] gc=145 kind=Nursery modbuf_objs=0 region_entries=0 satb_nodes=0 copied=0 scanned=112477 | cum modbuf=0 region=1940 satb=0 copied=0 scanned=11605076
[probe] gc=146 kind=Nursery modbuf_objs=0 region_entries=0 satb_nodes=0 copied=0 scanned=112571 | cum modbuf=0 region=1940 satb=0 copied=0 scanned=11717647
[probe] gc=147 kind=Nursery modbuf_objs=0 region_entries=0 satb_nodes=0 copied=0 scanned=112587 | cum modbuf=0 region=1940 satb=0 copied=0 scanned=11830234
[probe] gc=148 kind=Nursery modbuf_objs=0 region_entries=0 satb_nodes=0 copied=0 scanned=112476 | cum modbuf=0 region=1940 satb=0 copied=0 scanned=11942710
[probe] gc=149 kind=Nursery modbuf_objs=0 region_entries=0 satb_nodes=0 copied=0 scanned=112400 | cum modbuf=0 region=1940 satb=0 copied=0 scanned=12055110
[probe] gc=150 kind=Nursery modbuf_objs=0 region_entries=0 satb_nodes=0 copied=0 scanned=112463 | cum modbuf=0 region=1940 satb=0 copied=0 scanned=12167573
[probe] gc=151 kind=Nursery modbuf_objs=0 region_entries=0 satb_nodes=0 copied=0 scanned=112435 | cum modbuf=0 region=1940 satb=0 copied=0 scanned=12280008
[probe] gc=152 kind=Full modbuf_objs=0 region_entries=0 satb_nodes=0 copied=0 scanned=0 | cum modbuf=0 region=1940 satb=0 copied=0 scanned=12280008
[probe] gc=153 kind=Nursery modbuf_objs=0 region_entries=0 satb_nodes=0 copied=0 scanned=112441 | cum modbuf=0 region=1940 satb=0 copied=0 scanned=12392449
[probe] gc=154 kind=Nursery modbuf_objs=0 region_entries=0 satb_nodes=0 copied=0 scanned=112590 | cum modbuf=0 region=1940 satb=0 copied=0 scanned=12505039
[probe] gc=155 kind=Nursery modbuf_objs=0 region_entries=0 satb_nodes=0 copied=0 scanned=112572 | cum modbuf=0 region=1940 satb=0 copied=0 scanned=12617611
[probe] gc=156 kind=Nursery modbuf_objs=0 region_entries=0 satb_nodes=0 copied=0 scanned=112464 | cum modbuf=0 region=1940 satb=0 copied=0 scanned=12730075
[probe] gc=157 kind=Nursery modbuf_objs=0 region_entries=0 satb_nodes=0 copied=0 scanned=112474 | cum modbuf=0 region=1940 satb=0 copied=0 scanned=12842549
[probe] gc=158 kind=Nursery modbuf_objs=0 region_entries=0 satb_nodes=0 copied=0 scanned=112370 | cum modbuf=0 region=1940 satb=0 copied=0 scanned=12954919
[probe] gc=159 kind=Nursery modbuf_objs=0 region_entries=0 satb_nodes=0 copied=0 scanned=112474 | cum modbuf=0 region=1940 satb=0 copied=0 scanned=13067393
[probe] gc=160 kind=Nursery modbuf_objs=0 region_entries=0 satb_nodes=0 copied=0 scanned=112452 | cum modbuf=0 region=1940 satb=0 copied=0 scanned=13179845
[probe] gc=161 kind=Nursery modbuf_objs=0 region_entries=0 satb_nodes=0 copied=0 scanned=112569 | cum modbuf=0 region=1940 satb=0 copied=0 scanned=13292414
[probe] gc=162 kind=Nursery modbuf_objs=0 region_entries=0 satb_nodes=0 copied=0 scanned=112589 | cum modbuf=0 region=1940 satb=0 copied=0 scanned=13405003
[probe] gc=163 kind=Nursery modbuf_objs=0 region_entries=0 satb_nodes=0 copied=0 scanned=112429 | cum modbuf=0 region=1940 satb=0 copied=0 scanned=13517432
[probe] gc=164 kind=Nursery modbuf_objs=0 region_entries=0 satb_nodes=0 copied=0 scanned=112459 | cum modbuf=0 region=1940 satb=0 copied=0 scanned=13629891
[probe] gc=165 kind=Nursery modbuf_objs=0 region_entries=0 satb_nodes=0 copied=0 scanned=112475 | cum modbuf=0 region=1940 satb=0 copied=0 scanned=13742366
[probe] gc=166 kind=Nursery modbuf_objs=0 region_entries=0 satb_nodes=0 copied=0 scanned=112379 | cum modbuf=0 region=1940 satb=0 copied=0 scanned=13854745
[probe] gc=167 kind=Nursery modbuf_objs=0 region_entries=0 satb_nodes=0 copied=0 scanned=112476 | cum modbuf=0 region=1940 satb=0 copied=0 scanned=13967221
[probe] gc=168 kind=Nursery modbuf_objs=0 region_entries=0 satb_nodes=0 copied=0 scanned=112590 | cum modbuf=0 region=1940 satb=0 copied=0 scanned=14079811
[probe] gc=169 kind=Nursery modbuf_objs=0 region_entries=0 satb_nodes=0 copied=0 scanned=112569 | cum modbuf=0 region=1940 satb=0 copied=0 scanned=14192380
[probe] gc=170 kind=Nursery modbuf_objs=0 region_entries=0 satb_nodes=0 copied=0 scanned=111898 | cum modbuf=0 region=1940 satb=0 copied=0 scanned=14304278
[probe] gc=171 kind=Nursery modbuf_objs=0 region_entries=0 satb_nodes=0 copied=0 scanned=111192 | cum modbuf=0 region=1940 satb=0 copied=0 scanned=14415470
[probe] gc=172 kind=Nursery modbuf_objs=0 region_entries=0 satb_nodes=0 copied=0 scanned=111333 | cum modbuf=0 region=1940 satb=0 copied=0 scanned=14526803
[probe] gc=173 kind=Nursery modbuf_objs=0 region_entries=0 satb_nodes=0 copied=0 scanned=111372 | cum modbuf=0 region=1940 satb=0 copied=0 scanned=14638175
[probe] gc=174 kind=Nursery modbuf_objs=0 region_entries=0 satb_nodes=0 copied=0 scanned=111292 | cum modbuf=0 region=1940 satb=0 copied=0 scanned=14749467
[probe] gc=175 kind=Nursery modbuf_objs=0 region_entries=0 satb_nodes=0 copied=0 scanned=111351 | cum modbuf=0 region=1940 satb=0 copied=0 scanned=14860818
[probe] gc=176 kind=Nursery modbuf_objs=0 region_entries=0 satb_nodes=0 copied=0 scanned=111292 | cum modbuf=0 region=1940 satb=0 copied=0 scanned=14972110
[probe] gc=177 kind=Nursery modbuf_objs=0 region_entries=0 satb_nodes=0 copied=0 scanned=111270 | cum modbuf=0 region=1940 satb=0 copied=0 scanned=15083380
[probe] gc=178 kind=Nursery modbuf_objs=0 region_entries=0 satb_nodes=0 copied=0 scanned=111206 | cum modbuf=0 region=1940 satb=0 copied=0 scanned=15194586
[probe] gc=179 kind=Nursery modbuf_objs=0 region_entries=0 satb_nodes=0 copied=0 scanned=111209 | cum modbuf=0 region=1940 satb=0 copied=0 scanned=15305795
[probe] gc=180 kind=Nursery modbuf_objs=0 region_entries=0 satb_nodes=0 copied=0 scanned=111379 | cum modbuf=0 region=1940 satb=0 copied=0 scanned=15417174
[probe] gc=181 kind=Nursery modbuf_objs=0 region_entries=0 satb_nodes=0 copied=0 scanned=111289 | cum modbuf=0 region=1940 satb=0 copied=0 scanned=15528463
[probe] gc=182 kind=Nursery modbuf_objs=0 region_entries=0 satb_nodes=0 copied=0 scanned=111350 | cum modbuf=0 region=1940 satb=0 copied=0 scanned=15639813
[probe] gc=183 kind=Nursery modbuf_objs=0 region_entries=0 satb_nodes=0 copied=0 scanned=111376 | cum modbuf=0 region=1940 satb=0 copied=0 scanned=15751189
[probe] gc=184 kind=Nursery modbuf_objs=0 region_entries=0 satb_nodes=0 copied=0 scanned=111285 | cum modbuf=0 region=1940 satb=0 copied=0 scanned=15862474
[probe] gc=185 kind=Nursery modbuf_objs=0 region_entries=0 satb_nodes=0 copied=0 scanned=111207 | cum modbuf=0 region=1940 satb=0 copied=0 scanned=15973681
[probe] gc=186 kind=Nursery modbuf_objs=0 region_entries=0 satb_nodes=0 copied=0 scanned=111191 | cum modbuf=0 region=1940 satb=0 copied=0 scanned=16084872
[probe] gc=187 kind=Nursery modbuf_objs=0 region_entries=0 satb_nodes=0 copied=0 scanned=111297 | cum modbuf=0 region=1940 satb=0 copied=0 scanned=16196169
[probe] gc=188 kind=Nursery modbuf_objs=0 region_entries=0 satb_nodes=0 copied=0 scanned=111350 | cum modbuf=0 region=1940 satb=0 copied=0 scanned=16307519
[probe] gc=189 kind=Full modbuf_objs=0 region_entries=0 satb_nodes=0 copied=0 scanned=0 | cum modbuf=0 region=1940 satb=0 copied=0 scanned=16307519
[probe] gc=190 kind=Nursery modbuf_objs=0 region_entries=0 satb_nodes=0 copied=0 scanned=111289 | cum modbuf=0 region=1940 satb=0 copied=0 scanned=16418808
[probe] gc=191 kind=Nursery modbuf_objs=0 region_entries=0 satb_nodes=0 copied=0 scanned=111375 | cum modbuf=0 region=1940 satb=0 copied=0 scanned=16530183
[probe] gc=192 kind=Nursery modbuf_objs=0 region_entries=0 satb_nodes=0 copied=0 scanned=111295 | cum modbuf=0 region=1940 satb=0 copied=0 scanned=16641478
[probe] gc=193 kind=Nursery modbuf_objs=0 region_entries=0 satb_nodes=0 copied=0 scanned=111298 | cum modbuf=0 region=1940 satb=0 copied=0 scanned=16752776
[probe] gc=194 kind=Nursery modbuf_objs=0 region_entries=0 satb_nodes=0 copied=0 scanned=111208 | cum modbuf=0 region=1940 satb=0 copied=0 scanned=16863984
[probe] gc=195 kind=Nursery modbuf_objs=0 region_entries=0 satb_nodes=0 copied=0 scanned=111191 | cum modbuf=0 region=1940 satb=0 copied=0 scanned=16975175
[probe] gc=196 kind=Nursery modbuf_objs=0 region_entries=0 satb_nodes=0 copied=0 scanned=111339 | cum modbuf=0 region=1940 satb=0 copied=0 scanned=17086514
[probe] gc=197 kind=Nursery modbuf_objs=0 region_entries=0 satb_nodes=0 copied=0 scanned=111291 | cum modbuf=0 region=1940 satb=0 copied=0 scanned=17197805
[probe] gc=198 kind=Nursery modbuf_objs=0 region_entries=0 satb_nodes=0 copied=0 scanned=111372 | cum modbuf=0 region=1940 satb=0 copied=0 scanned=17309177
[probe] gc=199 kind=Nursery modbuf_objs=0 region_entries=0 satb_nodes=0 copied=0 scanned=111365 | cum modbuf=0 region=1940 satb=0 copied=0 scanned=17420542
[probe] gc=200 kind=Nursery modbuf_objs=0 region_entries=0 satb_nodes=0 copied=0 scanned=111294 | cum modbuf=0 region=1940 satb=0 copied=0 scanned=17531836
[probe] gc=201 kind=Nursery modbuf_objs=0 region_entries=0 satb_nodes=0 copied=0 scanned=111246 | cum modbuf=0 region=1940 satb=0 copied=0 scanned=17643082
[probe] gc=202 kind=Nursery modbuf_objs=0 region_entries=0 satb_nodes=0 copied=0 scanned=111189 | cum modbuf=0 region=1940 satb=0 copied=0 scanned=17754271
[probe] gc=203 kind=Nursery modbuf_objs=0 region_entries=0 satb_nodes=0 copied=0 scanned=111233 | cum modbuf=0 region=1940 satb=0 copied=0 scanned=17865504
[probe] gc=204 kind=Nursery modbuf_objs=0 region_entries=0 satb_nodes=0 copied=0 scanned=111380 | cum modbuf=0 region=1940 satb=0 copied=0 scanned=17976884
[probe] gc=205 kind=Nursery modbuf_objs=0 region_entries=0 satb_nodes=0 copied=0 scanned=111293 | cum modbuf=0 region=1940 satb=0 copied=0 scanned=18088177
[probe] gc=206 kind=Nursery modbuf_objs=0 region_entries=0 satb_nodes=0 copied=0 scanned=111360 | cum modbuf=0 region=1940 satb=0 copied=0 scanned=18199537
[probe] gc=207 kind=Nursery modbuf_objs=0 region_entries=0 satb_nodes=0 copied=0 scanned=111292 | cum modbuf=0 region=1940 satb=0 copied=0 scanned=18310829
[probe] gc=208 kind=Nursery modbuf_objs=0 region_entries=0 satb_nodes=0 copied=0 scanned=111352 | cum modbuf=0 region=1940 satb=0 copied=0 scanned=18422181
[probe] gc=209 kind=Nursery modbuf_objs=0 region_entries=0 satb_nodes=0 copied=0 scanned=111208 | cum modbuf=0 region=1940 satb=0 copied=0 scanned=18533389
[probe] gc=210 kind=Nursery modbuf_objs=0 region_entries=0 satb_nodes=0 copied=0 scanned=111193 | cum modbuf=0 region=1940 satb=0 copied=0 scanned=18644582
[probe] gc=211 kind=Nursery modbuf_objs=0 region_entries=0 satb_nodes=0 copied=0 scanned=111287 | cum modbuf=0 region=1940 satb=0 copied=0 scanned=18755869
[probe] gc=212 kind=Nursery modbuf_objs=0 region_entries=0 satb_nodes=0 copied=0 scanned=111293 | cum modbuf=0 region=1940 satb=0 copied=0 scanned=18867162
[probe] gc=213 kind=Nursery modbuf_objs=0 region_entries=0 satb_nodes=0 copied=0 scanned=111371 | cum modbuf=0 region=1940 satb=0 copied=0 scanned=18978533
[probe] gc=214 kind=Nursery modbuf_objs=0 region_entries=0 satb_nodes=0 copied=0 scanned=111375 | cum modbuf=0 region=1940 satb=0 copied=0 scanned=19089908
[probe] gc=215 kind=Nursery modbuf_objs=0 region_entries=0 satb_nodes=0 copied=0 scanned=111282 | cum modbuf=0 region=1940 satb=0 copied=0 scanned=19201190
[probe] gc=216 kind=Nursery modbuf_objs=0 region_entries=0 satb_nodes=0 copied=0 scanned=111295 | cum modbuf=0 region=1940 satb=0 copied=0 scanned=19312485
[probe] gc=217 kind=Nursery modbuf_objs=0 region_entries=0 satb_nodes=0 copied=0 scanned=111193 | cum modbuf=0 region=1940 satb=0 copied=0 scanned=19423678
[probe] gc=218 kind=Nursery modbuf_objs=0 region_entries=0 satb_nodes=0 copied=0 scanned=111207 | cum modbuf=0 region=1940 satb=0 copied=0 scanned=19534885
[probe] gc=219 kind=Nursery modbuf_objs=0 region_entries=0 satb_nodes=0 copied=0 scanned=111355 | cum modbuf=0 region=1940 satb=0 copied=0 scanned=19646240
[probe] gc=220 kind=Nursery modbuf_objs=0 region_entries=0 satb_nodes=0 copied=0 scanned=111289 | cum modbuf=0 region=1940 satb=0 copied=0 scanned=19757529
[probe] gc=221 kind=Nursery modbuf_objs=0 region_entries=0 satb_nodes=0 copied=0 scanned=111361 | cum modbuf=0 region=1940 satb=0 copied=0 scanned=19868890
[probe] gc=222 kind=Nursery modbuf_objs=0 region_entries=0 satb_nodes=0 copied=0 scanned=111287 | cum modbuf=0 region=1940 satb=0 copied=0 scanned=19980177
[probe] gc=223 kind=Nursery modbuf_objs=0 region_entries=0 satb_nodes=0 copied=0 scanned=111372 | cum modbuf=0 region=1940 satb=0 copied=0 scanned=20091549
[probe] gc=224 kind=Nursery modbuf_objs=0 region_entries=0 satb_nodes=0 copied=0 scanned=111238 | cum modbuf=0 region=1940 satb=0 copied=0 scanned=20202787
[probe] gc=225 kind=Nursery modbuf_objs=0 region_entries=0 satb_nodes=0 copied=0 scanned=111191 | cum modbuf=0 region=1940 satb=0 copied=0 scanned=20313978
[probe] gc=226 kind=Nursery modbuf_objs=0 region_entries=0 satb_nodes=0 copied=0 scanned=111259 | cum modbuf=0 region=1940 satb=0 copied=0 scanned=20425237
[probe] gc=227 kind=Nursery modbuf_objs=0 region_entries=0 satb_nodes=0 copied=0 scanned=111292 | cum modbuf=0 region=1940 satb=0 copied=0 scanned=20536529
[probe] gc=228 kind=Nursery modbuf_objs=0 region_entries=0 satb_nodes=0 copied=0 scanned=111348 | cum modbuf=0 region=1940 satb=0 copied=0 scanned=20647877
[probe] gc=229 kind=Nursery modbuf_objs=0 region_entries=0 satb_nodes=0 copied=0 scanned=111379 | cum modbuf=0 region=1940 satb=0 copied=0 scanned=20759256
[probe] gc=230 kind=Nursery modbuf_objs=0 region_entries=0 satb_nodes=0 copied=0 scanned=111292 | cum modbuf=0 region=1940 satb=0 copied=0 scanned=20870548
[probe] gc=231 kind=Nursery modbuf_objs=0 region_entries=0 satb_nodes=0 copied=0 scanned=111342 | cum modbuf=0 region=1940 satb=0 copied=0 scanned=20981890
[probe] gc=232 kind=Nursery modbuf_objs=0 region_entries=0 satb_nodes=0 copied=0 scanned=111189 | cum modbuf=0 region=1940 satb=0 copied=0 scanned=21093079
[probe] gc=233 kind=Nursery modbuf_objs=0 region_entries=0 satb_nodes=0 copied=0 scanned=111207 | cum modbuf=0 region=1940 satb=0 copied=0 scanned=21204286
[probe] gc=234 kind=Nursery modbuf_objs=0 region_entries=0 satb_nodes=0 copied=0 scanned=111297 | cum modbuf=0 region=1940 satb=0 copied=0 scanned=21315583
[probe] gc=235 kind=Nursery modbuf_objs=0 region_entries=0 satb_nodes=0 copied=0 scanned=240102 | cum modbuf=0 region=1940 satb=0 copied=0 scanned=21555685
[probe] gc=236 kind=Nursery modbuf_objs=0 region_entries=0 satb_nodes=0 copied=0 scanned=655350 | cum modbuf=0 region=1940 satb=0 copied=0 scanned=22211035
[probe] gc=237 kind=Full modbuf_objs=0 region_entries=0 satb_nodes=0 copied=0 scanned=0 | cum modbuf=0 region=1940 satb=0 copied=0 scanned=22211035
[probe] gc=238 kind=Nursery modbuf_objs=0 region_entries=0 satb_nodes=0 copied=0 scanned=655350 | cum modbuf=0 region=1940 satb=0 copied=0 scanned=22866385
[probe] gc=239 kind=Nursery modbuf_objs=0 region_entries=0 satb_nodes=0 copied=0 scanned=655350 | cum modbuf=0 region=1940 satb=0 copied=0 scanned=23521735
[probe] gc=240 kind=Nursery modbuf_objs=0 region_entries=0 satb_nodes=0 copied=0 scanned=655350 | cum modbuf=0 region=1940 satb=0 copied=0 scanned=24177085
[probe] gc=241 kind=Nursery modbuf_objs=0 region_entries=0 satb_nodes=0 copied=0 scanned=655350 | cum modbuf=0 region=1940 satb=0 copied=0 scanned=24832435
[probe] gc=242 kind=Nursery modbuf_objs=0 region_entries=0 satb_nodes=0 copied=0 scanned=655350 | cum modbuf=0 region=1940 satb=0 copied=0 scanned=25487785
[probe] gc=243 kind=Nursery modbuf_objs=0 region_entries=0 satb_nodes=0 copied=0 scanned=655350 | cum modbuf=0 region=1940 satb=0 copied=0 scanned=26143135
[probe] gc=244 kind=Nursery modbuf_objs=0 region_entries=0 satb_nodes=0 copied=0 scanned=655350 | cum modbuf=0 region=1940 satb=0 copied=0 scanned=26798485
[probe] gc=245 kind=Nursery modbuf_objs=0 region_entries=0 satb_nodes=0 copied=0 scanned=655350 | cum modbuf=0 region=1940 satb=0 copied=0 scanned=27453835
[probe] gc=246 kind=Nursery modbuf_objs=0 region_entries=0 satb_nodes=0 copied=0 scanned=655350 | cum modbuf=0 region=1940 satb=0 copied=0 scanned=28109185
[probe] gc=247 kind=Nursery modbuf_objs=0 region_entries=0 satb_nodes=0 copied=0 scanned=655350 | cum modbuf=0 region=1940 satb=0 copied=0 scanned=28764535
[probe] gc=248 kind=Nursery modbuf_objs=0 region_entries=0 satb_nodes=0 copied=0 scanned=655350 | cum modbuf=0 region=1940 satb=0 copied=0 scanned=29419885
[probe] gc=249 kind=Nursery modbuf_objs=0 region_entries=0 satb_nodes=0 copied=0 scanned=655350 | cum modbuf=0 region=1940 satb=0 copied=0 scanned=30075235
[probe] gc=250 kind=Nursery modbuf_objs=0 region_entries=0 satb_nodes=0 copied=0 scanned=655350 | cum modbuf=0 region=1940 satb=0 copied=0 scanned=30730585
[probe] gc=251 kind=Nursery modbuf_objs=0 region_entries=0 satb_nodes=0 copied=0 scanned=655350 | cum modbuf=0 region=1940 satb=0 copied=0 scanned=31385935
[mmtk] GCs: 252 (full: 8), GC time: 15454 ms, objects copied: 31393817
