# quick panel on church (Xeon Gold 5120, core 2, setarch -R), IDLE machine, 2026-09-14 18:25-18:35 IST; dynamic heap, MMTK_THREADS=1, perf sizes.
# INTERLEAVED: per bench, 5 rounds of vanilla/gate/v5 back-to-back; all three sides built on the laptop with the same GCC/ld (vanilla from the vanilla-5.5.0 switch at release 5.5.0 f5238509d), see the layout note in REPORT.md.
vanilla nbody: golden=OK wall_med=2.140s (n=5 min=2.130 max=2.160) rss=2MB minors=0 majors=0 promoted_words=0 gc_time=0.00s max_pause=0.00ms
gate-after nbody: golden=OK wall_med=2.150s (n=5 min=2.140 max=2.200) rss=10MB pauses=0 fulls=0 max_pause=0.0ms | [mmtk] GCs: 0 (full: 0), GC time: 0 ms, objects copied: 0
gate-v5 nbody: golden=OK wall_med=2.140s (n=5 min=2.140 max=2.150) rss=10MB pauses=0 fulls=0 max_pause=0.0ms | [mmtk] GCs: 0 (full: 0), GC time: 0 ms, objects copied: 0
vanilla fannkuchredux: golden=OK wall_med=3.350s (n=5 min=3.350 max=3.410) rss=2MB minors=0 majors=0 promoted_words=0 gc_time=0.00s max_pause=0.00ms
gate-after fannkuchredux: golden=OK wall_med=3.460s (n=5 min=3.460 max=3.460) rss=9MB pauses=0 fulls=0 max_pause=0.0ms | [mmtk] GCs: 0 (full: 0), GC time: 0 ms, objects copied: 0
gate-v5 fannkuchredux: golden=OK wall_med=3.460s (n=5 min=3.450 max=3.510) rss=10MB pauses=0 fulls=0 max_pause=0.0ms | [mmtk] GCs: 0 (full: 0), GC time: 0 ms, objects copied: 0
vanilla mandelbrot: golden=OK wall_med=1.780s (n=5 min=1.770 max=1.790) rss=2MB minors=0 majors=0 promoted_words=0 gc_time=0.00s max_pause=0.00ms
gate-after mandelbrot: golden=OK wall_med=1.730s (n=5 min=1.730 max=1.770) rss=9MB pauses=0 fulls=0 max_pause=0.0ms | [mmtk] GCs: 0 (full: 0), GC time: 0 ms, objects copied: 0
gate-v5 mandelbrot: golden=OK wall_med=1.730s (n=5 min=1.730 max=1.740) rss=10MB pauses=0 fulls=0 max_pause=0.0ms | [mmtk] GCs: 0 (full: 0), GC time: 0 ms, objects copied: 0
vanilla spectralnorm: golden=OK wall_med=1.550s (n=5 min=1.550 max=1.550) rss=5MB minors=2746 majors=0 promoted_words=162 gc_time=0.01s max_pause=0.06ms
gate-after spectralnorm: golden=OK wall_med=1.610s (n=5 min=1.600 max=1.620) rss=20MB pauses=754 fulls=22 max_pause=2.2ms | [mmtk] GCs: 754 (full: 22), GC time: 54 ms, objects copied: 37
gate-v5 spectralnorm: golden=OK wall_med=1.600s (n=5 min=1.600 max=1.610) rss=20MB pauses=754 fulls=22 max_pause=2.2ms | [mmtk] GCs: 754 (full: 22), GC time: 60 ms, objects copied: 37
vanilla LU_decomposition: golden=OK wall_med=1.690s (n=5 min=1.690 max=1.740) rss=17MB minors=5587 majors=2 promoted_words=513 gc_time=0.01s max_pause=0.45ms
gate-after LU_decomposition: golden=OK wall_med=1.930s (n=5 min=1.920 max=1.940) rss=34MB pauses=1536 fulls=47 max_pause=1.2ms | [mmtk] GCs: 1536 (full: 47), GC time: 117 ms, objects copied: 102
gate-v5 LU_decomposition: golden=OK wall_med=1.920s (n=5 min=1.910 max=1.930) rss=35MB pauses=1536 fulls=47 max_pause=1.3ms | [mmtk] GCs: 1536 (full: 47), GC time: 115 ms, objects copied: 102
vanilla matrix_multiplication: golden=OK wall_med=1.470s (n=5 min=1.460 max=1.490) rss=16MB minors=12 majors=6 promoted_words=511 gc_time=0.00s max_pause=0.34ms
gate-after matrix_multiplication: golden=OK wall_med=1.670s (n=5 min=1.640 max=1.670) rss=36MB pauses=4 fulls=1 max_pause=11.2ms | [mmtk] GCs: 4 (full: 1), GC time: 12 ms, objects copied: 101
gate-v5 matrix_multiplication: golden=OK wall_med=1.670s (n=5 min=1.660 max=1.680) rss=36MB pauses=3 fulls=1 max_pause=7.9ms | [mmtk] GCs: 3 (full: 1), GC time: 9 ms, objects copied: 101
vanilla binarytrees: golden=OK wall_med=4.270s (n=5 min=4.260 max=4.270) rss=92MB minors=1778 majors=61 promoted_words=137366490 gc_time=2.60s max_pause=8.31ms
gate-after binarytrees: golden=OK wall_med=4.380s (n=5 min=4.360 max=4.420) rss=149MB pauses=259 fulls=15 max_pause=104.0ms | [mmtk] GCs: 259 (full: 15), GC time: 2746 ms, objects copied: 18047386
gate-v5 binarytrees: golden=OK wall_med=4.420s (n=5 min=4.420 max=4.470) rss=150MB pauses=259 fulls=15 max_pause=111.0ms | [mmtk] GCs: 259 (full: 15), GC time: 2801 ms, objects copied: 18047615
vanilla kb: golden=OK wall_med=1.490s (n=5 min=1.480 max=1.520) rss=8MB minors=942 majors=126 promoted_words=12526379 gc_time=0.24s max_pause=0.66ms
gate-after kb: golden=OK wall_med=1.810s (n=5 min=1.790 max=1.830) rss=25MB pauses=246 fulls=12 max_pause=6.5ms | [mmtk] GCs: 246 (full: 12), GC time: 400 ms, objects copied: 3786827
gate-v5 kb: golden=OK wall_med=1.810s (n=5 min=1.780 max=1.810) rss=25MB pauses=246 fulls=12 max_pause=5.1ms | [mmtk] GCs: 246 (full: 12), GC time: 398 ms, objects copied: 3786827
vanilla weak_memo: golden=OK wall_med=1.400s (n=5 min=1.390 max=1.400) rss=7MB minors=607 majors=220 promoted_words=19857689 gc_time=0.44s max_pause=1.17ms
gate-after weak_memo: golden=OK wall_med=1.640s (n=5 min=1.630 max=1.650) rss=28MB pauses=137 fulls=5 max_pause=9.3ms | [mmtk] GCs: 138 (full: 5), GC time: 765 ms, objects copied: 2179185
gate-v5 weak_memo: golden=OK wall_med=1.640s (n=5 min=1.640 max=1.640) rss=29MB pauses=137 fulls=5 max_pause=9.4ms | [mmtk] GCs: 138 (full: 5), GC time: 762 ms, objects copied: 2179242
vanilla mature_mutation: golden=OK wall_med=0.830s (n=5 min=0.830 max=0.840) rss=18MB minors=255 majors=43 promoted_words=23257162 gc_time=0.62s max_pause=2.46ms
gate-after mature_mutation: golden=OK wall_med=2.040s (n=5 min=2.030 max=2.080) rss=71MB pauses=61 fulls=17 max_pause=48.0ms | [mmtk] GCs: 61 (full: 17), GC time: 1670 ms, objects copied: 8012609
gate-v5 mature_mutation: golden=OK wall_med=2.020s (n=5 min=2.020 max=2.030) rss=72MB pauses=61 fulls=17 max_pause=48.0ms | [mmtk] GCs: 61 (full: 17), GC time: 1664 ms, objects copied: 8012609
vanilla fragmed: golden=OK wall_med=0.100s (n=5 min=0.100 max=0.110) rss=29MB minors=172 majors=86 promoted_words=160 gc_time=0.05s max_pause=0.46ms
gate-after fragmed: golden=OK wall_med=0.190s (n=5 min=0.180 max=0.210) rss=280MB pauses=30 fulls=6 max_pause=17.6ms | [mmtk] GCs: 30 (full: 6), GC time: 71 ms, objects copied: 37
gate-v5 fragmed: golden=OK wall_med=0.210s (n=5 min=0.200 max=0.210) rss=255MB pauses=26 fulls=6 max_pause=13.5ms | [mmtk] GCs: 26 (full: 6), GC time: 61 ms, objects copied: 37
