[pace] mature-alloc tick trigger by_mature=true by_cadence=true mature=190460p baseline=0p nb=748MB
[pace] slice gate: debt=0ms quantum=2.0ms minor_ewma=1.5ms tick=true worth=false feasible=true -> sliced
[pace] trigger by_mature=true by_cadence=false mature=190468p baseline=0p n=1 nb=16MB
[pace] trigger by_mature=true by_cadence=false mature=190476p baseline=0p n=2 nb=32MB
[pace] trigger by_mature=false by_cadence=true mature=191262p baseline=190476p n=94 nb=1504MB
[pace] slice gate: debt=744ms quantum=13.3ms minor_ewma=0.3ms tick=false worth=true feasible=true -> sliced
[pace] trigger by_mature=false by_cadence=true mature=191262p baseline=190484p n=94 nb=1504MB
[pace] slice gate: debt=744ms quantum=13.3ms minor_ewma=0.3ms tick=false worth=true feasible=true -> sliced
[pace] trigger by_mature=false by_cadence=true mature=191262p baseline=190484p n=94 nb=1504MB
[pace] slice gate: debt=744ms quantum=13.3ms minor_ewma=0.3ms tick=false worth=true feasible=true -> sliced
[pace] trigger by_mature=false by_cadence=true mature=192040p baseline=190493p n=94 nb=1504MB
[pace] slice gate: debt=744ms quantum=13.3ms minor_ewma=0.3ms tick=false worth=true feasible=true -> sliced
[pace] trigger by_mature=false by_cadence=true mature=191262p baseline=190484p n=94 nb=1504MB
[pace] slice gate: debt=744ms quantum=13.3ms minor_ewma=0.3ms tick=false worth=true feasible=true -> sliced
[pace] trigger by_mature=false by_cadence=true mature=191262p baseline=190484p n=94 nb=1504MB
[pace] slice gate: debt=744ms quantum=13.3ms minor_ewma=0.3ms tick=false worth=true feasible=true -> sliced
[pace] mature-alloc tick trigger by_mature=true by_cadence=true mature=571852p baseline=190484p nb=2424MB
[pace] slice gate: debt=744ms quantum=2.0ms minor_ewma=0.3ms tick=true worth=true feasible=true -> sliced
[pace] trigger by_mature=true by_cadence=false mature=571861p baseline=190484p n=1 nb=16MB
[pace] trigger by_mature=true by_cadence=false mature=571869p baseline=190484p n=2 nb=32MB
[pace] trigger by_mature=false by_cadence=true mature=1405891p baseline=571368p n=181 nb=4474MB
[pace] slice gate: debt=2232ms quantum=5.4ms minor_ewma=51.7ms tick=false worth=true feasible=true -> sliced
[pace] trigger by_mature=true by_cadence=false mature=1431528p baseline=571368p n=9 nb=144MB
[pace] trigger by_mature=true by_cadence=false mature=1434729p baseline=571368p n=10 nb=160MB
[pace] trigger by_mature=true by_cadence=false mature=1437932p baseline=571368p n=11 nb=176MB
[pace] trigger by_mature=true by_cadence=false mature=1441133p baseline=571368p n=12 nb=192MB
[pace] trigger by_mature=true by_cadence=false mature=1444341p baseline=571368p n=13 nb=208MB
[pace] trigger by_mature=true by_cadence=false mature=1447543p baseline=571368p n=14 nb=224MB
[pace] trigger by_mature=true by_cadence=false mature=1450745p baseline=571368p n=15 nb=240MB
[pace] trigger by_mature=true by_cadence=false mature=1453947p baseline=571368p n=16 nb=256MB
[pace] trigger by_mature=true by_cadence=false mature=1457152p baseline=571368p n=17 nb=272MB
[pace] trigger by_mature=true by_cadence=false mature=1460354p baseline=571368p n=18 nb=288MB
[pace] trigger by_mature=true by_cadence=false mature=1463556p baseline=571368p n=19 nb=304MB
[pace] trigger by_mature=true by_cadence=false mature=1466758p baseline=571368p n=20 nb=320MB
[pace] trigger by_mature=true by_cadence=false mature=1469964p baseline=571368p n=21 nb=336MB
[pace] trigger by_mature=true by_cadence=false mature=1473165p baseline=571368p n=22 nb=352MB
[pace] trigger by_mature=true by_cadence=false mature=1476368p baseline=571368p n=23 nb=368MB
[pace] trigger by_mature=true by_cadence=false mature=1479571p baseline=571368p n=24 nb=384MB
[pace] trigger by_mature=true by_cadence=false mature=1482777p baseline=571368p n=25 nb=400MB
[pace] trigger by_mature=true by_cadence=false mature=1485978p baseline=571368p n=26 nb=416MB
[pace] trigger by_mature=true by_cadence=false mature=1489181p baseline=571368p n=27 nb=432MB
[pace] trigger by_mature=true by_cadence=false mature=1492382p baseline=571368p n=28 nb=448MB
[pace] trigger by_mature=true by_cadence=false mature=1495588p baseline=571368p n=29 nb=464MB
[pace] trigger by_mature=true by_cadence=false mature=1498790p baseline=571368p n=30 nb=480MB
[pace] trigger by_mature=true by_cadence=false mature=1501992p baseline=571368p n=31 nb=496MB
[pace] trigger by_mature=true by_cadence=false mature=1505194p baseline=571368p n=32 nb=512MB
[pace] trigger by_mature=true by_cadence=false mature=1508399p baseline=571368p n=33 nb=528MB
[pace] trigger by_mature=true by_cadence=false mature=1511601p baseline=571368p n=34 nb=544MB
[pace] trigger by_mature=true by_cadence=false mature=1514805p baseline=571368p n=35 nb=560MB
[pace] trigger by_mature=true by_cadence=false mature=1518007p baseline=571368p n=36 nb=576MB
[pace] trigger by_mature=true by_cadence=false mature=1521213p baseline=571368p n=37 nb=592MB
[pace] trigger by_mature=true by_cadence=false mature=1524414p baseline=571368p n=38 nb=608MB
[pace] trigger by_mature=true by_cadence=false mature=1527617p baseline=571368p n=39 nb=624MB
[pace] trigger by_mature=true by_cadence=false mature=1530818p baseline=571368p n=40 nb=640MB
[pace] trigger by_mature=true by_cadence=false mature=1534024p baseline=571368p n=41 nb=656MB
[pace] trigger by_mature=true by_cadence=false mature=1537225p baseline=571368p n=42 nb=672MB
[pace] trigger by_mature=true by_cadence=false mature=1540428p baseline=571368p n=43 nb=688MB
[pace] trigger by_mature=true by_cadence=false mature=1543629p baseline=571368p n=44 nb=704MB
[pace] trigger by_mature=true by_cadence=false mature=1546835p baseline=571368p n=45 nb=720MB
[pace] trigger by_mature=true by_cadence=false mature=1550039p baseline=571368p n=46 nb=736MB
[pace] trigger by_mature=true by_cadence=false mature=1553241p baseline=571368p n=47 nb=752MB
[pace] trigger by_mature=true by_cadence=false mature=1556443p baseline=571368p n=48 nb=768MB
[pace] trigger by_mature=true by_cadence=false mature=1559648p baseline=571368p n=49 nb=784MB
[pace] trigger by_mature=true by_cadence=false mature=1562850p baseline=571368p n=50 nb=800MB
[pace] trigger by_mature=true by_cadence=false mature=1566052p baseline=571368p n=51 nb=816MB
[pace] trigger by_mature=true by_cadence=false mature=1569254p baseline=571368p n=52 nb=832MB
[pace] trigger by_mature=true by_cadence=false mature=1572460p baseline=571368p n=53 nb=848MB
[pace] trigger by_mature=true by_cadence=false mature=1575661p baseline=571368p n=54 nb=864MB
[pace] trigger by_mature=true by_cadence=false mature=1578864p baseline=571368p n=55 nb=880MB
[pace] trigger by_mature=true by_cadence=false mature=1582065p baseline=571368p n=56 nb=896MB
[pace] trigger by_mature=true by_cadence=false mature=1585273p baseline=571368p n=57 nb=912MB
[pace] trigger by_mature=true by_cadence=false mature=1588474p baseline=571368p n=58 nb=928MB
[pace] trigger by_mature=true by_cadence=false mature=1591677p baseline=571368p n=59 nb=944MB
[pace] trigger by_mature=true by_cadence=false mature=1594878p baseline=571368p n=60 nb=960MB
[pace] trigger by_mature=true by_cadence=false mature=1598084p baseline=571368p n=61 nb=976MB
[pace] trigger by_mature=true by_cadence=false mature=1601286p baseline=571368p n=62 nb=992MB
[pace] trigger by_mature=true by_cadence=false mature=1604488p baseline=571368p n=63 nb=1008MB
[pace] trigger by_mature=true by_cadence=false mature=1607690p baseline=571368p n=64 nb=1024MB
[pace] trigger by_mature=true by_cadence=false mature=1610895p baseline=571368p n=65 nb=1040MB
[pace] trigger by_mature=true by_cadence=false mature=1614097p baseline=571368p n=66 nb=1056MB
[pace] trigger by_mature=true by_cadence=false mature=1617299p baseline=571368p n=67 nb=1072MB
[pace] trigger by_mature=true by_cadence=false mature=1620503p baseline=571368p n=68 nb=1088MB
[pace] trigger by_mature=true by_cadence=false mature=1623709p baseline=571368p n=69 nb=1104MB
[pace] trigger by_mature=true by_cadence=false mature=1626910p baseline=571368p n=70 nb=1120MB
[pace] trigger by_mature=true by_cadence=false mature=1630113p baseline=571368p n=71 nb=1136MB
[pace] trigger by_mature=true by_cadence=false mature=1633314p baseline=571368p n=72 nb=1152MB
[pace] trigger by_mature=true by_cadence=false mature=1636520p baseline=571368p n=73 nb=1168MB
[pace] trigger by_mature=true by_cadence=false mature=1639721p baseline=571368p n=74 nb=1184MB
[pace] trigger by_mature=true by_cadence=false mature=1642924p baseline=571368p n=75 nb=1200MB
[pace] trigger by_mature=true by_cadence=false mature=1646125p baseline=571368p n=76 nb=1216MB
[pace] trigger by_mature=true by_cadence=false mature=1649331p baseline=571368p n=77 nb=1232MB
[pace] trigger by_mature=true by_cadence=false mature=1652533p baseline=571368p n=78 nb=1248MB
[pace] trigger by_mature=true by_cadence=false mature=1655737p baseline=571368p n=79 nb=1264MB
[pace] trigger by_mature=true by_cadence=false mature=1658939p baseline=571368p n=80 nb=1280MB
[pace] trigger by_mature=true by_cadence=false mature=1662144p baseline=571368p n=81 nb=1296MB
[pace] trigger by_mature=true by_cadence=false mature=1665346p baseline=571368p n=82 nb=1312MB
[pace] trigger by_mature=true by_cadence=false mature=1668548p baseline=571368p n=83 nb=1328MB
[pace] trigger by_mature=true by_cadence=false mature=1671750p baseline=571368p n=84 nb=1344MB
[pace] trigger by_mature=true by_cadence=false mature=1674956p baseline=571368p n=85 nb=1360MB
[pace] trigger by_mature=true by_cadence=false mature=1678157p baseline=571368p n=86 nb=1376MB
[pace] trigger by_mature=true by_cadence=false mature=1681360p baseline=571368p n=87 nb=1392MB
[pace] trigger by_mature=true by_cadence=false mature=1684561p baseline=571368p n=88 nb=1408MB
[pace] trigger by_mature=true by_cadence=false mature=1687767p baseline=571368p n=89 nb=1424MB
[pace] trigger by_mature=true by_cadence=false mature=1690968p baseline=571368p n=90 nb=1440MB
[pace] trigger by_mature=true by_cadence=false mature=1694173p baseline=571368p n=91 nb=1456MB
[pace] trigger by_mature=true by_cadence=false mature=1697374p baseline=571368p n=92 nb=1472MB
[pace] trigger by_mature=true by_cadence=false mature=1700580p baseline=571368p n=93 nb=1488MB
[pace] trigger by_mature=true by_cadence=false mature=1703782p baseline=571368p n=94 nb=1504MB
[pace] trigger by_mature=true by_cadence=false mature=1706984p baseline=571368p n=95 nb=1520MB
[pace] trigger by_mature=true by_cadence=false mature=1710186p baseline=571368p n=96 nb=1536MB
[pace] trigger by_mature=true by_cadence=false mature=1713391p baseline=571368p n=97 nb=1552MB
[pace] trigger by_mature=true by_cadence=false mature=1716593p baseline=571368p n=98 nb=1568MB
[pace] trigger by_mature=true by_cadence=false mature=1719795p baseline=571368p n=99 nb=1584MB
[pace] trigger by_mature=true by_cadence=false mature=1722997p baseline=571368p n=100 nb=1600MB
[pace] trigger by_mature=true by_cadence=false mature=1726203p baseline=571368p n=101 nb=1616MB
[pace] trigger by_mature=true by_cadence=false mature=1729406p baseline=571368p n=102 nb=1632MB
[pace] trigger by_mature=true by_cadence=false mature=1732609p baseline=571368p n=103 nb=1648MB
[pace] trigger by_mature=true by_cadence=false mature=1735810p baseline=571368p n=104 nb=1664MB
[pace] trigger by_mature=true by_cadence=false mature=1739016p baseline=571368p n=105 nb=1680MB
[pace] trigger by_mature=true by_cadence=false mature=1742217p baseline=571368p n=106 nb=1696MB
[pace] trigger by_mature=true by_cadence=false mature=1745420p baseline=571368p n=107 nb=1712MB
[pace] trigger by_mature=true by_cadence=false mature=1748621p baseline=571368p n=108 nb=1728MB
[pace] trigger by_mature=true by_cadence=false mature=1751827p baseline=571368p n=109 nb=1744MB
[pace] trigger by_mature=true by_cadence=false mature=1755029p baseline=571368p n=110 nb=1760MB
[pace] trigger by_mature=true by_cadence=false mature=1758231p baseline=571368p n=111 nb=1776MB
[pace] trigger by_mature=true by_cadence=false mature=1761433p baseline=571368p n=112 nb=1792MB
[pace] trigger by_mature=true by_cadence=false mature=1764640p baseline=571368p n=113 nb=1808MB
[pace] trigger by_mature=true by_cadence=false mature=1767842p baseline=571368p n=114 nb=1824MB
[pace] trigger by_mature=true by_cadence=false mature=1771044p baseline=571368p n=115 nb=1840MB
[pace] trigger by_mature=true by_cadence=false mature=1774246p baseline=571368p n=116 nb=1856MB
[pace] trigger by_mature=true by_cadence=false mature=1777452p baseline=571368p n=117 nb=1872MB
[pace] trigger by_mature=true by_cadence=false mature=1780653p baseline=571368p n=118 nb=1888MB
[pace] trigger by_mature=true by_cadence=false mature=1783856p baseline=571368p n=119 nb=1904MB
[pace] trigger by_mature=true by_cadence=false mature=1787057p baseline=571368p n=120 nb=1920MB
[pace] trigger by_mature=true by_cadence=false mature=1790263p baseline=571368p n=121 nb=1936MB
[pace] trigger by_mature=true by_cadence=false mature=1793464p baseline=571368p n=122 nb=1952MB
[pace] trigger by_mature=true by_cadence=false mature=1796667p baseline=571368p n=123 nb=1968MB
[pace] trigger by_mature=true by_cadence=false mature=1799870p baseline=571368p n=124 nb=1984MB
[pace] trigger by_mature=true by_cadence=false mature=1803076p baseline=571368p n=125 nb=2000MB
[pace] trigger by_mature=true by_cadence=false mature=1806278p baseline=571368p n=126 nb=2016MB
[pace] trigger by_mature=true by_cadence=false mature=1809480p baseline=571368p n=127 nb=2032MB
[pace] trigger by_mature=true by_cadence=false mature=1812682p baseline=571368p n=128 nb=2048MB
[pace] trigger by_mature=true by_cadence=false mature=1815887p baseline=571368p n=129 nb=2064MB
[pace] trigger by_mature=true by_cadence=false mature=1819089p baseline=571368p n=130 nb=2080MB
[pace] trigger by_mature=true by_cadence=false mature=1822291p baseline=571368p n=131 nb=2096MB
[pace] trigger by_mature=true by_cadence=false mature=1825493p baseline=571368p n=132 nb=2112MB
[pace] trigger by_mature=true by_cadence=false mature=1828699p baseline=571368p n=133 nb=2128MB
[pace] trigger by_mature=true by_cadence=false mature=1831900p baseline=571368p n=134 nb=2144MB
[pace] trigger by_mature=true by_cadence=false mature=1835105p baseline=571368p n=135 nb=2160MB
[pace] trigger by_mature=true by_cadence=false mature=1838306p baseline=571368p n=136 nb=2176MB
[pace] trigger by_mature=true by_cadence=false mature=1841512p baseline=571368p n=137 nb=2192MB
[pace] trigger by_mature=true by_cadence=false mature=1844713p baseline=571368p n=138 nb=2208MB
[pace] trigger by_mature=true by_cadence=false mature=1847916p baseline=571368p n=139 nb=2224MB
[pace] trigger by_mature=true by_cadence=false mature=1851117p baseline=571368p n=140 nb=2240MB
[pace] trigger by_mature=true by_cadence=false mature=1854323p baseline=571368p n=141 nb=2256MB
[pace] trigger by_mature=true by_cadence=false mature=1857525p baseline=571368p n=142 nb=2272MB
[pace] trigger by_mature=true by_cadence=false mature=1860727p baseline=571368p n=143 nb=2288MB
[pace] trigger by_mature=true by_cadence=false mature=1863929p baseline=571368p n=144 nb=2304MB
[pace] trigger by_mature=true by_cadence=false mature=1867134p baseline=571368p n=145 nb=2320MB
[pace] trigger by_mature=true by_cadence=false mature=1870338p baseline=571368p n=146 nb=2336MB
[pace] trigger by_mature=true by_cadence=false mature=1873540p baseline=571368p n=147 nb=2352MB
[pace] trigger by_mature=true by_cadence=false mature=1876742p baseline=571368p n=148 nb=2368MB
[pace] trigger by_mature=true by_cadence=false mature=1879948p baseline=571368p n=149 nb=2384MB
[pace] trigger by_mature=true by_cadence=false mature=1883149p baseline=571368p n=150 nb=2400MB
[pace] trigger by_mature=true by_cadence=false mature=1886352p baseline=571368p n=151 nb=2416MB
[pace] trigger by_mature=true by_cadence=false mature=1889553p baseline=571368p n=152 nb=2432MB
[pace] trigger by_mature=true by_cadence=false mature=1892759p baseline=571368p n=153 nb=2448MB
[pace] trigger by_mature=true by_cadence=false mature=1895960p baseline=571368p n=154 nb=2464MB
[pace] trigger by_mature=true by_cadence=false mature=1899163p baseline=571368p n=155 nb=2480MB
[pace] trigger by_mature=true by_cadence=false mature=1902364p baseline=571368p n=156 nb=2496MB
[pace] trigger by_mature=true by_cadence=false mature=1905572p baseline=571368p n=157 nb=2512MB
[pace] trigger by_mature=true by_cadence=false mature=1908774p baseline=571368p n=158 nb=2528MB
[pace] trigger by_mature=true by_cadence=false mature=1911976p baseline=571368p n=159 nb=2544MB
[pace] trigger by_mature=true by_cadence=false mature=1915178p baseline=571368p n=160 nb=2560MB
[pace] trigger by_mature=true by_cadence=false mature=1918383p baseline=571368p n=161 nb=2576MB
[pace] trigger by_mature=true by_cadence=false mature=1921585p baseline=571368p n=162 nb=2592MB
[pace] trigger by_mature=true by_cadence=false mature=1924787p baseline=571368p n=163 nb=2608MB
[pace] trigger by_mature=true by_cadence=false mature=1927989p baseline=571368p n=164 nb=2624MB
[pace] trigger by_mature=true by_cadence=false mature=1931195p baseline=571368p n=165 nb=2640MB
[pace] trigger by_mature=true by_cadence=false mature=1934396p baseline=571368p n=166 nb=2656MB
[pace] trigger by_mature=true by_cadence=false mature=1937599p baseline=571368p n=167 nb=2672MB
[pace] trigger by_mature=true by_cadence=false mature=1940802p baseline=571368p n=168 nb=2688MB
[pace] trigger by_mature=true by_cadence=false mature=1944008p baseline=571368p n=169 nb=2704MB
[pace] trigger by_mature=true by_cadence=false mature=1947209p baseline=571368p n=170 nb=2720MB
[pace] trigger by_mature=true by_cadence=false mature=1950412p baseline=571368p n=171 nb=2736MB
[pace] trigger by_mature=true by_cadence=false mature=1953613p baseline=571368p n=172 nb=2752MB
[pace] trigger by_mature=true by_cadence=false mature=1956819p baseline=571368p n=173 nb=2768MB
[pace] trigger by_mature=true by_cadence=false mature=1960021p baseline=571368p n=174 nb=2784MB
[pace] trigger by_mature=true by_cadence=false mature=1963223p baseline=571368p n=175 nb=2800MB
[pace] trigger by_mature=true by_cadence=false mature=1966425p baseline=571368p n=176 nb=2816MB
[pace] trigger by_mature=true by_cadence=false mature=1969630p baseline=571368p n=177 nb=2832MB
[pace] trigger by_mature=true by_cadence=false mature=1972832p baseline=571368p n=178 nb=2848MB
[pace] trigger by_mature=true by_cadence=false mature=1976036p baseline=571368p n=179 nb=2864MB
[pace] trigger by_mature=true by_cadence=false mature=1979238p baseline=571368p n=180 nb=2880MB
[pace] trigger by_mature=true by_cadence=false mature=1982444p baseline=571368p n=181 nb=2896MB
[pace] trigger by_mature=true by_cadence=false mature=1985645p baseline=571368p n=182 nb=2912MB
[pace] trigger by_mature=true by_cadence=false mature=1988848p baseline=571368p n=183 nb=2928MB
[pace] trigger by_mature=true by_cadence=false mature=1992049p baseline=571368p n=184 nb=2944MB
[pace] trigger by_mature=true by_cadence=false mature=1995255p baseline=571368p n=185 nb=2960MB
[pace] trigger by_mature=true by_cadence=false mature=1998456p baseline=571368p n=186 nb=2976MB
[pace] trigger by_mature=true by_cadence=false mature=2001659p baseline=571368p n=187 nb=2992MB
[pace] trigger by_mature=true by_cadence=false mature=2004860p baseline=571368p n=188 nb=3008MB
[pace] trigger by_mature=true by_cadence=false mature=2008066p baseline=571368p n=189 nb=3024MB
[pace] trigger by_mature=true by_cadence=false mature=2011270p baseline=571368p n=190 nb=3040MB
[pace] trigger by_mature=true by_cadence=false mature=2014472p baseline=571368p n=191 nb=3056MB
[pace] trigger by_mature=true by_cadence=false mature=2017674p baseline=571368p n=192 nb=3072MB
[pace] trigger by_mature=true by_cadence=false mature=2020879p baseline=571368p n=193 nb=3088MB
[pace] trigger by_mature=true by_cadence=false mature=2024081p baseline=571368p n=194 nb=3104MB
[pace] trigger by_mature=true by_cadence=false mature=2027283p baseline=571368p n=195 nb=3120MB
[pace] trigger by_mature=true by_cadence=false mature=2030485p baseline=571368p n=196 nb=3136MB
[pace] trigger by_mature=true by_cadence=false mature=2033691p baseline=571368p n=197 nb=3152MB
[pace] trigger by_mature=true by_cadence=false mature=2036892p baseline=571368p n=198 nb=3168MB
[pace] trigger by_mature=true by_cadence=false mature=2040095p baseline=571368p n=199 nb=3184MB
[pace] trigger by_mature=true by_cadence=false mature=2043296p baseline=571368p n=200 nb=3200MB
[pace] trigger by_mature=true by_cadence=false mature=2046504p baseline=571368p n=201 nb=3216MB
[pace] trigger by_mature=true by_cadence=false mature=2049705p baseline=571368p n=202 nb=3232MB
[pace] trigger by_mature=true by_cadence=false mature=2052908p baseline=571368p n=203 nb=3248MB
[pace] trigger by_mature=true by_cadence=false mature=2056109p baseline=571368p n=204 nb=3264MB
[pace] trigger by_mature=true by_cadence=false mature=2059315p baseline=571368p n=205 nb=3280MB
[pace] trigger by_mature=true by_cadence=false mature=2062517p baseline=571368p n=206 nb=3296MB
[pace] trigger by_mature=true by_cadence=false mature=2065719p baseline=571368p n=207 nb=3312MB
[pace] trigger by_mature=true by_cadence=false mature=2068921p baseline=571368p n=208 nb=3328MB
[pace] trigger by_mature=true by_cadence=false mature=2072126p baseline=571368p n=209 nb=3344MB
[pace] trigger by_mature=true by_cadence=false mature=2075328p baseline=571368p n=210 nb=3360MB
[pace] trigger by_mature=true by_cadence=false mature=2078530p baseline=571368p n=211 nb=3376MB
[pace] trigger by_mature=true by_cadence=false mature=2081734p baseline=571368p n=212 nb=3392MB
[pace] trigger by_mature=true by_cadence=false mature=2084940p baseline=571368p n=213 nb=3408MB
[pace] trigger by_mature=true by_cadence=false mature=2088141p baseline=571368p n=214 nb=3424MB
[pace] trigger by_mature=true by_cadence=false mature=2091344p baseline=571368p n=215 nb=3440MB
[pace] trigger by_mature=true by_cadence=false mature=2094545p baseline=571368p n=216 nb=3456MB
[pace] trigger by_mature=true by_cadence=false mature=2097751p baseline=571368p n=217 nb=3472MB
[pace] trigger by_mature=true by_cadence=false mature=2100952p baseline=571368p n=218 nb=3488MB
[pace] trigger by_mature=true by_cadence=false mature=2104155p baseline=571368p n=219 nb=3504MB
[pace] trigger by_mature=true by_cadence=false mature=2107356p baseline=571368p n=220 nb=3520MB
[pace] trigger by_mature=true by_cadence=false mature=2110562p baseline=571368p n=221 nb=3536MB
[pace] trigger by_mature=true by_cadence=false mature=2113764p baseline=571368p n=222 nb=3552MB
[pace] trigger by_mature=true by_cadence=false mature=2116968p baseline=571368p n=223 nb=3568MB
[pace] trigger by_mature=true by_cadence=false mature=2120170p baseline=571368p n=224 nb=3584MB
[pace] trigger by_mature=true by_cadence=false mature=2123375p baseline=571368p n=225 nb=3600MB
[pace] trigger by_mature=true by_cadence=false mature=2126577p baseline=571368p n=226 nb=3616MB
[pace] trigger by_mature=true by_cadence=false mature=2129779p baseline=571368p n=227 nb=3632MB
[pace] trigger by_mature=true by_cadence=false mature=2132981p baseline=571368p n=228 nb=3648MB
[pace] trigger by_mature=true by_cadence=false mature=2136187p baseline=571368p n=229 nb=3664MB
[pace] trigger by_mature=true by_cadence=false mature=2139388p baseline=571368p n=230 nb=3680MB
[pace] trigger by_mature=true by_cadence=false mature=2142591p baseline=571368p n=231 nb=3696MB
[pace] trigger by_mature=true by_cadence=false mature=2145792p baseline=571368p n=232 nb=3712MB
[pace] trigger by_mature=true by_cadence=false mature=2148998p baseline=571368p n=233 nb=3728MB
[pace] trigger by_mature=true by_cadence=false mature=2152201p baseline=571368p n=234 nb=3744MB
[pace] trigger by_mature=true by_cadence=false mature=2155404p baseline=571368p n=235 nb=3760MB
[pace] trigger by_mature=true by_cadence=false mature=2158605p baseline=571368p n=236 nb=3776MB
[pace] trigger by_mature=true by_cadence=false mature=2161811p baseline=571368p n=237 nb=3792MB
[pace] trigger by_mature=true by_cadence=false mature=2165013p baseline=571368p n=238 nb=3808MB
[pace] trigger by_mature=true by_cadence=false mature=2168215p baseline=571368p n=239 nb=3824MB
[pace] trigger by_mature=true by_cadence=false mature=2171417p baseline=571368p n=240 nb=3840MB
[pace] trigger by_mature=true by_cadence=false mature=2174622p baseline=571368p n=241 nb=3856MB
[pace] trigger by_mature=true by_cadence=false mature=2177824p baseline=571368p n=242 nb=3872MB
[pace] trigger by_mature=true by_cadence=false mature=2181026p baseline=571368p n=243 nb=3888MB
[pace] trigger by_mature=true by_cadence=false mature=2184228p baseline=571368p n=244 nb=3904MB
[pace] trigger by_mature=true by_cadence=false mature=2187436p baseline=571368p n=245 nb=3920MB
[pace] trigger by_mature=true by_cadence=false mature=2190637p baseline=571368p n=246 nb=3936MB
[pace] trigger by_mature=true by_cadence=false mature=2193840p baseline=571368p n=247 nb=3952MB
[pace] trigger by_mature=true by_cadence=false mature=2197041p baseline=571368p n=248 nb=3968MB
[pace] trigger by_mature=true by_cadence=false mature=2200247p baseline=571368p n=249 nb=3984MB
[pace] trigger by_mature=true by_cadence=false mature=2203448p baseline=571368p n=250 nb=4000MB
[pace] trigger by_mature=true by_cadence=false mature=2206651p baseline=571368p n=251 nb=4016MB
[pace] trigger by_mature=true by_cadence=false mature=2209852p baseline=571368p n=252 nb=4032MB
[pace] trigger by_mature=true by_cadence=false mature=2213058p baseline=571368p n=253 nb=4048MB
[pace] trigger by_mature=true by_cadence=false mature=2216260p baseline=571368p n=254 nb=4064MB
[pace] trigger by_mature=true by_cadence=false mature=2219462p baseline=571368p n=255 nb=4080MB
[pace] trigger by_mature=true by_cadence=false mature=2222664p baseline=571368p n=256 nb=4096MB
[pace] trigger by_mature=true by_cadence=false mature=2225871p baseline=571368p n=257 nb=4112MB
[pace] trigger by_mature=true by_cadence=false mature=2229073p baseline=571368p n=258 nb=4128MB
[pace] trigger by_mature=true by_cadence=false mature=2232275p baseline=571368p n=259 nb=4144MB
[pace] trigger by_mature=true by_cadence=false mature=2235477p baseline=571368p n=260 nb=4160MB
[pace] trigger by_mature=true by_cadence=false mature=2238683p baseline=571368p n=261 nb=4176MB
[pace] trigger by_mature=true by_cadence=false mature=2241884p baseline=571368p n=262 nb=4192MB
[pace] trigger by_mature=true by_cadence=false mature=2245087p baseline=571368p n=263 nb=4208MB
[pace] trigger by_mature=true by_cadence=false mature=2248288p baseline=571368p n=264 nb=4224MB
[pace] trigger by_mature=true by_cadence=false mature=2251494p baseline=571368p n=265 nb=4240MB
[pace] trigger by_mature=true by_cadence=false mature=2254695p baseline=571368p n=266 nb=4256MB
[pace] trigger by_mature=true by_cadence=false mature=2257898p baseline=571368p n=267 nb=4272MB
[pace] trigger by_mature=true by_cadence=false mature=2261101p baseline=571368p n=268 nb=4288MB
[pace] trigger by_mature=true by_cadence=false mature=2264307p baseline=571368p n=269 nb=4304MB
[pace] trigger by_mature=true by_cadence=false mature=2267509p baseline=571368p n=270 nb=4320MB
[pace] trigger by_mature=true by_cadence=false mature=2270711p baseline=571368p n=271 nb=4336MB
[pace] trigger by_mature=true by_cadence=false mature=2273913p baseline=571368p n=272 nb=4352MB
[pace] trigger by_mature=true by_cadence=false mature=2277118p baseline=571368p n=273 nb=4368MB
[pace] trigger by_mature=true by_cadence=false mature=2280320p baseline=571368p n=274 nb=4384MB
[pace] trigger by_mature=true by_cadence=false mature=2283522p baseline=571368p n=275 nb=4400MB
[pace] trigger by_mature=true by_cadence=false mature=2286724p baseline=571368p n=276 nb=4416MB
[pace] trigger by_mature=true by_cadence=false mature=2289930p baseline=571368p n=277 nb=4432MB
[pace] trigger by_mature=true by_cadence=false mature=2293131p baseline=571368p n=278 nb=4448MB
[pace] trigger by_mature=true by_cadence=true mature=2296336p baseline=571368p n=279 nb=4464MB
[pace] trigger by_mature=true by_cadence=true mature=2299537p baseline=571368p n=280 nb=4480MB
[pace] trigger by_mature=true by_cadence=true mature=2302743p baseline=571368p n=281 nb=4496MB
[pace] trigger by_mature=true by_cadence=true mature=2305944p baseline=571368p n=282 nb=4512MB
[pace] trigger by_mature=true by_cadence=true mature=2309147p baseline=571368p n=283 nb=4528MB
[pace] trigger by_mature=true by_cadence=true mature=2312348p baseline=571368p n=284 nb=4544MB
[pace] trigger by_mature=true by_cadence=true mature=2315554p baseline=571368p n=285 nb=4560MB
[pace] trigger by_mature=true by_cadence=true mature=2318756p baseline=571368p n=286 nb=4576MB
[pace] trigger by_mature=true by_cadence=true mature=2321958p baseline=571368p n=287 nb=4592MB
[pace] trigger by_mature=true by_cadence=true mature=2325160p baseline=571368p n=288 nb=4608MB
[pace] trigger by_mature=true by_cadence=true mature=2328365p baseline=571368p n=289 nb=4624MB
[pace] trigger by_mature=true by_cadence=true mature=2331569p baseline=571368p n=290 nb=4640MB
[pace] trigger by_mature=true by_cadence=true mature=2334771p baseline=571368p n=291 nb=4656MB
[pace] trigger by_mature=true by_cadence=true mature=2337973p baseline=571368p n=292 nb=4672MB
[pace] trigger by_mature=true by_cadence=true mature=2341179p baseline=571368p n=293 nb=4688MB
[pace] trigger by_mature=true by_cadence=true mature=2344380p baseline=571368p n=294 nb=4704MB
[pace] trigger by_mature=true by_cadence=true mature=2347583p baseline=571368p n=295 nb=4720MB
[pace] trigger by_mature=true by_cadence=true mature=2350784p baseline=571368p n=296 nb=4736MB
[pace] trigger by_mature=true by_cadence=true mature=2353990p baseline=571368p n=297 nb=4752MB
[pace] trigger by_mature=true by_cadence=true mature=2357191p baseline=571368p n=298 nb=4768MB
[pace] trigger by_mature=true by_cadence=true mature=2360394p baseline=571368p n=299 nb=4784MB
[pace] trigger by_mature=true by_cadence=true mature=2363595p baseline=571368p n=300 nb=4800MB
[pace] trigger by_mature=true by_cadence=true mature=2366803p baseline=571368p n=301 nb=4816MB
[pace] trigger by_mature=true by_cadence=true mature=2370005p baseline=571368p n=302 nb=4832MB
[pace] trigger by_mature=true by_cadence=true mature=2373207p baseline=571368p n=303 nb=4848MB
[pace] trigger by_mature=true by_cadence=true mature=2376409p baseline=571368p n=304 nb=4864MB
[pace] trigger by_mature=true by_cadence=true mature=2379614p baseline=571368p n=305 nb=4880MB
[pace] trigger by_mature=true by_cadence=true mature=2382816p baseline=571368p n=306 nb=4896MB
[pace] trigger by_mature=true by_cadence=true mature=2386018p baseline=571368p n=307 nb=4912MB
[pace] trigger by_mature=true by_cadence=true mature=2389220p baseline=571368p n=308 nb=4928MB
[pace] trigger by_mature=true by_cadence=true mature=2392426p baseline=571368p n=309 nb=4944MB
[pace] trigger by_mature=true by_cadence=true mature=2395627p baseline=571368p n=310 nb=4960MB
[pace] trigger by_mature=true by_cadence=true mature=2398830p baseline=571368p n=311 nb=4976MB
[pace] trigger by_mature=true by_cadence=true mature=2402033p baseline=571368p n=312 nb=4992MB
[pace] trigger by_mature=true by_cadence=true mature=2405239p baseline=571368p n=313 nb=5008MB
[pace] trigger by_mature=true by_cadence=true mature=2408440p baseline=571368p n=314 nb=5024MB
[pace] trigger by_mature=true by_cadence=true mature=2411643p baseline=571368p n=315 nb=5040MB
[pace] trigger by_mature=true by_cadence=true mature=2414844p baseline=571368p n=316 nb=5056MB
[pace] trigger by_mature=true by_cadence=true mature=2418050p baseline=571368p n=317 nb=5072MB
[pace] trigger by_mature=true by_cadence=true mature=2421252p baseline=571368p n=318 nb=5088MB
[pace] trigger by_mature=true by_cadence=true mature=2424454p baseline=571368p n=319 nb=5104MB
[pace] trigger by_mature=true by_cadence=true mature=2427656p baseline=571368p n=320 nb=5120MB
[pace] trigger by_mature=true by_cadence=true mature=2430861p baseline=571368p n=321 nb=5136MB
[pace] trigger by_mature=true by_cadence=true mature=2434063p baseline=571368p n=322 nb=5152MB
[pace] trigger by_mature=true by_cadence=true mature=2437267p baseline=571368p n=323 nb=5168MB
[pace] trigger by_mature=true by_cadence=true mature=2440469p baseline=571368p n=324 nb=5184MB
[pace] trigger by_mature=true by_cadence=true mature=2443675p baseline=571368p n=325 nb=5200MB
[pace] trigger by_mature=true by_cadence=true mature=2446876p baseline=571368p n=326 nb=5216MB
[pace] trigger by_mature=true by_cadence=true mature=2450079p baseline=571368p n=327 nb=5232MB
[pace] trigger by_mature=true by_cadence=true mature=2453280p baseline=571368p n=328 nb=5248MB
[pace] trigger by_mature=true by_cadence=true mature=2456486p baseline=571368p n=329 nb=5264MB
[pace] trigger by_mature=true by_cadence=true mature=2459687p baseline=571368p n=330 nb=5280MB
[pace] trigger by_mature=true by_cadence=true mature=2462890p baseline=571368p n=331 nb=5296MB
[pace] trigger by_mature=true by_cadence=true mature=2466091p baseline=571368p n=332 nb=5312MB
[pace] trigger by_mature=true by_cadence=true mature=2469297p baseline=571368p n=333 nb=5328MB
[pace] trigger by_mature=true by_cadence=true mature=2472501p baseline=571368p n=334 nb=5344MB
[pace] trigger by_mature=true by_cadence=true mature=2475703p baseline=571368p n=335 nb=5360MB
[pace] trigger by_mature=true by_cadence=true mature=2478905p baseline=571368p n=336 nb=5376MB
[pace] trigger by_mature=true by_cadence=true mature=2482110p baseline=571368p n=337 nb=5392MB
[pace] trigger by_mature=true by_cadence=true mature=2485312p baseline=571368p n=338 nb=5408MB
[pace] trigger by_mature=true by_cadence=true mature=2488514p baseline=571368p n=339 nb=5424MB
[pace] trigger by_mature=true by_cadence=true mature=2491716p baseline=571368p n=340 nb=5440MB
[pace] trigger by_mature=true by_cadence=true mature=2494922p baseline=571368p n=341 nb=5456MB
[pace] trigger by_mature=true by_cadence=true mature=2498123p baseline=571368p n=342 nb=5472MB
[pace] trigger by_mature=true by_cadence=true mature=2501326p baseline=571368p n=343 nb=5488MB
[pace] trigger by_mature=true by_cadence=true mature=2504527p baseline=571368p n=344 nb=5504MB
[pace] trigger by_mature=true by_cadence=true mature=2507845p baseline=571368p n=345 nb=5520MB
[pace] trigger by_mature=true by_cadence=true mature=2512008p baseline=571368p n=346 nb=5536MB
[pace] trigger by_mature=true by_cadence=true mature=2516171p baseline=571368p n=347 nb=5552MB
[pace] trigger by_mature=true by_cadence=true mature=2520338p baseline=571368p n=348 nb=5568MB
[pace] trigger by_mature=true by_cadence=true mature=2524501p baseline=571368p n=349 nb=5584MB
[pace] trigger by_mature=true by_cadence=true mature=2528664p baseline=571368p n=350 nb=5600MB
[pace] trigger by_mature=true by_cadence=true mature=2532827p baseline=571368p n=351 nb=5616MB
[pace] trigger by_mature=true by_cadence=true mature=2536991p baseline=571368p n=352 nb=5632MB
[pace] trigger by_mature=true by_cadence=true mature=2541154p baseline=571368p n=353 nb=5648MB
[pace] trigger by_mature=true by_cadence=true mature=2545254p baseline=571368p n=354 nb=5664MB
[pace] mature-alloc tick trigger by_mature=true by_cadence=true mature=2546233p baseline=571368p nb=5667MB
[pace] trigger by_mature=true by_cadence=true mature=2546245p baseline=571368p n=355 nb=5683MB
[pace] mature-alloc tick trigger by_mature=true by_cadence=true mature=2547286p baseline=571368p nb=5687MB
[pace] trigger by_mature=true by_cadence=true mature=2547294p baseline=571368p n=356 nb=5703MB
[pace] mature-alloc tick trigger by_mature=true by_cadence=true mature=2549375p baseline=571368p nb=5711MB
[pace] trigger by_mature=true by_cadence=true mature=2549383p baseline=571368p n=357 nb=5727MB
[pace] trigger by_mature=true by_cadence=true mature=2549391p baseline=571368p n=358 nb=5743MB
[pace] mature-alloc tick trigger by_mature=true by_cadence=true mature=2553552p baseline=571368p nb=5759MB
[pace] trigger by_mature=true by_cadence=true mature=2553561p baseline=571368p n=359 nb=5775MB
[pace] trigger by_mature=true by_cadence=true mature=2553569p baseline=571368p n=360 nb=5791MB
[pace] trigger by_mature=true by_cadence=true mature=2553577p baseline=571368p n=361 nb=5807MB
[pace] mature-alloc tick trigger by_mature=true by_cadence=true mature=2561899p baseline=571368p nb=5839MB
[pace] trigger by_mature=true by_cadence=true mature=2561907p baseline=571368p n=362 nb=5855MB
[pace] trigger by_mature=true by_cadence=true mature=2561919p baseline=571368p n=363 nb=5871MB
[pace] trigger by_mature=true by_cadence=true mature=2561927p baseline=571368p n=364 nb=5887MB
[pace] trigger by_mature=true by_cadence=true mature=2561935p baseline=571368p n=365 nb=5903MB
[pace] trigger by_mature=true by_cadence=true mature=2561943p baseline=571368p n=366 nb=5919MB
[pace] trigger by_mature=true by_cadence=true mature=2561952p baseline=571368p n=367 nb=5935MB
[pace] mature-alloc tick trigger by_mature=true by_cadence=true mature=2578594p baseline=571368p nb=5999MB
[pace] trigger by_mature=true by_cadence=true mature=2578602p baseline=571368p n=368 nb=6015MB
[pace] trigger by_mature=true by_cadence=true mature=2578610p baseline=571368p n=369 nb=6031MB
[pace] trigger by_mature=true by_cadence=true mature=2578618p baseline=571368p n=370 nb=6047MB
[pace] trigger by_mature=true by_cadence=true mature=2578631p baseline=571368p n=371 nb=6063MB
[pace] trigger by_mature=true by_cadence=true mature=2578639p baseline=571368p n=372 nb=6079MB
[pace] trigger by_mature=true by_cadence=true mature=2578647p baseline=571368p n=373 nb=6095MB
[pace] trigger by_mature=true by_cadence=true mature=2578655p baseline=571368p n=374 nb=6111MB
[pace] trigger by_mature=true by_cadence=true mature=2578664p baseline=571368p n=375 nb=6127MB
[pace] trigger by_mature=true by_cadence=true mature=2578672p baseline=571368p n=376 nb=6143MB
[pace] trigger by_mature=true by_cadence=true mature=2578680p baseline=571368p n=377 nb=6159MB
[pace] trigger by_mature=true by_cadence=true mature=2578688p baseline=571368p n=378 nb=6175MB
[pace] trigger by_mature=true by_cadence=true mature=2578700p baseline=571368p n=379 nb=6191MB
[pace] mature-alloc tick trigger by_mature=true by_cadence=true mature=2611983p baseline=571368p nb=6319MB
[pace] trigger by_mature=true by_cadence=true mature=2611991p baseline=571368p n=380 nb=6335MB
[pace] trigger by_mature=true by_cadence=true mature=2611999p baseline=571368p n=381 nb=6351MB
[pace] trigger by_mature=true by_cadence=true mature=2612007p baseline=571368p n=382 nb=6367MB
[pace] trigger by_mature=true by_cadence=true mature=2612016p baseline=571368p n=383 nb=6383MB
[pace] trigger by_mature=true by_cadence=true mature=2612016p baseline=571368p n=384 nb=6399MB
[pace] trigger by_mature=true by_cadence=true mature=2612024p baseline=571368p n=385 nb=6415MB
[pace] trigger by_mature=true by_cadence=true mature=2612032p baseline=571368p n=386 nb=6431MB
[pace] trigger by_mature=true by_cadence=true mature=2612040p baseline=571368p n=387 nb=6447MB
[pace] trigger by_mature=true by_cadence=true mature=2612052p baseline=571368p n=388 nb=6463MB
[pace] trigger by_mature=true by_cadence=true mature=2612060p baseline=571368p n=389 nb=6479MB
[pace] trigger by_mature=true by_cadence=true mature=2612060p baseline=571368p n=390 nb=6495MB
[pace] trigger by_mature=true by_cadence=true mature=2612068p baseline=571368p n=391 nb=6511MB
[pace] trigger by_mature=true by_cadence=true mature=2612076p baseline=571368p n=392 nb=6527MB
[pace] trigger by_mature=true by_cadence=true mature=2612085p baseline=571368p n=393 nb=6543MB
[pace] trigger by_mature=true by_cadence=true mature=2612093p baseline=571368p n=394 nb=6559MB
[pace] trigger by_mature=true by_cadence=true mature=2612101p baseline=571368p n=395 nb=6575MB
[pace] trigger by_mature=true by_cadence=true mature=2612109p baseline=571368p n=396 nb=6591MB
[pace] trigger by_mature=true by_cadence=true mature=2612121p baseline=571368p n=397 nb=6607MB
[pace] trigger by_mature=true by_cadence=true mature=2612129p baseline=571368p n=398 nb=6623MB
[pace] trigger by_mature=true by_cadence=true mature=2612137p baseline=571368p n=399 nb=6639MB
[pace] trigger by_mature=true by_cadence=true mature=2612145p baseline=571368p n=400 nb=6655MB
[pace] trigger by_mature=true by_cadence=true mature=2612145p baseline=571368p n=401 nb=6671MB
[pace] trigger by_mature=true by_cadence=true mature=2612154p baseline=571368p n=402 nb=6687MB
[pace] trigger by_mature=true by_cadence=true mature=2612162p baseline=571368p n=403 nb=6703MB
[pace] mature-alloc tick trigger by_mature=true by_cadence=true mature=2678727p baseline=571368p nb=6959MB
[pace] trigger by_mature=true by_cadence=true mature=2678735p baseline=571368p n=404 nb=6975MB
[pace] trigger by_mature=true by_cadence=true mature=2678735p baseline=571368p n=405 nb=6991MB
[pace] trigger by_mature=true by_cadence=true mature=2678735p baseline=571368p n=406 nb=7007MB
[pace] trigger by_mature=true by_cadence=true mature=2678735p baseline=571368p n=407 nb=7023MB
[pace] trigger by_mature=true by_cadence=true mature=2678735p baseline=571368p n=408 nb=7039MB
[pace] trigger by_mature=true by_cadence=true mature=2678735p baseline=571368p n=409 nb=7055MB
[pace] trigger by_mature=true by_cadence=true mature=2678735p baseline=571368p n=410 nb=7071MB
[pace] trigger by_mature=true by_cadence=true mature=2678735p baseline=571368p n=411 nb=7087MB
[pace] trigger by_mature=true by_cadence=true mature=2678735p baseline=571368p n=412 nb=7103MB
[pace] trigger by_mature=true by_cadence=true mature=2678735p baseline=571368p n=413 nb=7119MB
[pace] trigger by_mature=true by_cadence=true mature=2678735p baseline=571368p n=414 nb=7135MB
[pace] trigger by_mature=true by_cadence=true mature=2678735p baseline=571368p n=415 nb=7151MB
[pace] trigger by_mature=true by_cadence=true mature=2678735p baseline=571368p n=416 nb=7167MB
[pace] trigger by_mature=true by_cadence=true mature=2678735p baseline=571368p n=417 nb=7183MB
[pace] trigger by_mature=true by_cadence=true mature=2678735p baseline=571368p n=418 nb=7199MB
[pace] trigger by_mature=true by_cadence=true mature=2678735p baseline=571368p n=419 nb=7215MB
[pace] trigger by_mature=true by_cadence=true mature=2678735p baseline=571368p n=420 nb=7231MB
[pace] trigger by_mature=true by_cadence=true mature=2678735p baseline=571368p n=421 nb=7247MB
[pace] trigger by_mature=true by_cadence=true mature=2678735p baseline=571368p n=422 nb=7263MB
[pace] trigger by_mature=true by_cadence=true mature=2678735p baseline=571368p n=423 nb=7279MB
[pace] trigger by_mature=true by_cadence=true mature=2678735p baseline=571368p n=424 nb=7295MB
[pace] trigger by_mature=true by_cadence=true mature=2678735p baseline=571368p n=425 nb=7311MB
[pace] trigger by_mature=true by_cadence=true mature=2678735p baseline=571368p n=426 nb=7327MB
[pace] trigger by_mature=true by_cadence=true mature=2678735p baseline=571368p n=427 nb=7343MB
[pace] trigger by_mature=true by_cadence=true mature=2678735p baseline=571368p n=428 nb=7359MB
[pace] trigger by_mature=true by_cadence=true mature=2678735p baseline=571368p n=429 nb=7375MB
[pace] trigger by_mature=true by_cadence=true mature=2678735p baseline=571368p n=430 nb=7391MB
[pace] trigger by_mature=true by_cadence=true mature=2678735p baseline=571368p n=431 nb=7407MB
[pace] trigger by_mature=true by_cadence=true mature=2678735p baseline=571368p n=432 nb=7423MB
[pace] trigger by_mature=true by_cadence=true mature=2678735p baseline=571368p n=433 nb=7439MB
[pace] trigger by_mature=true by_cadence=true mature=2678735p baseline=571368p n=434 nb=7455MB
[pace] trigger by_mature=true by_cadence=true mature=2678735p baseline=571368p n=435 nb=7471MB
[pace] trigger by_mature=true by_cadence=true mature=2678735p baseline=571368p n=436 nb=7487MB
[pace] trigger by_mature=true by_cadence=true mature=2678735p baseline=571368p n=437 nb=7503MB
[pace] trigger by_mature=true by_cadence=true mature=2678735p baseline=571368p n=438 nb=7519MB
[pace] trigger by_mature=true by_cadence=true mature=2678735p baseline=571368p n=439 nb=7535MB
[pace] trigger by_mature=true by_cadence=true mature=2678735p baseline=571368p n=440 nb=7551MB
[pace] trigger by_mature=true by_cadence=true mature=2678735p baseline=571368p n=441 nb=7567MB
[pace] trigger by_mature=true by_cadence=true mature=2678735p baseline=571368p n=442 nb=7583MB
[pace] trigger by_mature=true by_cadence=true mature=2678735p baseline=571368p n=443 nb=7599MB
[pace] trigger by_mature=true by_cadence=true mature=2678735p baseline=571368p n=444 nb=7615MB
[pace] trigger by_mature=true by_cadence=true mature=2678735p baseline=571368p n=445 nb=7631MB
[pace] trigger by_mature=true by_cadence=true mature=2678735p baseline=571368p n=446 nb=7647MB
[pace] trigger by_mature=true by_cadence=true mature=2678735p baseline=571368p n=447 nb=7663MB
[pace] trigger by_mature=true by_cadence=true mature=2678735p baseline=571368p n=448 nb=7679MB
[pace] trigger by_mature=true by_cadence=true mature=2678735p baseline=571368p n=449 nb=7695MB
[pace] mature-alloc tick trigger by_mature=true by_cadence=true mature=2811864p baseline=571368p nb=8207MB
[pace] trigger by_mature=true by_cadence=true mature=2811872p baseline=571368p n=450 nb=8223MB
[pace] trigger by_mature=true by_cadence=true mature=2811885p baseline=571368p n=451 nb=8239MB
[pace] trigger by_mature=true by_cadence=true mature=2811893p baseline=571368p n=452 nb=8255MB
[pace] trigger by_mature=true by_cadence=true mature=2811901p baseline=571368p n=453 nb=8271MB
[pace] trigger by_mature=true by_cadence=true mature=2811909p baseline=571368p n=454 nb=8287MB
[pace] trigger by_mature=true by_cadence=true mature=2811918p baseline=571368p n=455 nb=8303MB
[pace] trigger by_mature=true by_cadence=true mature=2811926p baseline=571368p n=456 nb=8319MB
[pace] trigger by_mature=true by_cadence=true mature=2811934p baseline=571368p n=457 nb=8335MB
[pace] trigger by_mature=true by_cadence=true mature=2811942p baseline=571368p n=458 nb=8351MB
[pace] trigger by_mature=true by_cadence=true mature=2811954p baseline=571368p n=459 nb=8367MB
[pace] trigger by_mature=true by_cadence=true mature=2811962p baseline=571368p n=460 nb=8383MB
[pace] trigger by_mature=true by_cadence=true mature=2811970p baseline=571368p n=461 nb=8399MB
[pace] trigger by_mature=true by_cadence=true mature=2811978p baseline=571368p n=462 nb=8415MB
[pace] trigger by_mature=true by_cadence=true mature=2811987p baseline=571368p n=463 nb=8431MB
[pace] trigger by_mature=true by_cadence=true mature=2811995p baseline=571368p n=464 nb=8447MB
[pace] trigger by_mature=true by_cadence=true mature=2812003p baseline=571368p n=465 nb=8463MB
[pace] trigger by_mature=true by_cadence=true mature=2812011p baseline=571368p n=466 nb=8479MB
[pace] trigger by_mature=true by_cadence=true mature=2812023p baseline=571368p n=467 nb=8495MB
[pace] trigger by_mature=true by_cadence=true mature=2812031p baseline=571368p n=468 nb=8511MB
[pace] trigger by_mature=true by_cadence=true mature=2812039p baseline=571368p n=469 nb=8527MB
[pace] trigger by_mature=true by_cadence=true mature=2812047p baseline=571368p n=470 nb=8543MB
[pace] trigger by_mature=true by_cadence=true mature=2812056p baseline=571368p n=471 nb=8559MB
[pace] trigger by_mature=true by_cadence=true mature=2812064p baseline=571368p n=472 nb=8575MB
[pace] trigger by_mature=true by_cadence=true mature=2812072p baseline=571368p n=473 nb=8591MB
[pace] trigger by_mature=true by_cadence=true mature=2812080p baseline=571368p n=474 nb=8607MB
[pace] trigger by_mature=true by_cadence=true mature=2812092p baseline=571368p n=475 nb=8623MB
[pace] trigger by_mature=true by_cadence=true mature=2812100p baseline=571368p n=476 nb=8639MB
[pace] trigger by_mature=true by_cadence=true mature=2812108p baseline=571368p n=477 nb=8655MB
[pace] trigger by_mature=true by_cadence=true mature=2812116p baseline=571368p n=478 nb=8671MB
[pace] trigger by_mature=true by_cadence=true mature=2812125p baseline=571368p n=479 nb=8687MB
[pace] trigger by_mature=true by_cadence=true mature=2812133p baseline=571368p n=480 nb=8703MB
[pace] trigger by_mature=true by_cadence=true mature=2812141p baseline=571368p n=481 nb=8719MB
[pace] trigger by_mature=true by_cadence=true mature=2812149p baseline=571368p n=482 nb=8735MB
[pace] trigger by_mature=true by_cadence=true mature=2812162p baseline=571368p n=483 nb=8751MB
[pace] trigger by_mature=true by_cadence=true mature=2812170p baseline=571368p n=484 nb=8767MB
[pace] trigger by_mature=true by_cadence=true mature=2812178p baseline=571368p n=485 nb=8783MB
[pace] trigger by_mature=true by_cadence=true mature=2812186p baseline=571368p n=486 nb=8799MB
[pace] trigger by_mature=true by_cadence=true mature=2812195p baseline=571368p n=487 nb=8815MB
[pace] trigger by_mature=true by_cadence=true mature=2812203p baseline=571368p n=488 nb=8831MB
[pace] trigger by_mature=true by_cadence=true mature=2812211p baseline=571368p n=489 nb=8847MB
[pace] trigger by_mature=true by_cadence=true mature=2812219p baseline=571368p n=490 nb=8863MB
[pace] trigger by_mature=true by_cadence=true mature=2812231p baseline=571368p n=491 nb=8879MB
[pace] trigger by_mature=true by_cadence=true mature=2812239p baseline=571368p n=492 nb=8895MB
[pace] trigger by_mature=true by_cadence=true mature=2812247p baseline=571368p n=493 nb=8911MB
[pace] trigger by_mature=true by_cadence=true mature=2812255p baseline=571368p n=494 nb=8927MB
[pace] trigger by_mature=true by_cadence=true mature=2812264p baseline=571368p n=495 nb=8943MB
[pace] trigger by_mature=true by_cadence=true mature=2812272p baseline=571368p n=496 nb=8959MB
[pace] trigger by_mature=true by_cadence=true mature=2812280p baseline=571368p n=497 nb=8975MB
[pace] trigger by_mature=true by_cadence=true mature=2812288p baseline=571368p n=498 nb=8991MB
[pace] trigger by_mature=true by_cadence=true mature=2812300p baseline=571368p n=499 nb=9007MB
[pace] trigger by_mature=true by_cadence=true mature=2812308p baseline=571368p n=500 nb=9023MB
[pace] trigger by_mature=true by_cadence=true mature=2812316p baseline=571368p n=501 nb=9039MB
[pace] trigger by_mature=true by_cadence=true mature=2812324p baseline=571368p n=502 nb=9055MB
[pace] trigger by_mature=true by_cadence=true mature=2812333p baseline=571368p n=503 nb=9071MB
[pace] trigger by_mature=true by_cadence=true mature=2812341p baseline=571368p n=504 nb=9087MB
[pace] trigger by_mature=true by_cadence=true mature=2812349p baseline=571368p n=505 nb=9103MB
[pace] trigger by_mature=true by_cadence=true mature=2812357p baseline=571368p n=506 nb=9119MB
[pace] trigger by_mature=true by_cadence=true mature=2812369p baseline=571368p n=507 nb=9135MB
[pace] trigger by_mature=true by_cadence=true mature=2812377p baseline=571368p n=508 nb=9151MB
[pace] trigger by_mature=true by_cadence=true mature=2812385p baseline=571368p n=509 nb=9167MB
[pace] trigger by_mature=true by_cadence=true mature=2812393p baseline=571368p n=510 nb=9183MB
[pace] trigger by_mature=true by_cadence=true mature=2812402p baseline=571368p n=511 nb=9199MB
[pace] trigger by_mature=true by_cadence=true mature=2812410p baseline=571368p n=512 nb=9215MB
[pace] trigger by_mature=true by_cadence=true mature=2812418p baseline=571368p n=513 nb=9231MB
[pace] trigger by_mature=true by_cadence=true mature=2812426p baseline=571368p n=514 nb=9247MB
[pace] trigger by_mature=true by_cadence=true mature=2812439p baseline=571368p n=515 nb=9263MB
[pace] trigger by_mature=true by_cadence=true mature=2812447p baseline=571368p n=516 nb=9279MB
[pace] trigger by_mature=true by_cadence=true mature=2812455p baseline=571368p n=517 nb=9295MB
[pace] trigger by_mature=true by_cadence=true mature=2812463p baseline=571368p n=518 nb=9311MB
[pace] trigger by_mature=true by_cadence=true mature=2812472p baseline=571368p n=519 nb=9327MB
[pace] trigger by_mature=true by_cadence=true mature=2812480p baseline=571368p n=520 nb=9343MB
[pace] trigger by_mature=true by_cadence=true mature=2812488p baseline=571368p n=521 nb=9359MB
[pace] trigger by_mature=true by_cadence=true mature=2812496p baseline=571368p n=522 nb=9375MB
[pace] trigger by_mature=true by_cadence=true mature=2812508p baseline=571368p n=523 nb=9391MB
[pace] trigger by_mature=true by_cadence=true mature=2812516p baseline=571368p n=524 nb=9407MB
[pace] trigger by_mature=true by_cadence=true mature=2812524p baseline=571368p n=525 nb=9423MB
[pace] trigger by_mature=true by_cadence=true mature=2812532p baseline=571368p n=526 nb=9439MB
[pace] trigger by_mature=true by_cadence=true mature=2812541p baseline=571368p n=527 nb=9455MB
[pace] trigger by_mature=true by_cadence=true mature=2812549p baseline=571368p n=528 nb=9471MB
[pace] trigger by_mature=true by_cadence=true mature=2812557p baseline=571368p n=529 nb=9487MB
[pace] trigger by_mature=true by_cadence=true mature=2812565p baseline=571368p n=530 nb=9503MB
[pace] trigger by_mature=true by_cadence=true mature=2812577p baseline=571368p n=531 nb=9519MB
[pace] trigger by_mature=true by_cadence=true mature=2812585p baseline=571368p n=532 nb=9535MB
[pace] trigger by_mature=true by_cadence=true mature=2812593p baseline=571368p n=533 nb=9551MB
[pace] trigger by_mature=true by_cadence=true mature=2812601p baseline=571368p n=534 nb=9567MB
[pace] trigger by_mature=true by_cadence=true mature=2812610p baseline=571368p n=535 nb=9583MB
[pace] trigger by_mature=true by_cadence=true mature=2812618p baseline=571368p n=536 nb=9599MB
[pace] trigger by_mature=true by_cadence=true mature=2812626p baseline=571368p n=537 nb=9615MB
[pace] trigger by_mature=true by_cadence=true mature=2812634p baseline=571368p n=538 nb=9631MB
[pace] trigger by_mature=true by_cadence=true mature=2812646p baseline=571368p n=539 nb=9647MB
[pace] trigger by_mature=true by_cadence=true mature=2812654p baseline=571368p n=540 nb=9663MB
[pace] mature-alloc tick trigger by_mature=true by_cadence=true mature=3078911p baseline=571368p nb=10687MB
[pace] trigger by_mature=true by_cadence=true mature=3078919p baseline=571368p n=541 nb=10703MB
[pace] trigger by_mature=true by_cadence=true mature=3078927p baseline=571368p n=542 nb=10719MB
[pace] trigger by_mature=true by_cadence=true mature=3078936p baseline=571368p n=543 nb=10735MB
[pace] trigger by_mature=true by_cadence=true mature=3078944p baseline=571368p n=544 nb=10751MB
[pace] trigger by_mature=true by_cadence=true mature=3078952p baseline=571368p n=545 nb=10767MB
[pace] trigger by_mature=true by_cadence=true mature=3078960p baseline=571368p n=546 nb=10783MB
[pace] trigger by_mature=true by_cadence=true mature=3078973p baseline=571368p n=547 nb=10799MB
[pace] trigger by_mature=true by_cadence=true mature=3078981p baseline=571368p n=548 nb=10815MB
[pace] trigger by_mature=true by_cadence=true mature=3078989p baseline=571368p n=549 nb=10831MB
[pace] trigger by_mature=true by_cadence=true mature=3078997p baseline=571368p n=550 nb=10847MB
[pace] trigger by_mature=true by_cadence=true mature=3079006p baseline=571368p n=551 nb=10863MB
[pace] trigger by_mature=true by_cadence=true mature=3079014p baseline=571368p n=552 nb=10879MB
[pace] trigger by_mature=true by_cadence=true mature=3079022p baseline=571368p n=553 nb=10895MB
[pace] trigger by_mature=true by_cadence=true mature=3079030p baseline=571368p n=554 nb=10911MB
[pace] trigger by_mature=true by_cadence=true mature=3079042p baseline=571368p n=555 nb=10927MB
[pace] trigger by_mature=true by_cadence=true mature=3079050p baseline=571368p n=556 nb=10943MB
[pace] trigger by_mature=true by_cadence=true mature=3079058p baseline=571368p n=557 nb=10959MB
[pace] trigger by_mature=true by_cadence=true mature=3079066p baseline=571368p n=558 nb=10975MB
[pace] trigger by_mature=true by_cadence=true mature=3079075p baseline=571368p n=559 nb=10991MB
[pace] trigger by_mature=true by_cadence=true mature=3079083p baseline=571368p n=560 nb=11007MB
[pace] trigger by_mature=true by_cadence=true mature=3079091p baseline=571368p n=561 nb=11023MB
[pace] trigger by_mature=true by_cadence=true mature=3079099p baseline=571368p n=562 nb=11039MB
[pace] trigger by_mature=true by_cadence=true mature=3079111p baseline=571368p n=563 nb=11055MB
[pace] trigger by_mature=true by_cadence=true mature=3079119p baseline=571368p n=564 nb=11071MB
[pace] trigger by_mature=true by_cadence=true mature=3079127p baseline=571368p n=565 nb=11087MB
[pace] trigger by_mature=true by_cadence=true mature=3079135p baseline=571368p n=566 nb=11103MB
[pace] trigger by_mature=true by_cadence=true mature=3079144p baseline=571368p n=567 nb=11119MB
[pace] trigger by_mature=true by_cadence=true mature=3079152p baseline=571368p n=568 nb=11135MB
[pace] trigger by_mature=true by_cadence=true mature=3079160p baseline=571368p n=569 nb=11151MB
[pace] trigger by_mature=true by_cadence=true mature=3079168p baseline=571368p n=570 nb=11167MB
[pace] trigger by_mature=true by_cadence=true mature=3079180p baseline=571368p n=571 nb=11183MB
[pace] trigger by_mature=true by_cadence=true mature=3079188p baseline=571368p n=572 nb=11199MB
[pace] trigger by_mature=true by_cadence=true mature=3079196p baseline=571368p n=573 nb=11215MB
[pace] trigger by_mature=true by_cadence=true mature=3079204p baseline=571368p n=574 nb=11231MB
[pace] trigger by_mature=true by_cadence=true mature=3079213p baseline=571368p n=575 nb=11247MB
[pace] trigger by_mature=true by_cadence=true mature=3079221p baseline=571368p n=576 nb=11263MB
[pace] trigger by_mature=true by_cadence=true mature=3079229p baseline=571368p n=577 nb=11279MB
[pace] trigger by_mature=true by_cadence=true mature=3079237p baseline=571368p n=578 nb=11295MB
[pace] trigger by_mature=true by_cadence=true mature=3079250p baseline=571368p n=579 nb=11311MB
[pace] trigger by_mature=true by_cadence=true mature=3079258p baseline=571368p n=580 nb=11327MB
[pace] trigger by_mature=true by_cadence=true mature=3079266p baseline=571368p n=581 nb=11343MB
[pace] trigger by_mature=true by_cadence=true mature=3079274p baseline=571368p n=582 nb=11359MB
[pace] trigger by_mature=true by_cadence=true mature=3079283p baseline=571368p n=583 nb=11375MB
[pace] trigger by_mature=true by_cadence=true mature=3079291p baseline=571368p n=584 nb=11391MB
[pace] trigger by_mature=true by_cadence=true mature=3079299p baseline=571368p n=585 nb=11407MB
[pace] trigger by_mature=true by_cadence=true mature=3079307p baseline=571368p n=586 nb=11423MB
[pace] trigger by_mature=true by_cadence=true mature=3079319p baseline=571368p n=587 nb=11439MB
[pace] trigger by_mature=true by_cadence=true mature=3079327p baseline=571368p n=588 nb=11455MB
[pace] trigger by_mature=true by_cadence=true mature=3079335p baseline=571368p n=589 nb=11471MB
[pace] trigger by_mature=true by_cadence=true mature=3079343p baseline=571368p n=590 nb=11487MB
[pace] trigger by_mature=true by_cadence=true mature=3079352p baseline=571368p n=591 nb=11503MB
[pace] trigger by_mature=true by_cadence=true mature=3079360p baseline=571368p n=592 nb=11519MB
[pace] trigger by_mature=true by_cadence=true mature=3079368p baseline=571368p n=593 nb=11535MB
[pace] trigger by_mature=true by_cadence=true mature=3079376p baseline=571368p n=594 nb=11551MB
[pace] trigger by_mature=true by_cadence=true mature=3079388p baseline=571368p n=595 nb=11567MB
[pace] trigger by_mature=true by_cadence=true mature=3079396p baseline=571368p n=596 nb=11583MB
[pace] trigger by_mature=true by_cadence=true mature=3079404p baseline=571368p n=597 nb=11599MB
[pace] trigger by_mature=true by_cadence=true mature=3079412p baseline=571368p n=598 nb=11615MB
[pace] trigger by_mature=true by_cadence=true mature=3079421p baseline=571368p n=599 nb=11631MB
[pace] trigger by_mature=true by_cadence=true mature=3079429p baseline=571368p n=600 nb=11647MB
[pace] trigger by_mature=true by_cadence=true mature=3079437p baseline=571368p n=601 nb=11663MB
[pace] trigger by_mature=true by_cadence=true mature=3079445p baseline=571368p n=602 nb=11679MB
[pace] trigger by_mature=true by_cadence=true mature=3079457p baseline=571368p n=603 nb=11695MB
[pace] trigger by_mature=true by_cadence=true mature=3079465p baseline=571368p n=604 nb=11711MB
[pace] trigger by_mature=true by_cadence=true mature=3079473p baseline=571368p n=605 nb=11727MB
[pace] trigger by_mature=true by_cadence=true mature=3079481p baseline=571368p n=606 nb=11743MB
[pace] trigger by_mature=true by_cadence=true mature=3079490p baseline=571368p n=607 nb=11759MB
[pace] trigger by_mature=true by_cadence=true mature=3079498p baseline=571368p n=608 nb=11775MB
[pace] trigger by_mature=true by_cadence=true mature=3079506p baseline=571368p n=609 nb=11791MB
[pace] trigger by_mature=true by_cadence=true mature=3079514p baseline=571368p n=610 nb=11807MB
[pace] trigger by_mature=true by_cadence=true mature=3079527p baseline=571368p n=611 nb=11823MB
[pace] trigger by_mature=true by_cadence=true mature=3079535p baseline=571368p n=612 nb=11839MB
[pace] trigger by_mature=true by_cadence=true mature=3079543p baseline=571368p n=613 nb=11855MB
[pace] trigger by_mature=true by_cadence=true mature=3079551p baseline=571368p n=614 nb=11871MB
[pace] trigger by_mature=true by_cadence=true mature=3079560p baseline=571368p n=615 nb=11887MB
[pace] trigger by_mature=true by_cadence=true mature=3079568p baseline=571368p n=616 nb=11903MB
[pace] trigger by_mature=true by_cadence=true mature=3079576p baseline=571368p n=617 nb=11919MB
[pace] trigger by_mature=true by_cadence=true mature=3079584p baseline=571368p n=618 nb=11935MB
[pace] trigger by_mature=true by_cadence=true mature=3079596p baseline=571368p n=619 nb=11951MB
[pace] trigger by_mature=true by_cadence=true mature=3079604p baseline=571368p n=620 nb=11967MB
[pace] trigger by_mature=true by_cadence=true mature=3079612p baseline=571368p n=621 nb=11983MB
[pace] trigger by_mature=true by_cadence=true mature=3079620p baseline=571368p n=622 nb=11999MB
[pace] trigger by_mature=true by_cadence=true mature=3079629p baseline=571368p n=623 nb=12015MB
[pace] trigger by_mature=true by_cadence=true mature=3079637p baseline=571368p n=624 nb=12031MB
[pace] trigger by_mature=true by_cadence=true mature=3079645p baseline=571368p n=625 nb=12047MB
[pace] trigger by_mature=true by_cadence=true mature=3079653p baseline=571368p n=626 nb=12063MB
[pace] trigger by_mature=true by_cadence=true mature=3079665p baseline=571368p n=627 nb=12079MB
[pace] trigger by_mature=true by_cadence=true mature=3079673p baseline=571368p n=628 nb=12095MB
[pace] trigger by_mature=true by_cadence=true mature=3079681p baseline=571368p n=629 nb=12111MB
[pace] trigger by_mature=true by_cadence=true mature=3079689p baseline=571368p n=630 nb=12127MB
[pace] trigger by_mature=true by_cadence=true mature=3079698p baseline=571368p n=631 nb=12143MB
[pace] trigger by_mature=true by_cadence=true mature=3079706p baseline=571368p n=632 nb=12159MB
[pace] trigger by_mature=true by_cadence=true mature=3079714p baseline=571368p n=633 nb=12175MB
[pace] trigger by_mature=true by_cadence=true mature=3079722p baseline=571368p n=634 nb=12191MB
[pace] trigger by_mature=true by_cadence=true mature=3079734p baseline=571368p n=635 nb=12207MB
[pace] trigger by_mature=true by_cadence=true mature=3079742p baseline=571368p n=636 nb=12223MB
[pace] trigger by_mature=true by_cadence=true mature=3079750p baseline=571368p n=637 nb=12239MB
[pace] trigger by_mature=true by_cadence=true mature=3079758p baseline=571368p n=638 nb=12255MB
[pace] mature-alloc tick trigger by_mature=true by_cadence=true mature=3285044p baseline=571368p nb=13045MB
[mmtk] GCs: 1452 (full: 8), GC time: 28843 ms, objects copied: 270000236
