# quick panel, laptop (Core Ultra 7 265H, P-cores 0-5, setarch -R), dynamic heap, MMTK_THREADS=1, perf sizes; 2026-09-14
vanilla nbody: golden=OK wall_med=0.680s (n=3) rss=3MB minors=0 majors=0 promoted_words=0 gc_time=0.00s max_pause=0.00ms
vanilla fannkuchredux: golden=OK wall_med=2.050s (n=3) rss=3MB minors=0 majors=0 promoted_words=0 gc_time=0.00s max_pause=0.00ms
vanilla mandelbrot: golden=OK wall_med=1.090s (n=3) rss=3MB minors=0 majors=0 promoted_words=0 gc_time=0.00s max_pause=0.00ms
vanilla spectralnorm: golden=OK wall_med=1.620s (n=3) rss=5MB minors=2746 majors=0 promoted_words=164 gc_time=0.01s max_pause=0.06ms
vanilla LU_decomposition: golden=OK wall_med=1.500s (n=3) rss=17MB minors=5587 majors=2 promoted_words=516 gc_time=0.01s max_pause=0.47ms
vanilla matrix_multiplication: golden=OK wall_med=1.010s (n=3) rss=16MB minors=12 majors=6 promoted_words=512 gc_time=0.00s max_pause=0.51ms
vanilla binarytrees: golden=OK wall_med=2.180s (n=3) rss=93MB minors=1778 majors=61 promoted_words=137235194 gc_time=1.40s max_pause=4.34ms
vanilla kb: golden=OK wall_med=1.010s (n=3) rss=9MB minors=943 majors=127 promoted_words=12518368 gc_time=0.10s max_pause=0.46ms
gate-after nbody: golden=OK wall_med=0.730s (n=3) rss=10MB pauses=0 fulls=0 max_pause=0.0ms | [mmtk] GCs: 0 (full: 0), GC time: 0 ms, objects copied: 0
gate-after fannkuchredux: golden=OK wall_med=1.390s (n=3) rss=9MB pauses=0 fulls=0 max_pause=0.0ms | [mmtk] GCs: 0 (full: 0), GC time: 0 ms, objects copied: 0
gate-after mandelbrot: golden=OK wall_med=0.650s (n=3) rss=9MB pauses=0 fulls=0 max_pause=0.0ms | [mmtk] GCs: 0 (full: 0), GC time: 0 ms, objects copied: 0
gate-after spectralnorm: golden=OK wall_med=0.950s (n=3) rss=20MB pauses=754 fulls=22 max_pause=0.8ms | [mmtk] GCs: 754 (full: 22), GC time: 64 ms, objects copied: 37
gate-after LU_decomposition: golden=OK wall_med=1.230s (n=3) rss=34MB pauses=1536 fulls=47 max_pause=1.0ms | [mmtk] GCs: 1536 (full: 47), GC time: 136 ms, objects copied: 102
gate-after matrix_multiplication: golden=OK wall_med=0.640s (n=3) rss=35MB pauses=4 fulls=1 max_pause=14.3ms | [mmtk] GCs: 4 (full: 1), GC time: 16 ms, objects copied: 101
gate-after binarytrees: golden=OK wall_med=2.870s (n=3) rss=184MB pauses=258 fulls=14 max_pause=65.2ms | [mmtk] GCs: 258 (full: 14), GC time: 1606 ms, objects copied: 18141195
gate-after kb: golden=OK wall_med=1.230s (n=3) rss=25MB pauses=246 fulls=12 max_pause=3.8ms | [mmtk] GCs: 246 (full: 12), GC time: 415 ms, objects copied: 3662115
gate-after weak_memo: golden=OK wall_med=0.970s (n=3) rss=28MB pauses=138 fulls=5 max_pause=5.7ms | [mmtk] GCs: 138 (full: 5), GC time: 455 ms, objects copied: 2195544
gate-after mature_mutation: golden=OK wall_med=1.600s (n=3) rss=71MB pauses=61 fulls=17 max_pause=35.3ms | [mmtk] GCs: 61 (full: 17), GC time: 1141 ms, objects copied: 8013072
gate-after fragmed: golden=OK wall_med=0.220s (n=3) rss=234MB pauses=32 fulls=7 max_pause=18.4ms | [mmtk] GCs: 32 (full: 7), GC time: 80 ms, objects copied: 37
gate-v5 nbody: golden=OK wall_med=0.700s (n=3) rss=10MB pauses=0 fulls=0 max_pause=0.0ms | [mmtk] GCs: 0 (full: 0), GC time: 0 ms, objects copied: 0
gate-v5 fannkuchredux: golden=OK wall_med=1.450s (n=3) rss=10MB pauses=0 fulls=0 max_pause=0.0ms | [mmtk] GCs: 0 (full: 0), GC time: 0 ms, objects copied: 0
gate-v5 mandelbrot: golden=OK wall_med=0.660s (n=3) rss=9MB pauses=0 fulls=0 max_pause=0.0ms | [mmtk] GCs: 0 (full: 0), GC time: 0 ms, objects copied: 0
gate-v5 spectralnorm: golden=OK wall_med=1.040s (n=3) rss=20MB pauses=754 fulls=22 max_pause=1.1ms | [mmtk] GCs: 754 (full: 22), GC time: 64 ms, objects copied: 37
gate-v5 LU_decomposition: golden=OK wall_med=1.250s (n=3) rss=34MB pauses=1536 fulls=47 max_pause=1.1ms | [mmtk] GCs: 1536 (full: 47), GC time: 134 ms, objects copied: 102
gate-v5 matrix_multiplication: golden=OK wall_med=0.640s (n=3) rss=35MB pauses=3 fulls=1 max_pause=11.6ms | [mmtk] GCs: 3 (full: 1), GC time: 12 ms, objects copied: 101
gate-v5 binarytrees: golden=OK wall_med=2.840s (n=3) rss=163MB pauses=259 fulls=15 max_pause=46.3ms | [mmtk] GCs: 259 (full: 15), GC time: 1638 ms, objects copied: 21096669
gate-v5 kb: golden=OK wall_med=1.280s (n=3) rss=25MB pauses=246 fulls=12 max_pause=4.0ms | [mmtk] GCs: 246 (full: 12), GC time: 447 ms, objects copied: 3789114
gate-v5 weak_memo: golden=OK wall_med=1.030s (n=3) rss=28MB pauses=138 fulls=5 max_pause=6.0ms | [mmtk] GCs: 138 (full: 5), GC time: 449 ms, objects copied: 2179134
gate-v5 mature_mutation: golden=OK wall_med=1.710s (n=3) rss=71MB pauses=61 fulls=17 max_pause=46.6ms | [mmtk] GCs: 61 (full: 17), GC time: 1162 ms, objects copied: 8013529
gate-v5 fragmed: golden=OK wall_med=0.250s (n=3) rss=211MB pauses=30 fulls=8 max_pause=18.4ms | [mmtk] GCs: 30 (full: 8), GC time: 109 ms, objects copied: 37
vanilla weak_memo: golden=OK wall_med=0.580s (n=3) rss=7MB minors=607 majors=220 promoted_words=19857691 gc_time=0.24s max_pause=0.84ms
vanilla mature_mutation: golden=OK wall_med=0.380s (n=3) rss=19MB minors=255 majors=43 promoted_words=23257165 gc_time=0.29s max_pause=1.16ms
vanilla fragmed: golden=OK wall_med=0.060s (n=3) rss=29MB minors=172 majors=86 promoted_words=163 gc_time=0.03s max_pause=0.50ms
