# quick panel, laptop (Core Ultra 7 265H, P-core 2, setarch -R, powersave governor), dynamic heap, MMTK_THREADS=1, perf sizes; 2026-09-14
# INTERLEAVED: per bench, 5 rounds of vanilla/gate/v5 back-to-back (quick_interleaved.sh); wall = median of 5 (min/max shown); instrumented runs afterwards.
vanilla nbody: golden=OK wall_med=0.680s (n=5 min=0.680 max=0.690) rss=3MB minors=0 majors=0 promoted_words=0 gc_time=0.00s max_pause=0.00ms
gate-after nbody: golden=OK wall_med=0.690s (n=5 min=0.670 max=0.700) rss=10MB pauses=0 fulls=0 max_pause=0.0ms | [mmtk] GCs: 0 (full: 0), GC time: 0 ms, objects copied: 0
gate-v5 nbody: golden=OK wall_med=0.690s (n=5 min=0.680 max=0.700) rss=10MB pauses=0 fulls=0 max_pause=0.0ms | [mmtk] GCs: 0 (full: 0), GC time: 0 ms, objects copied: 0
vanilla fannkuchredux: golden=OK wall_med=1.410s (n=5 min=1.390 max=1.430) rss=3MB minors=0 majors=0 promoted_words=0 gc_time=0.00s max_pause=0.00ms
gate-after fannkuchredux: golden=OK wall_med=1.420s (n=5 min=1.400 max=1.430) rss=10MB pauses=0 fulls=0 max_pause=0.0ms | [mmtk] GCs: 0 (full: 0), GC time: 0 ms, objects copied: 0
gate-v5 fannkuchredux: golden=OK wall_med=1.420s (n=5 min=1.400 max=1.430) rss=10MB pauses=0 fulls=0 max_pause=0.0ms | [mmtk] GCs: 0 (full: 0), GC time: 0 ms, objects copied: 0
vanilla mandelbrot: golden=OK wall_med=0.640s (n=5 min=0.640 max=0.650) rss=3MB minors=0 majors=0 promoted_words=0 gc_time=0.00s max_pause=0.00ms
gate-after mandelbrot: golden=OK wall_med=0.640s (n=5 min=0.640 max=0.650) rss=9MB pauses=0 fulls=0 max_pause=0.0ms | [mmtk] GCs: 0 (full: 0), GC time: 0 ms, objects copied: 0
gate-v5 mandelbrot: golden=OK wall_med=0.640s (n=5 min=0.640 max=0.650) rss=10MB pauses=0 fulls=0 max_pause=0.0ms | [mmtk] GCs: 0 (full: 0), GC time: 0 ms, objects copied: 0
vanilla spectralnorm: golden=OK wall_med=0.780s (n=5 min=0.780 max=0.790) rss=5MB minors=2746 majors=0 promoted_words=164 gc_time=0.00s max_pause=0.02ms
gate-after spectralnorm: golden=OK wall_med=0.830s (n=5 min=0.820 max=0.840) rss=20MB pauses=754 fulls=22 max_pause=1.1ms | [mmtk] GCs: 754 (full: 22), GC time: 23 ms, objects copied: 37
gate-v5 spectralnorm: golden=OK wall_med=0.830s (n=5 min=0.820 max=0.840) rss=20MB pauses=754 fulls=22 max_pause=0.7ms | [mmtk] GCs: 754 (full: 22), GC time: 20 ms, objects copied: 37
vanilla LU_decomposition: golden=OK wall_med=0.780s (n=5 min=0.770 max=0.780) rss=17MB minors=5587 majors=2 promoted_words=516 gc_time=0.01s max_pause=0.24ms
gate-after LU_decomposition: golden=OK wall_med=0.880s (n=5 min=0.870 max=0.890) rss=34MB pauses=1536 fulls=47 max_pause=0.6ms | [mmtk] GCs: 1536 (full: 47), GC time: 49 ms, objects copied: 102
gate-v5 LU_decomposition: golden=OK wall_med=0.890s (n=5 min=0.880 max=0.900) rss=34MB pauses=1536 fulls=47 max_pause=0.6ms | [mmtk] GCs: 1536 (full: 47), GC time: 48 ms, objects copied: 102
vanilla matrix_multiplication: golden=OK wall_med=0.650s (n=5 min=0.650 max=0.660) rss=16MB minors=12 majors=6 promoted_words=512 gc_time=0.00s max_pause=0.25ms
gate-after matrix_multiplication: golden=OK wall_med=0.610s (n=5 min=0.610 max=0.610) rss=36MB pauses=4 fulls=1 max_pause=6.6ms | [mmtk] GCs: 4 (full: 1), GC time: 7 ms, objects copied: 101
gate-v5 matrix_multiplication: golden=OK wall_med=0.610s (n=5 min=0.610 max=0.620) rss=35MB pauses=3 fulls=1 max_pause=5.5ms | [mmtk] GCs: 3 (full: 1), GC time: 6 ms, objects copied: 101
vanilla binarytrees: golden=OK wall_med=2.010s (n=5 min=1.980 max=2.020) rss=93MB minors=1778 majors=61 promoted_words=137235194 gc_time=1.05s max_pause=3.30ms
gate-after binarytrees: golden=OK wall_med=2.190s (n=5 min=2.160 max=2.230) rss=149MB pauses=259 fulls=15 max_pause=47.0ms | [mmtk] GCs: 259 (full: 15), GC time: 1385 ms, objects copied: 18047386
gate-v5 binarytrees: golden=OK wall_med=2.180s (n=5 min=2.150 max=2.190) rss=149MB pauses=259 fulls=15 max_pause=75.0ms | [mmtk] GCs: 259 (full: 15), GC time: 1401 ms, objects copied: 18047386
vanilla kb: golden=OK wall_med=0.800s (n=5 min=0.800 max=0.800) rss=9MB minors=943 majors=127 promoted_words=12518368 gc_time=0.10s max_pause=0.28ms
gate-after kb: golden=OK wall_med=0.950s (n=5 min=0.940 max=0.960) rss=25MB pauses=246 fulls=12 max_pause=2.3ms | [mmtk] GCs: 246 (full: 12), GC time: 166 ms, objects copied: 3786819
gate-v5 kb: golden=OK wall_med=0.950s (n=5 min=0.950 max=0.960) rss=25MB pauses=246 fulls=12 max_pause=3.9ms | [mmtk] GCs: 246 (full: 12), GC time: 174 ms, objects copied: 3786819
vanilla weak_memo: golden=OK wall_med=0.610s (n=5 min=0.610 max=0.630) rss=7MB minors=607 majors=220 promoted_words=19857691 gc_time=0.20s max_pause=0.87ms
gate-after weak_memo: golden=OK wall_med=0.680s (n=5 min=0.680 max=0.690) rss=28MB pauses=138 fulls=5 max_pause=5.0ms | [mmtk] GCs: 138 (full: 5), GC time: 232 ms, objects copied: 2179210
gate-v5 weak_memo: golden=OK wall_med=0.680s (n=5 min=0.680 max=0.690) rss=28MB pauses=138 fulls=5 max_pause=4.8ms | [mmtk] GCs: 138 (full: 5), GC time: 168 ms, objects copied: 2179135
vanilla mature_mutation: golden=OK wall_med=0.380s (n=5 min=0.380 max=0.410) rss=19MB minors=255 majors=43 promoted_words=23257165 gc_time=0.30s max_pause=1.42ms
gate-after mature_mutation: golden=OK wall_med=1.060s (n=5 min=1.050 max=1.120) rss=71MB pauses=61 fulls=17 max_pause=37.0ms | [mmtk] GCs: 61 (full: 17), GC time: 1031 ms, objects copied: 8012608
gate-v5 mature_mutation: golden=OK wall_med=1.050s (n=5 min=1.040 max=1.100) rss=71MB pauses=61 fulls=17 max_pause=43.0ms | [mmtk] GCs: 61 (full: 17), GC time: 1457 ms, objects copied: 8012608
vanilla fragmed: golden=OK wall_med=0.050s (n=5 min=0.040 max=0.060) rss=29MB minors=172 majors=86 promoted_words=163 gc_time=0.04s max_pause=0.51ms
gate-after fragmed: golden=OK wall_med=0.130s (n=5 min=0.120 max=0.140) rss=248MB pauses=24 fulls=6 max_pause=12.2ms | [mmtk] GCs: 24 (full: 6), GC time: 39 ms, objects copied: 37
gate-v5 fragmed: golden=OK wall_med=0.150s (n=5 min=0.140 max=0.160) rss=243MB pauses=28 fulls=7 max_pause=24.9ms | [mmtk] GCs: 28 (full: 7), GC time: 96 ms, objects copied: 37
